Archive member included to satisfy reference by file (symbol)

C:/ST/STM32CubeIDE_1.14.0/STM32CubeIDE/plugins/com.st.stm32cube.ide.mcu.externaltools.gnu-tools-for-stm32.11.3.rel1.win32_1.1.100.202309141235/tools/bin/../lib/gcc/arm-none-eabi/11.3.1/../../../../arm-none-eabi/lib/thumb/v8-m.main+fp/hard\libc_nano.a(libc_a-exit.o)
                              C:/ST/STM32CubeIDE_1.14.0/STM32CubeIDE/plugins/com.st.stm32cube.ide.mcu.externaltools.gnu-tools-for-stm32.11.3.rel1.win32_1.1.100.202309141235/tools/bin/../lib/gcc/arm-none-eabi/11.3.1/../../../../arm-none-eabi/lib/thumb/v8-m.main+fp/hard/crt0.o (exit)
C:/ST/STM32CubeIDE_1.14.0/STM32CubeIDE/plugins/com.st.stm32cube.ide.mcu.externaltools.gnu-tools-for-stm32.11.3.rel1.win32_1.1.100.202309141235/tools/bin/../lib/gcc/arm-none-eabi/11.3.1/../../../../arm-none-eabi/lib/thumb/v8-m.main+fp/hard\libc_nano.a(libc_a-findfp.o)
                              C:/ST/STM32CubeIDE_1.14.0/STM32CubeIDE/plugins/com.st.stm32cube.ide.mcu.externaltools.gnu-tools-for-stm32.11.3.rel1.win32_1.1.100.202309141235/tools/bin/../lib/gcc/arm-none-eabi/11.3.1/../../../../arm-none-eabi/lib/thumb/v8-m.main+fp/hard\libc_nano.a(libc_a-exit.o) (__stdio_exit_handler)
C:/ST/STM32CubeIDE_1.14.0/STM32CubeIDE/plugins/com.st.stm32cube.ide.mcu.externaltools.gnu-tools-for-stm32.11.3.rel1.win32_1.1.100.202309141235/tools/bin/../lib/gcc/arm-none-eabi/11.3.1/../../../../arm-none-eabi/lib/thumb/v8-m.main+fp/hard\libc_nano.a(libc_a-fwalk.o)
                              C:/ST/STM32CubeIDE_1.14.0/STM32CubeIDE/plugins/com.st.stm32cube.ide.mcu.externaltools.gnu-tools-for-stm32.11.3.rel1.win32_1.1.100.202309141235/tools/bin/../lib/gcc/arm-none-eabi/11.3.1/../../../../arm-none-eabi/lib/thumb/v8-m.main+fp/hard\libc_nano.a(libc_a-findfp.o) (_fwalk_sglue)
C:/ST/STM32CubeIDE_1.14.0/STM32CubeIDE/plugins/com.st.stm32cube.ide.mcu.externaltools.gnu-tools-for-stm32.11.3.rel1.win32_1.1.100.202309141235/tools/bin/../lib/gcc/arm-none-eabi/11.3.1/../../../../arm-none-eabi/lib/thumb/v8-m.main+fp/hard\libc_nano.a(libc_a-snprintf.o)
                              ./Core/Src/fm_debug.o (snprintf)
C:/ST/STM32CubeIDE_1.14.0/STM32CubeIDE/plugins/com.st.stm32cube.ide.mcu.externaltools.gnu-tools-for-stm32.11.3.rel1.win32_1.1.100.202309141235/tools/bin/../lib/gcc/arm-none-eabi/11.3.1/../../../../arm-none-eabi/lib/thumb/v8-m.main+fp/hard\libc_nano.a(libc_a-stdio.o)
                              C:/ST/STM32CubeIDE_1.14.0/STM32CubeIDE/plugins/com.st.stm32cube.ide.mcu.externaltools.gnu-tools-for-stm32.11.3.rel1.win32_1.1.100.202309141235/tools/bin/../lib/gcc/arm-none-eabi/11.3.1/../../../../arm-none-eabi/lib/thumb/v8-m.main+fp/hard\libc_nano.a(libc_a-findfp.o) (__sread)
C:/ST/STM32CubeIDE_1.14.0/STM32CubeIDE/plugins/com.st.stm32cube.ide.mcu.externaltools.gnu-tools-for-stm32.11.3.rel1.win32_1.1.100.202309141235/tools/bin/../lib/gcc/arm-none-eabi/11.3.1/../../../../arm-none-eabi/lib/thumb/v8-m.main+fp/hard\libc_nano.a(libc_a-memset.o)
                              C:/ST/STM32CubeIDE_1.14.0/STM32CubeIDE/plugins/com.st.stm32cube.ide.mcu.externaltools.gnu-tools-for-stm32.11.3.rel1.win32_1.1.100.202309141235/tools/bin/../lib/gcc/arm-none-eabi/11.3.1/../../../../arm-none-eabi/lib/thumb/v8-m.main+fp/hard/crt0.o (memset)
C:/ST/STM32CubeIDE_1.14.0/STM32CubeIDE/plugins/com.st.stm32cube.ide.mcu.externaltools.gnu-tools-for-stm32.11.3.rel1.win32_1.1.100.202309141235/tools/bin/../lib/gcc/arm-none-eabi/11.3.1/../../../../arm-none-eabi/lib/thumb/v8-m.main+fp/hard\libc_nano.a(libc_a-closer.o)
                              C:/ST/STM32CubeIDE_1.14.0/STM32CubeIDE/plugins/com.st.stm32cube.ide.mcu.externaltools.gnu-tools-for-stm32.11.3.rel1.win32_1.1.100.202309141235/tools/bin/../lib/gcc/arm-none-eabi/11.3.1/../../../../arm-none-eabi/lib/thumb/v8-m.main+fp/hard\libc_nano.a(libc_a-stdio.o) (_close_r)
C:/ST/STM32CubeIDE_1.14.0/STM32CubeIDE/plugins/com.st.stm32cube.ide.mcu.externaltools.gnu-tools-for-stm32.11.3.rel1.win32_1.1.100.202309141235/tools/bin/../lib/gcc/arm-none-eabi/11.3.1/../../../../arm-none-eabi/lib/thumb/v8-m.main+fp/hard\libc_nano.a(libc_a-reent.o)
                              C:/ST/STM32CubeIDE_1.14.0/STM32CubeIDE/plugins/com.st.stm32cube.ide.mcu.externaltools.gnu-tools-for-stm32.11.3.rel1.win32_1.1.100.202309141235/tools/bin/../lib/gcc/arm-none-eabi/11.3.1/../../../../arm-none-eabi/lib/thumb/v8-m.main+fp/hard\libc_nano.a(libc_a-closer.o) (errno)
C:/ST/STM32CubeIDE_1.14.0/STM32CubeIDE/plugins/com.st.stm32cube.ide.mcu.externaltools.gnu-tools-for-stm32.11.3.rel1.win32_1.1.100.202309141235/tools/bin/../lib/gcc/arm-none-eabi/11.3.1/../../../../arm-none-eabi/lib/thumb/v8-m.main+fp/hard\libc_nano.a(libc_a-impure.o)
                              C:/ST/STM32CubeIDE_1.14.0/STM32CubeIDE/plugins/com.st.stm32cube.ide.mcu.externaltools.gnu-tools-for-stm32.11.3.rel1.win32_1.1.100.202309141235/tools/bin/../lib/gcc/arm-none-eabi/11.3.1/../../../../arm-none-eabi/lib/thumb/v8-m.main+fp/hard\libc_nano.a(libc_a-snprintf.o) (_impure_ptr)
[...]
Memory Configuration

Name             Origin             Length             Attributes
RAM              0x0000000020000000 0x00000000000c0000 xrw
SRAM4            0x0000000028000000 0x0000000000004000 xrw
FLASH            0x0000000008000000 0x0000000000200000 xr
*default*        0x0000000000000000 0xffffffffffffffff

Linker script and memory map

LOAD C:/ST/STM32CubeIDE_1.14.0/STM32CubeIDE/plugins/com.st.stm32cube.ide.mcu.externaltools.gnu-tools-for-stm32.11.3.rel1.win32_1.1.100.202309141235/tools/bin/../lib/gcc/arm-none-eabi/11.3.1/thumb/v8-m.main+fp/hard/crti.o
LOAD C:/ST/STM32CubeIDE_1.14.0/STM32CubeIDE/plugins/com.st.stm32cube.ide.mcu.externaltools.gnu-tools-for-stm32.11.3.rel1.win32_1.1.100.202309141235/tools/bin/../lib/gcc/arm-none-eabi/11.3.1/thumb/v8-m.main+fp/hard/crtbegin.o
LOAD C:/ST/STM32CubeIDE_1.14.0/STM32CubeIDE/plugins/com.st.stm32cube.ide.mcu.externaltools.gnu-tools-for-stm32.11.3.rel1.win32_1.1.100.202309141235/tools/bin/../lib/gcc/arm-none-eabi/11.3.1/../../../../arm-none-eabi/lib/thumb/v8-m.main+fp/hard/crt0.o
LOAD ./Core/Src/fm_debug.o
LOAD ./Core/Src/main.o
LOAD ./Core/Src/stm32u5xx_hal_msp.o
LOAD ./Core/Src/stm32u5xx_it.o
LOAD ./Core/Src/syscalls.o
LOAD ./Core/Src/sysmem.o
LOAD ./Core/Src/system_stm32u5xx.o
LOAD ./Core/Startup/startup_stm32u575vitxq.o
LOAD ./Drivers/STM32U5xx_HAL_Driver/Src/stm32u5xx_hal.o
LOAD ./Drivers/STM32U5xx_HAL_Driver/Src/stm32u5xx_hal_adc.o
LOAD ./Drivers/STM32U5xx_HAL_Driver/Src/stm32u5xx_hal_adc_ex.o
LOAD ./Drivers/STM32U5xx_HAL_Driver/Src/stm32u5xx_hal_cortex.o
LOAD ./Drivers/STM32U5xx_HAL_Driver/Src/stm32u5xx_hal_dma.o
LOAD ./Drivers/STM32U5xx_HAL_Driver/Src/stm32u5xx_hal_dma_ex.o
LOAD ./Drivers/STM32U5xx_HAL_Driver/Src/stm32u5xx_hal_exti.o
LOAD ./Drivers/STM32U5xx_HAL_Driver/Src/stm32u5xx_hal_flash.o
LOAD ./Drivers/STM32U5xx_HAL_Driver/Src/stm32u5xx_hal_flash_ex.o
LOAD ./Drivers/STM32U5xx_HAL_Driver/Src/stm32u5xx_hal_gpio.o
LOAD ./Drivers/STM32U5xx_HAL_Driver/Src/stm32u5xx_hal_gtzc.o
LOAD ./Drivers/STM32U5xx_HAL_Driver/Src/stm32u5xx_hal_i2c.o
LOAD ./Drivers/STM32U5xx_HAL_Driver/Src/stm32u5xx_hal_i2c_ex.o
LOAD ./Drivers/STM32U5xx_HAL_Driver/Src/stm32u5xx_hal_icache.o
LOAD ./Drivers/STM32U5xx_HAL_Driver/Src/stm32u5xx_hal_lptim.o
LOAD ./Drivers/STM32U5xx_HAL_Driver/Src/stm32u5xx_hal_pwr.o
LOAD ./Drivers/STM32U5xx_HAL_Driver/Src/stm32u5xx_hal_pwr_ex.o
LOAD ./Drivers/STM32U5xx_HAL_Driver/Src/stm32u5xx_hal_rcc.o
LOAD ./Drivers/STM32U5xx_HAL_Driver/Src/stm32u5xx_hal_rcc_ex.o
LOAD ./Drivers/STM32U5xx_HAL_Driver/Src/stm32u5xx_hal_rtc.o
LOAD ./Drivers/STM32U5xx_HAL_Driver/Src/stm32u5xx_hal_rtc_ex.o
LOAD ./Drivers/STM32U5xx_HAL_Driver/Src/stm32u5xx_hal_spi.o
LOAD ./Drivers/STM32U5xx_HAL_Driver/Src/stm32u5xx_hal_spi_ex.o
LOAD ./Drivers/STM32U5xx_HAL_Driver/Src/stm32u5xx_hal_tim.o
LOAD ./Drivers/STM32U5xx_HAL_Driver/Src/stm32u5xx_hal_tim_ex.o
LOAD ./Drivers/STM32U5xx_HAL_Driver/Src/stm32u5xx_hal_uart.o
LOAD ./Drivers/STM32U5xx_HAL_Driver/Src/stm32u5xx_hal_uart_ex.o
START GROUP
LOAD C:/ST/STM32CubeIDE_1.14.0/STM32CubeIDE/plugins/com.st.stm32cube.ide.mcu.externaltools.gnu-tools-for-stm32.11.3.rel1.win32_1.1.100.202309141235/tools/bin/../lib/gcc/arm-none-eabi/11.3.1/../../../../arm-none-eabi/lib/thumb/v8-m.main+fp/hard\libc_nano.a
LOAD C:/ST/STM32CubeIDE_1.14.0/STM32CubeIDE/plugins/com.st.stm32cube.ide.mcu.externaltools.gnu-tools-for-stm32.11.3.rel1.win32_1.1.100.202309141235/tools/bin/../lib/gcc/arm-none-eabi/11.3.1/../../../../arm-none-eabi/lib/thumb/v8-m.main+fp/hard\libm.a
END GROUP
START GROUP
LOAD C:/ST/STM32CubeIDE_1.14.0/STM32CubeIDE/plugins/com.st.stm32cube.ide.mcu.externaltools.gnu-tools-for-stm32.11.3.rel1.win32_1.1.100.202309141235/tools/bin/../lib/gcc/arm-none-eabi/11.3.1/thumb/v8-m.main+fp/hard\libgcc.a
LOAD C:/ST/STM32CubeIDE_1.14.0/STM32CubeIDE/plugins/com.st.stm32cube.ide.mcu.externaltools.gnu-tools-for-stm32.11.3.rel1.win32_1.1.100.202309141235/tools/bin/../lib/gcc/arm-none-eabi/11.3.1/../../../../arm-none-eabi/lib/thumb/v8-m.main+fp/hard\libc_nano.a
END GROUP
START GROUP
LOAD C:/ST/STM32CubeIDE_1.14.0/STM32CubeIDE/plugins/com.st.stm32cube.ide.mcu.externaltools.gnu-tools-for-stm32.11.3.rel1.win32_1.1.100.202309141235/tools/bin/../lib/gcc/arm-none-eabi/11.3.1/thumb/v8-m.main+fp/hard\libgcc.a
LOAD C:/ST/STM32CubeIDE_1.14.0/STM32CubeIDE/plugins/com.st.stm32cube.ide.mcu.externaltools.gnu-tools-for-stm32.11.3.rel1.win32_1.1.100.202309141235/tools/bin/../lib/gcc/arm-none-eabi/11.3.1/../../../../arm-none-eabi/lib/thumb/v8-m.main+fp/hard\libc_nano.a
LOAD C:/ST/STM32CubeIDE_1.14.0/STM32CubeIDE/plugins/com.st.stm32cube.ide.mcu.externaltools.gnu-tools-for-stm32.11.3.rel1.win32_1.1.100.202309141235/tools/bin/../lib/gcc/arm-none-eabi/11.3.1/../../../../arm-none-eabi/lib/thumb/v8-m.main+fp/hard\libnosys.a
END GROUP
START GROUP
LOAD C:/ST/STM32CubeIDE_1.14.0/STM32CubeIDE/plugins/com.st.stm32cube.ide.mcu.externaltools.gnu-tools-for-stm32.11.3.rel1.win32_1.1.100.202309141235/tools/bin/../lib/gcc/arm-none-eabi/11.3.1/thumb/v8-m.main+fp/hard\libgcc.a
LOAD C:/ST/STM32CubeIDE_1.14.0/STM32CubeIDE/plugins/com.st.stm32cube.ide.mcu.externaltools.gnu-tools-for-stm32.11.3.rel1.win32_1.1.100.202309141235/tools/bin/../lib/gcc/arm-none-eabi/11.3.1/../../../../arm-none-eabi/lib/thumb/v8-m.main+fp/hard\libc_nano.a
LOAD C:/ST/STM32CubeIDE_1.14.0/STM32CubeIDE/plugins/com.st.stm32cube.ide.mcu.externaltools.gnu-tools-for-stm32.11.3.rel1.win32_1.1.100.202309141235/tools/bin/../lib/gcc/arm-none-eabi/11.3.1/../../../../arm-none-eabi/lib/thumb/v8-m.main+fp/hard\libnosys.a
END GROUP
LOAD C:/ST/STM32CubeIDE_1.14.0/STM32CubeIDE/plugins/com.st.stm32cube.ide.mcu.externaltools.gnu-tools-for-stm32.11.3.rel1.win32_1.1.100.202309141235/tools/bin/../lib/gcc/arm-none-eabi/11.3.1/thumb/v8-m.main+fp/hard/crtend.o
LOAD C:/ST/STM32CubeIDE_1.14.0/STM32CubeIDE/plugins/com.st.stm32cube.ide.mcu.externaltools.gnu-tools-for-stm32.11.3.rel1.win32_1.1.100.202309141235/tools/bin/../lib/gcc/arm-none-eabi/11.3.1/thumb/v8-m.main+fp/hard/crtn.o
                0x00000000200c0000                _estack = (ORIGIN (RAM) + LENGTH (RAM))
                0x0000000000000200                _Min_Heap_Size = 0x200
                0x0000000000000400                _Min_Stack_Size = 0x400

.isr_vector     0x0000000008000000      0x238
 *(.isr_vector)
 .isr_vector    0x0000000008000000      0x238 ./Core/Startup/startup_stm32u575vitxq.o
                0x0000000008000000                g_pfnVectors

.text           0x0000000008000238     0x9ab4
 *(.text)
 .text          0x0000000008000238       0x40 C:/ST/STM32CubeIDE_1.14.0/STM32CubeIDE/plugins/com.st.stm32cube.ide.mcu.externaltools.gnu-tools-for-stm32.11.3.rel1.win32_1.1.100.202309141235/tools/bin/../lib/gcc/arm-none-eabi/11.3.1/thumb/v8-m.main+fp/hard/crtbegin.o
 .text          0x0000000008000278       0x30 C:/ST/STM32CubeIDE_1.14.0/STM32CubeIDE/plugins/com.st.stm32cube.ide.mcu.externaltools.gnu-tools-for-stm32.11.3.rel1.win32_1.1.100.202309141235/tools/bin/../lib/gcc/arm-none-eabi/11.3.1/thumb/v8-m.main+fp/hard\libgcc.a(_aeabi_uldivmod.o)
                0x0000000008000278                __aeabi_uldivmod
 .text          0x00000000080002a8      0x2ec C:/ST/STM32CubeIDE_1.14.0/STM32CubeIDE/plugins/com.st.stm32cube.ide.mcu.externaltools.gnu-tools-for-stm32.11.3.rel1.win32_1.1.100.202309141235/tools/bin/../lib/gcc/arm-none-eabi/11.3.1/thumb/v8-m.main+fp/hard\libgcc.a(_udivmoddi4.o)
                0x00000000080002a8                __udivmoddi4
 .text          0x0000000008000594        0x4 C:/ST/STM32CubeIDE_1.14.0/STM32CubeIDE/plugins/com.st.stm32cube.ide.mcu.externaltools.gnu-tools-for-stm32.11.3.rel1.win32_1.1.100.202309141235/tools/bin/../lib/gcc/arm-none-eabi/11.3.1/thumb/v8-m.main+fp/hard\libgcc.a(_dvmd_tls.o)
                0x0000000008000594                __aeabi_idiv0
                0x0000000008000594                __aeabi_ldiv0
 *(.text*)
 .text.fm_debug_msg_uart
                0x0000000008000598       0x58 ./Core/Src/fm_debug.o
                0x0000000008000598                fm_debug_msg_uart
 .text.fm_debug_int32_uart
                0x00000000080005f0       0x30 ./Core/Src/fm_debug.o
                0x00000000080005f0                fm_debug_int32_uart
 .text.main     0x0000000008000620       0x8c ./Core/Src/main.o
                0x0000000008000620                main
 .text.SystemClock_Config
                0x00000000080006ac       0xc0 ./Core/Src/main.o
                0x00000000080006ac                SystemClock_Config
 .text.SystemPower_Config
                0x000000000800076c       0x1c ./Core/Src/main.o
 .text.MX_ADC1_Init
                0x0000000008000788       0xdc ./Core/Src/main.o
 .text.MX_ICACHE_Init
                0x0000000008000864       0x26 ./Core/Src/main.o
 *fill*         0x000000000800088a        0x2 
 .text.MX_LPTIM1_Init
                0x000000000800088c       0x64 ./Core/Src/main.o
 .text.MX_LPTIM3_Init
                0x00000000080008f0       0x60 ./Core/Src/main.o
 .text.MX_LPTIM4_Init
                0x0000000008000950       0x70 ./Core/Src/main.o
 .text.MX_RTC_Init
                0x00000000080009c0      0x11c ./Core/Src/main.o
 .text.MX_SPI1_Init
                0x0000000008000adc       0xe0 ./Core/Src/main.o
 .text.MX_USART1_UART_Init
                0x0000000008000bbc       0x98 ./Core/Src/main.o
 .text.MX_USART2_UART_Init
                0x0000000008000c54       0x98 ./Core/Src/main.o
 .text.MX_GPIO_Init
                0x0000000008000cec      0x190 ./Core/Src/main.o
 .text.Error_Handler
                0x0000000008000e7c        0xa ./Core/Src/main.o
                0x0000000008000e7c                Error_Handler
 *fill*         0x0000000008000e86        0x2 
 .text.HAL_MspInit
                0x0000000008000e88       0x34 ./Core/Src/stm32u5xx_hal_msp.o
                0x0000000008000e88                HAL_MspInit
 .text.HAL_ADC_MspInit
                0x0000000008000ebc       0xc8 ./Core/Src/stm32u5xx_hal_msp.o
                0x0000000008000ebc                HAL_ADC_MspInit
 .text.HAL_LPTIM_MspInit
                0x0000000008000f84      0x18c ./Core/Src/stm32u5xx_hal_msp.o
                0x0000000008000f84                HAL_LPTIM_MspInit
 .text.HAL_RTC_MspInit
                0x0000000008001110       0xa8 ./Core/Src/stm32u5xx_hal_msp.o
                0x0000000008001110                HAL_RTC_MspInit
 .text.HAL_SPI_MspInit
                0x00000000080011b8       0xd4 ./Core/Src/stm32u5xx_hal_msp.o
                0x00000000080011b8                HAL_SPI_MspInit
 .text.HAL_UART_MspInit
                0x000000000800128c      0x16c ./Core/Src/stm32u5xx_hal_msp.o
                0x000000000800128c                HAL_UART_MspInit
 .text.NMI_Handler
                0x00000000080013f8        0x6 ./Core/Src/stm32u5xx_it.o
                0x00000000080013f8                NMI_Handler
 .text.HardFault_Handler
                0x00000000080013fe        0x6 ./Core/Src/stm32u5xx_it.o
                0x00000000080013fe                HardFault_Handler
 .text.MemManage_Handler
                0x0000000008001404        0x6 ./Core/Src/stm32u5xx_it.o
                0x0000000008001404                MemManage_Handler
 .text.BusFault_Handler
                0x000000000800140a        0x6 ./Core/Src/stm32u5xx_it.o
                0x000000000800140a                BusFault_Handler
 .text.UsageFault_Handler
                0x0000000008001410        0x6 ./Core/Src/stm32u5xx_it.o
                0x0000000008001410                UsageFault_Handler
 .text.SVC_Handler
                0x0000000008001416        0xe ./Core/Src/stm32u5xx_it.o
                0x0000000008001416                SVC_Handler
 .text.DebugMon_Handler
                0x0000000008001424        0xe ./Core/Src/stm32u5xx_it.o
                0x0000000008001424                DebugMon_Handler
 .text.PendSV_Handler
                0x0000000008001432        0xe ./Core/Src/stm32u5xx_it.o
                0x0000000008001432                PendSV_Handler
 .text.SysTick_Handler
                0x0000000008001440        0xc ./Core/Src/stm32u5xx_it.o
                0x0000000008001440                SysTick_Handler
 .text.RTC_IRQHandler
                0x000000000800144c       0x14 ./Core/Src/stm32u5xx_it.o
                0x000000000800144c                RTC_IRQHandler
 .text.EXTI10_IRQHandler
                0x0000000008001460       0x10 ./Core/Src/stm32u5xx_it.o
                0x0000000008001460                EXTI10_IRQHandler
 .text.EXTI11_IRQHandler
                0x0000000008001470       0x10 ./Core/Src/stm32u5xx_it.o
                0x0000000008001470                EXTI11_IRQHandler
 .text.EXTI12_IRQHandler
                0x0000000008001480       0x10 ./Core/Src/stm32u5xx_it.o
                0x0000000008001480                EXTI12_IRQHandler
 .text.EXTI13_IRQHandler
                0x0000000008001490       0x10 ./Core/Src/stm32u5xx_it.o
                0x0000000008001490                EXTI13_IRQHandler
 .text.LPTIM1_IRQHandler
                0x00000000080014a0       0x14 ./Core/Src/stm32u5xx_it.o
                0x00000000080014a0                LPTIM1_IRQHandler
 .text._sbrk    0x00000000080014b4       0x6c ./Core/Src/sysmem.o
                0x00000000080014b4                _sbrk
 .text.SystemInit
                0x0000000008001520       0x70 ./Core/Src/system_stm32u5xx.o
                0x0000000008001520                SystemInit
 .text.Reset_Handler
                0x0000000008001590       0x50 ./Core/Startup/startup_stm32u575vitxq.o
                0x0000000008001590                Reset_Handler
 .text.Default_Handler
                0x00000000080015e0        0x2 ./Core/Startup/startup_stm32u575vitxq.o
                0x00000000080015e0                EXTI2_IRQHandler
                0x00000000080015e0                TIM8_TRG_COM_IRQHandler
                0x00000000080015e0                TIM8_CC_IRQHandler
                0x00000000080015e0                EXTI5_IRQHandler
                0x00000000080015e0                FLASH_S_IRQHandler
                0x00000000080015e0                TIM1_CC_IRQHandler
                0x00000000080015e0                TSC_IRQHandler
                0x00000000080015e0                TAMP_IRQHandler
                0x00000000080015e0                TIM6_IRQHandler
                0x00000000080015e0                CORDIC_IRQHandler
                0x00000000080015e0                EXTI3_IRQHandler
                0x00000000080015e0                LPTIM4_IRQHandler
                0x00000000080015e0                GPDMA1_Channel5_IRQHandler
                0x00000000080015e0                EXTI8_IRQHandler
                0x00000000080015e0                LPTIM2_IRQHandler
                0x00000000080015e0                I2C3_ER_IRQHandler
                0x00000000080015e0                PWR_S3WU_IRQHandler
                0x00000000080015e0                MDF1_FLT2_IRQHandler
                0x00000000080015e0                LPDMA1_Channel3_IRQHandler
                0x00000000080015e0                LPTIM3_IRQHandler
                0x00000000080015e0                EXTI0_IRQHandler
                0x00000000080015e0                I2C2_EV_IRQHandler
                0x00000000080015e0                FPU_IRQHandler
                0x00000000080015e0                GPDMA1_Channel3_IRQHandler
                0x00000000080015e0                GPDMA1_Channel7_IRQHandler
                0x00000000080015e0                MDF1_FLT4_IRQHandler
                0x00000000080015e0                FDCAN1_IT1_IRQHandler
                0x00000000080015e0                RAMCFG_IRQHandler
                0x00000000080015e0                GPDMA1_Channel9_IRQHandler
                0x00000000080015e0                DCACHE1_IRQHandler
                0x00000000080015e0                SPI1_IRQHandler
                0x00000000080015e0                OCTOSPI1_IRQHandler
                0x00000000080015e0                GPDMA1_Channel2_IRQHandler
                0x00000000080015e0                TIM8_UP_IRQHandler
                0x00000000080015e0                RCC_S_IRQHandler
                0x00000000080015e0                OCTOSPI2_IRQHandler
                0x00000000080015e0                SAI2_IRQHandler
                0x00000000080015e0                MDF1_FLT1_IRQHandler
                0x00000000080015e0                ADC1_IRQHandler
                0x00000000080015e0                MDF1_FLT5_IRQHandler
                0x00000000080015e0                EXTI15_IRQHandler
                0x00000000080015e0                TIM17_IRQHandler
                0x00000000080015e0                USART3_IRQHandler
                0x00000000080015e0                EXTI9_IRQHandler
                0x00000000080015e0                UART5_IRQHandler
                0x00000000080015e0                TIM4_IRQHandler
                0x00000000080015e0                I2C1_EV_IRQHandler
                0x00000000080015e0                GPDMA1_Channel12_IRQHandler
                0x00000000080015e0                GPDMA1_Channel1_IRQHandler
                0x00000000080015e0                TIM16_IRQHandler
                0x00000000080015e0                GPDMA1_Channel15_IRQHandler
                0x00000000080015e0                UART4_IRQHandler
                0x00000000080015e0                SecureFault_Handler
                0x00000000080015e0                TIM3_IRQHandler
                0x00000000080015e0                RCC_IRQHandler
                0x00000000080015e0                TIM1_TRG_COM_IRQHandler
                0x00000000080015e0                Default_Handler
                0x00000000080015e0                GPDMA1_Channel8_IRQHandler
                0x00000000080015e0                FMAC_IRQHandler
                0x00000000080015e0                GPDMA1_Channel11_IRQHandler
                0x00000000080015e0                TIM7_IRQHandler
                0x00000000080015e0                SDMMC1_IRQHandler
                0x00000000080015e0                TIM5_IRQHandler
                0x00000000080015e0                UCPD1_IRQHandler
                0x00000000080015e0                GPDMA1_Channel0_IRQHandler
                0x00000000080015e0                TIM15_IRQHandler
                0x00000000080015e0                I2C3_EV_IRQHandler
                0x00000000080015e0                LPDMA1_Channel0_IRQHandler
                0x00000000080015e0                PVD_PVM_IRQHandler
                0x00000000080015e0                SPI2_IRQHandler
                0x00000000080015e0                LPDMA1_Channel1_IRQHandler
                0x00000000080015e0                EXTI14_IRQHandler
                0x00000000080015e0                CRS_IRQHandler
                0x00000000080015e0                GPDMA1_Channel14_IRQHandler
                0x00000000080015e0                LSECSSD_IRQHandler
                0x00000000080015e0                EXTI4_IRQHandler
                0x00000000080015e0                RTC_S_IRQHandler
                0x00000000080015e0                GPDMA1_Channel13_IRQHandler
                0x00000000080015e0                RNG_IRQHandler
                0x00000000080015e0                COMP_IRQHandler
                0x00000000080015e0                TIM1_UP_IRQHandler
                0x00000000080015e0                ADC4_IRQHandler
                0x00000000080015e0                WWDG_IRQHandler
                0x00000000080015e0                I2C4_EV_IRQHandler
                0x00000000080015e0                ADF1_IRQHandler
                0x00000000080015e0                IWDG_IRQHandler
                0x00000000080015e0                LPUART1_IRQHandler
                0x00000000080015e0                MDF1_FLT0_IRQHandler
                0x00000000080015e0                FDCAN1_IT0_IRQHandler
                0x00000000080015e0                TIM2_IRQHandler
                0x00000000080015e0                GPDMA1_Channel4_IRQHandler
                0x00000000080015e0                EXTI7_IRQHandler
                0x00000000080015e0                DMA2D_IRQHandler
                0x00000000080015e0                TIM1_BRK_IRQHandler
                0x00000000080015e0                EXTI1_IRQHandler
                0x00000000080015e0                SDMMC2_IRQHandler
                0x00000000080015e0                DAC1_IRQHandler
                0x00000000080015e0                GTZC_IRQHandler
                0x00000000080015e0                MDF1_FLT3_IRQHandler
                0x00000000080015e0                USART2_IRQHandler
                0x00000000080015e0                GPDMA1_Channel6_IRQHandler
                0x00000000080015e0                I2C2_ER_IRQHandler
                0x00000000080015e0                TIM8_BRK_IRQHandler
                0x00000000080015e0                FLASH_IRQHandler
                0x00000000080015e0                USART1_IRQHandler
                0x00000000080015e0                OTG_FS_IRQHandler
                0x00000000080015e0                SPI3_IRQHandler
                0x00000000080015e0                LPDMA1_Channel2_IRQHandler
                0x00000000080015e0                I2C1_ER_IRQHandler
                0x00000000080015e0                FMC_IRQHandler
                0x00000000080015e0                EXTI6_IRQHandler
                0x00000000080015e0                DCMI_PSSI_IRQHandler
                0x00000000080015e0                I2C4_ER_IRQHandler
                0x00000000080015e0                GPDMA1_Channel10_IRQHandler
                0x00000000080015e0                ICACHE_IRQHandler
                0x00000000080015e0                SAI1_IRQHandler
                0x00000000080015e0                HASH_IRQHandler
 *fill*         0x00000000080015e2        0x2 
 .text.HAL_Init
                0x00000000080015e4       0x5c ./Drivers/STM32U5xx_HAL_Driver/Src/stm32u5xx_hal.o
                0x00000000080015e4                HAL_Init
 .text.HAL_InitTick
                0x0000000008001640       0x6c ./Drivers/STM32U5xx_HAL_Driver/Src/stm32u5xx_hal.o
                0x0000000008001640                HAL_InitTick
 .text.HAL_IncTick
                0x00000000080016ac       0x28 ./Drivers/STM32U5xx_HAL_Driver/Src/stm32u5xx_hal.o
                0x00000000080016ac                HAL_IncTick
 .text.HAL_GetTick
                0x00000000080016d4       0x18 ./Drivers/STM32U5xx_HAL_Driver/Src/stm32u5xx_hal.o
                0x00000000080016d4                HAL_GetTick
 .text.HAL_Delay
                0x00000000080016ec       0x48 ./Drivers/STM32U5xx_HAL_Driver/Src/stm32u5xx_hal.o
                0x00000000080016ec                HAL_Delay
 .text.HAL_GetREVID
                0x0000000008001734       0x1c ./Drivers/STM32U5xx_HAL_Driver/Src/stm32u5xx_hal.o
                0x0000000008001734                HAL_GetREVID
 .text.LL_ADC_SetCommonClock
                0x0000000008001750       0x26 ./Drivers/STM32U5xx_HAL_Driver/Src/stm32u5xx_hal_adc.o
 .text.LL_ADC_SetCommonPathInternalCh
                0x0000000008001776       0x26 ./Drivers/STM32U5xx_HAL_Driver/Src/stm32u5xx_hal_adc.o
 .text.LL_ADC_GetCommonPathInternalCh
                0x000000000800179c       0x1c ./Drivers/STM32U5xx_HAL_Driver/Src/stm32u5xx_hal_adc.o
 .text.LL_ADC_SetResolution
                0x00000000080017b8       0x40 ./Drivers/STM32U5xx_HAL_Driver/Src/stm32u5xx_hal_adc.o
 .text.LL_ADC_SetOffset
                0x00000000080017f8       0x42 ./Drivers/STM32U5xx_HAL_Driver/Src/stm32u5xx_hal_adc.o
 .text.LL_ADC_GetOffsetChannel
                0x000000000800183a       0x2c ./Drivers/STM32U5xx_HAL_Driver/Src/stm32u5xx_hal_adc.o
 .text.LL_ADC_SetOffsetSign
                0x0000000008001866       0x36 ./Drivers/STM32U5xx_HAL_Driver/Src/stm32u5xx_hal_adc.o
 .text.LL_ADC_SetOffsetSignedSaturation
                0x000000000800189c       0x36 ./Drivers/STM32U5xx_HAL_Driver/Src/stm32u5xx_hal_adc.o
 .text.LL_ADC_SetOffsetUnsignedSaturation
                0x00000000080018d2       0x36 ./Drivers/STM32U5xx_HAL_Driver/Src/stm32u5xx_hal_adc.o
 .text.LL_ADC_SetGainCompensation
                0x0000000008001908       0x46 ./Drivers/STM32U5xx_HAL_Driver/Src/stm32u5xx_hal_adc.o
 .text.LL_ADC_SetSamplingTimeCommonChannels
                0x000000000800194e       0x3e ./Drivers/STM32U5xx_HAL_Driver/Src/stm32u5xx_hal_adc.o
 .text.LL_ADC_REG_SetSequencerRanks
                0x000000000800198c       0xc0 ./Drivers/STM32U5xx_HAL_Driver/Src/stm32u5xx_hal_adc.o
 .text.LL_ADC_REG_SetSequencerChAdd
                0x0000000008001a4c       0x66 ./Drivers/STM32U5xx_HAL_Driver/Src/stm32u5xx_hal_adc.o
 .text.LL_ADC_REG_SetSequencerChRem
                0x0000000008001ab2       0x30 ./Drivers/STM32U5xx_HAL_Driver/Src/stm32u5xx_hal_adc.o
 *fill*         0x0000000008001ae2        0x2 
 .text.LL_ADC_SetChannelSamplingTime
                0x0000000008001ae4       0xc8 ./Drivers/STM32U5xx_HAL_Driver/Src/stm32u5xx_hal_adc.o
 .text.LL_ADC_SetChannelSingleDiff
                0x0000000008001bac       0x48 ./Drivers/STM32U5xx_HAL_Driver/Src/stm32u5xx_hal_adc.o
 .text.LL_ADC_DisableDeepPowerDown
                0x0000000008001bf4       0x24 ./Drivers/STM32U5xx_HAL_Driver/Src/stm32u5xx_hal_adc.o
 .text.LL_ADC_IsDeepPowerDownEnabled
                0x0000000008001c18       0x28 ./Drivers/STM32U5xx_HAL_Driver/Src/stm32u5xx_hal_adc.o
 .text.LL_ADC_EnableInternalRegulator
                0x0000000008001c40       0x28 ./Drivers/STM32U5xx_HAL_Driver/Src/stm32u5xx_hal_adc.o
 .text.LL_ADC_IsInternalRegulatorEnabled
                0x0000000008001c68       0x28 ./Drivers/STM32U5xx_HAL_Driver/Src/stm32u5xx_hal_adc.o
 .text.LL_ADC_IsEnabled
                0x0000000008001c90       0x26 ./Drivers/STM32U5xx_HAL_Driver/Src/stm32u5xx_hal_adc.o
 .text.LL_ADC_REG_IsConversionOngoing
                0x0000000008001cb6       0x26 ./Drivers/STM32U5xx_HAL_Driver/Src/stm32u5xx_hal_adc.o
 .text.LL_ADC_INJ_IsConversionOngoing
                0x0000000008001cdc       0x26 ./Drivers/STM32U5xx_HAL_Driver/Src/stm32u5xx_hal_adc.o
 *fill*         0x0000000008001d02        0x2 
 .text.HAL_ADC_Init
                0x0000000008001d04      0x594 ./Drivers/STM32U5xx_HAL_Driver/Src/stm32u5xx_hal_adc.o
                0x0000000008001d04                HAL_ADC_Init
 .text.HAL_ADC_ConfigChannel
                0x0000000008002298      0xdb0 ./Drivers/STM32U5xx_HAL_Driver/Src/stm32u5xx_hal_adc.o
                0x0000000008002298                HAL_ADC_ConfigChannel
 .text.__NVIC_SetPriorityGrouping
                0x0000000008003048       0x48 ./Drivers/STM32U5xx_HAL_Driver/Src/stm32u5xx_hal_cortex.o
 .text.__NVIC_GetPriorityGrouping
                0x0000000008003090       0x1c ./Drivers/STM32U5xx_HAL_Driver/Src/stm32u5xx_hal_cortex.o
 .text.__NVIC_EnableIRQ
                0x00000000080030ac       0x3c ./Drivers/STM32U5xx_HAL_Driver/Src/stm32u5xx_hal_cortex.o
 .text.__NVIC_SetPriority
                0x00000000080030e8       0x54 ./Drivers/STM32U5xx_HAL_Driver/Src/stm32u5xx_hal_cortex.o
 .text.NVIC_EncodePriority
                0x000000000800313c       0x66 ./Drivers/STM32U5xx_HAL_Driver/Src/stm32u5xx_hal_cortex.o
 *fill*         0x00000000080031a2        0x2 
 .text.SysTick_Config
                0x00000000080031a4       0x44 ./Drivers/STM32U5xx_HAL_Driver/Src/stm32u5xx_hal_cortex.o
 .text.HAL_NVIC_SetPriorityGrouping
                0x00000000080031e8       0x16 ./Drivers/STM32U5xx_HAL_Driver/Src/stm32u5xx_hal_cortex.o
                0x00000000080031e8                HAL_NVIC_SetPriorityGrouping
 .text.HAL_NVIC_SetPriority
                0x00000000080031fe       0x34 ./Drivers/STM32U5xx_HAL_Driver/Src/stm32u5xx_hal_cortex.o
                0x00000000080031fe                HAL_NVIC_SetPriority
 .text.HAL_NVIC_EnableIRQ
                0x0000000008003232       0x1c ./Drivers/STM32U5xx_HAL_Driver/Src/stm32u5xx_hal_cortex.o
                0x0000000008003232                HAL_NVIC_EnableIRQ
 .text.HAL_SYSTICK_Config
                0x000000000800324e       0x18 ./Drivers/STM32U5xx_HAL_Driver/Src/stm32u5xx_hal_cortex.o
                0x000000000800324e                HAL_SYSTICK_Config
 *fill*         0x0000000008003266        0x2 
 .text.HAL_GPIO_Init
                0x0000000008003268      0x3b0 ./Drivers/STM32U5xx_HAL_Driver/Src/stm32u5xx_hal_gpio.o
                0x0000000008003268                HAL_GPIO_Init
 .text.HAL_GPIO_WritePin
                0x0000000008003618       0x30 ./Drivers/STM32U5xx_HAL_Driver/Src/stm32u5xx_hal_gpio.o
                0x0000000008003618                HAL_GPIO_WritePin
 .text.HAL_GPIO_EXTI_IRQHandler
                0x0000000008003648       0x4c ./Drivers/STM32U5xx_HAL_Driver/Src/stm32u5xx_hal_gpio.o
                0x0000000008003648                HAL_GPIO_EXTI_IRQHandler
 .text.HAL_GPIO_EXTI_Rising_Callback
                0x0000000008003694       0x16 ./Drivers/STM32U5xx_HAL_Driver/Src/stm32u5xx_hal_gpio.o
                0x0000000008003694                HAL_GPIO_EXTI_Rising_Callback
 .text.HAL_GPIO_EXTI_Falling_Callback
                0x00000000080036aa       0x16 ./Drivers/STM32U5xx_HAL_Driver/Src/stm32u5xx_hal_gpio.o
                0x00000000080036aa                HAL_GPIO_EXTI_Falling_Callback
 .text.HAL_ICACHE_ConfigAssociativityMode
                0x00000000080036c0       0x40 ./Drivers/STM32U5xx_HAL_Driver/Src/stm32u5xx_hal_icache.o
                0x00000000080036c0                HAL_ICACHE_ConfigAssociativityMode
 .text.HAL_ICACHE_Enable
                0x0000000008003700       0x20 ./Drivers/STM32U5xx_HAL_Driver/Src/stm32u5xx_hal_icache.o
                0x0000000008003700                HAL_ICACHE_Enable
 .text.HAL_LPTIM_Init
                0x0000000008003720      0x200 ./Drivers/STM32U5xx_HAL_Driver/Src/stm32u5xx_hal_lptim.o
                0x0000000008003720                HAL_LPTIM_Init
 .text.HAL_LPTIM_IRQHandler
                0x0000000008003920      0x2cc ./Drivers/STM32U5xx_HAL_Driver/Src/stm32u5xx_hal_lptim.o
                0x0000000008003920                HAL_LPTIM_IRQHandler
 .text.HAL_LPTIM_CompareMatchCallback
                0x0000000008003bec       0x14 ./Drivers/STM32U5xx_HAL_Driver/Src/stm32u5xx_hal_lptim.o
                0x0000000008003bec                HAL_LPTIM_CompareMatchCallback
 .text.HAL_LPTIM_AutoReloadMatchCallback
                0x0000000008003c00       0x14 ./Drivers/STM32U5xx_HAL_Driver/Src/stm32u5xx_hal_lptim.o
                0x0000000008003c00                HAL_LPTIM_AutoReloadMatchCallback
 .text.HAL_LPTIM_TriggerCallback
                0x0000000008003c14       0x14 ./Drivers/STM32U5xx_HAL_Driver/Src/stm32u5xx_hal_lptim.o
                0x0000000008003c14                HAL_LPTIM_TriggerCallback
 .text.HAL_LPTIM_CompareWriteCallback
                0x0000000008003c28       0x14 ./Drivers/STM32U5xx_HAL_Driver/Src/stm32u5xx_hal_lptim.o
                0x0000000008003c28                HAL_LPTIM_CompareWriteCallback
 .text.HAL_LPTIM_AutoReloadWriteCallback
                0x0000000008003c3c       0x14 ./Drivers/STM32U5xx_HAL_Driver/Src/stm32u5xx_hal_lptim.o
                0x0000000008003c3c                HAL_LPTIM_AutoReloadWriteCallback
 .text.HAL_LPTIM_DirectionUpCallback
                0x0000000008003c50       0x14 ./Drivers/STM32U5xx_HAL_Driver/Src/stm32u5xx_hal_lptim.o
                0x0000000008003c50                HAL_LPTIM_DirectionUpCallback
 .text.HAL_LPTIM_DirectionDownCallback
                0x0000000008003c64       0x14 ./Drivers/STM32U5xx_HAL_Driver/Src/stm32u5xx_hal_lptim.o
                0x0000000008003c64                HAL_LPTIM_DirectionDownCallback
 .text.HAL_LPTIM_UpdateEventCallback
                0x0000000008003c78       0x14 ./Drivers/STM32U5xx_HAL_Driver/Src/stm32u5xx_hal_lptim.o
                0x0000000008003c78                HAL_LPTIM_UpdateEventCallback
 .text.HAL_LPTIM_RepCounterWriteCallback
                0x0000000008003c8c       0x14 ./Drivers/STM32U5xx_HAL_Driver/Src/stm32u5xx_hal_lptim.o
                0x0000000008003c8c                HAL_LPTIM_RepCounterWriteCallback
 .text.HAL_LPTIM_IC_CaptureCallback
                0x0000000008003ca0       0x14 ./Drivers/STM32U5xx_HAL_Driver/Src/stm32u5xx_hal_lptim.o
                0x0000000008003ca0                HAL_LPTIM_IC_CaptureCallback
 .text.HAL_LPTIM_IC_OverCaptureCallback
                0x0000000008003cb4       0x14 ./Drivers/STM32U5xx_HAL_Driver/Src/stm32u5xx_hal_lptim.o
                0x0000000008003cb4                HAL_LPTIM_IC_OverCaptureCallback
 .text.LPTIM_WaitForFlag
                0x0000000008003cc8       0x60 ./Drivers/STM32U5xx_HAL_Driver/Src/stm32u5xx_hal_lptim.o
 .text.HAL_PWREx_ControlVoltageScaling
                0x0000000008003d28       0xfc ./Drivers/STM32U5xx_HAL_Driver/Src/stm32u5xx_hal_pwr_ex.o
                0x0000000008003d28                HAL_PWREx_ControlVoltageScaling
 .text.HAL_PWREx_GetVoltageRange
                0x0000000008003e24       0x1c ./Drivers/STM32U5xx_HAL_Driver/Src/stm32u5xx_hal_pwr_ex.o
                0x0000000008003e24                HAL_PWREx_GetVoltageRange
 .text.HAL_PWREx_ConfigSupply
                0x0000000008003e40       0xa0 ./Drivers/STM32U5xx_HAL_Driver/Src/stm32u5xx_hal_pwr_ex.o
                0x0000000008003e40                HAL_PWREx_ConfigSupply
 .text.HAL_PWREx_EnableVddA
                0x0000000008003ee0       0x20 ./Drivers/STM32U5xx_HAL_Driver/Src/stm32u5xx_hal_pwr_ex.o
                0x0000000008003ee0                HAL_PWREx_EnableVddA
 .text.HAL_PWREx_DisableUCPDDeadBattery
                0x0000000008003f00       0x20 ./Drivers/STM32U5xx_HAL_Driver/Src/stm32u5xx_hal_pwr_ex.o
                0x0000000008003f00                HAL_PWREx_DisableUCPDDeadBattery
 .text.HAL_RCC_OscConfig
                0x0000000008003f20      0xdb8 ./Drivers/STM32U5xx_HAL_Driver/Src/stm32u5xx_hal_rcc.o
                0x0000000008003f20                HAL_RCC_OscConfig
 .text.HAL_RCC_ClockConfig
                0x0000000008004cd8      0x3e4 ./Drivers/STM32U5xx_HAL_Driver/Src/stm32u5xx_hal_rcc.o
                0x0000000008004cd8                HAL_RCC_ClockConfig
 .text.HAL_RCC_GetSysClockFreq
                0x00000000080050bc      0x210 ./Drivers/STM32U5xx_HAL_Driver/Src/stm32u5xx_hal_rcc.o
                0x00000000080050bc                HAL_RCC_GetSysClockFreq
 .text.HAL_RCC_GetHCLKFreq
                0x00000000080052cc       0x34 ./Drivers/STM32U5xx_HAL_Driver/Src/stm32u5xx_hal_rcc.o
                0x00000000080052cc                HAL_RCC_GetHCLKFreq
 .text.HAL_RCC_GetPCLK1Freq
                0x0000000008005300       0x28 ./Drivers/STM32U5xx_HAL_Driver/Src/stm32u5xx_hal_rcc.o
                0x0000000008005300                HAL_RCC_GetPCLK1Freq
 .text.HAL_RCC_GetPCLK2Freq
                0x0000000008005328       0x28 ./Drivers/STM32U5xx_HAL_Driver/Src/stm32u5xx_hal_rcc.o
                0x0000000008005328                HAL_RCC_GetPCLK2Freq
 .text.HAL_RCC_GetPCLK3Freq
                0x0000000008005350       0x28 ./Drivers/STM32U5xx_HAL_Driver/Src/stm32u5xx_hal_rcc.o
                0x0000000008005350                HAL_RCC_GetPCLK3Freq
 .text.RCC_SetFlashLatencyFromMSIRange
                0x0000000008005378      0x10c ./Drivers/STM32U5xx_HAL_Driver/Src/stm32u5xx_hal_rcc.o
 .text.HAL_RCCEx_PeriphCLKConfig
                0x0000000008005484      0xb80 ./Drivers/STM32U5xx_HAL_Driver/Src/stm32u5xx_hal_rcc_ex.o
                0x0000000008005484                HAL_RCCEx_PeriphCLKConfig
 .text.HAL_RCCEx_GetPLL1ClockFreq
                0x0000000008006004      0x2d0 ./Drivers/STM32U5xx_HAL_Driver/Src/stm32u5xx_hal_rcc_ex.o
                0x0000000008006004                HAL_RCCEx_GetPLL1ClockFreq
 .text.HAL_RCCEx_GetPLL2ClockFreq
                0x00000000080062d4      0x2d0 ./Drivers/STM32U5xx_HAL_Driver/Src/stm32u5xx_hal_rcc_ex.o
                0x00000000080062d4                HAL_RCCEx_GetPLL2ClockFreq
 .text.HAL_RCCEx_GetPLL3ClockFreq
                0x00000000080065a4      0x2d0 ./Drivers/STM32U5xx_HAL_Driver/Src/stm32u5xx_hal_rcc_ex.o
                0x00000000080065a4                HAL_RCCEx_GetPLL3ClockFreq
 .text.HAL_RCCEx_GetPeriphCLKFreq
                0x0000000008006874     0x13c4 ./Drivers/STM32U5xx_HAL_Driver/Src/stm32u5xx_hal_rcc_ex.o
                0x0000000008006874                HAL_RCCEx_GetPeriphCLKFreq
 .text.RCCEx_PLL2_Config
                0x0000000008007c38      0x130 ./Drivers/STM32U5xx_HAL_Driver/Src/stm32u5xx_hal_rcc_ex.o
 .text.RCCEx_PLL3_Config
                0x0000000008007d68      0x130 ./Drivers/STM32U5xx_HAL_Driver/Src/stm32u5xx_hal_rcc_ex.o
 .text.HAL_RTC_Init
                0x0000000008007e98      0x104 ./Drivers/STM32U5xx_HAL_Driver/Src/stm32u5xx_hal_rtc.o
                0x0000000008007e98                HAL_RTC_Init
 .text.HAL_RTC_SetTime
                0x0000000008007f9c      0x138 ./Drivers/STM32U5xx_HAL_Driver/Src/stm32u5xx_hal_rtc.o
                0x0000000008007f9c                HAL_RTC_SetTime
 .text.HAL_RTC_SetDate
                0x00000000080080d4      0x10c ./Drivers/STM32U5xx_HAL_Driver/Src/stm32u5xx_hal_rtc.o
                0x00000000080080d4                HAL_RTC_SetDate
 .text.HAL_RTC_WaitForSynchro
                0x00000000080081e0       0x64 ./Drivers/STM32U5xx_HAL_Driver/Src/stm32u5xx_hal_rtc.o
                0x00000000080081e0                HAL_RTC_WaitForSynchro
 .text.RTC_EnterInitMode
                0x0000000008008244       0x78 ./Drivers/STM32U5xx_HAL_Driver/Src/stm32u5xx_hal_rtc.o
                0x0000000008008244                RTC_EnterInitMode
 .text.RTC_ExitInitMode
                0x00000000080082bc       0x7c ./Drivers/STM32U5xx_HAL_Driver/Src/stm32u5xx_hal_rtc.o
                0x00000000080082bc                RTC_ExitInitMode
 .text.RTC_ByteToBcd2
                0x0000000008008338       0x40 ./Drivers/STM32U5xx_HAL_Driver/Src/stm32u5xx_hal_rtc.o
                0x0000000008008338                RTC_ByteToBcd2
 .text.HAL_RTCEx_SetWakeUpTimer_IT
                0x0000000008008378       0xf0 ./Drivers/STM32U5xx_HAL_Driver/Src/stm32u5xx_hal_rtc_ex.o
                0x0000000008008378                HAL_RTCEx_SetWakeUpTimer_IT
 .text.HAL_RTCEx_WakeUpTimerIRQHandler
                0x0000000008008468       0x34 ./Drivers/STM32U5xx_HAL_Driver/Src/stm32u5xx_hal_rtc_ex.o
                0x0000000008008468                HAL_RTCEx_WakeUpTimerIRQHandler
 .text.HAL_RTCEx_WakeUpTimerEventCallback
                0x000000000800849c       0x14 ./Drivers/STM32U5xx_HAL_Driver/Src/stm32u5xx_hal_rtc_ex.o
                0x000000000800849c                HAL_RTCEx_WakeUpTimerEventCallback
 .text.HAL_RTCEx_PrivilegeModeSet
                0x00000000080084b0       0x5c ./Drivers/STM32U5xx_HAL_Driver/Src/stm32u5xx_hal_rtc_ex.o
                0x00000000080084b0                HAL_RTCEx_PrivilegeModeSet
 .text.HAL_SPI_Init
                0x000000000800850c      0x22c ./Drivers/STM32U5xx_HAL_Driver/Src/stm32u5xx_hal_spi.o
                0x000000000800850c                HAL_SPI_Init
 .text.SPI_GetPacketSize
                0x0000000008008738       0x36 ./Drivers/STM32U5xx_HAL_Driver/Src/stm32u5xx_hal_spi.o
 .text.HAL_SPIEx_SetConfigAutonomousMode
                0x000000000800876e       0x82 ./Drivers/STM32U5xx_HAL_Driver/Src/stm32u5xx_hal_spi_ex.o
                0x000000000800876e                HAL_SPIEx_SetConfigAutonomousMode
 .text.HAL_UART_Init
                0x00000000080087f0       0xa0 ./Drivers/STM32U5xx_HAL_Driver/Src/stm32u5xx_hal_uart.o
                0x00000000080087f0                HAL_UART_Init
 .text.HAL_UART_Transmit
                0x0000000008008890      0x13c ./Drivers/STM32U5xx_HAL_Driver/Src/stm32u5xx_hal_uart.o
                0x0000000008008890                HAL_UART_Transmit
 .text.UART_SetConfig
                0x00000000080089cc      0x344 ./Drivers/STM32U5xx_HAL_Driver/Src/stm32u5xx_hal_uart.o
                0x00000000080089cc                UART_SetConfig
 .text.UART_AdvFeatureConfig
                0x0000000008008d10      0x144 ./Drivers/STM32U5xx_HAL_Driver/Src/stm32u5xx_hal_uart.o
                0x0000000008008d10                UART_AdvFeatureConfig
 .text.UART_CheckIdleState
                0x0000000008008e54      0x154 ./Drivers/STM32U5xx_HAL_Driver/Src/stm32u5xx_hal_uart.o
                0x0000000008008e54                UART_CheckIdleState
 .text.UART_WaitOnFlagUntilTimeout
                0x0000000008008fa8       0xce ./Drivers/STM32U5xx_HAL_Driver/Src/stm32u5xx_hal_uart.o
                0x0000000008008fa8                UART_WaitOnFlagUntilTimeout
 .text.UART_EndRxTransfer
                0x0000000008009076       0xcc ./Drivers/STM32U5xx_HAL_Driver/Src/stm32u5xx_hal_uart.o
 .text.HAL_UARTEx_DisableFifoMode
                0x0000000008009142       0x72 ./Drivers/STM32U5xx_HAL_Driver/Src/stm32u5xx_hal_uart_ex.o
                0x0000000008009142                HAL_UARTEx_DisableFifoMode
 .text.HAL_UARTEx_SetTxFifoThreshold
                0x00000000080091b4       0x7c ./Drivers/STM32U5xx_HAL_Driver/Src/stm32u5xx_hal_uart_ex.o
                0x00000000080091b4                HAL_UARTEx_SetTxFifoThreshold
 .text.HAL_UARTEx_SetRxFifoThreshold
                0x0000000008009230       0x7c ./Drivers/STM32U5xx_HAL_Driver/Src/stm32u5xx_hal_uart_ex.o
                0x0000000008009230                HAL_UARTEx_SetRxFifoThreshold
 .text.UARTEx_SetNbDataToProcess
                0x00000000080092ac       0x9c ./Drivers/STM32U5xx_HAL_Driver/Src/stm32u5xx_hal_uart_ex.o
 .text.snprintf
                0x0000000008009348       0x68 C:/ST/STM32CubeIDE_1.14.0/STM32CubeIDE/plugins/com.st.stm32cube.ide.mcu.externaltools.gnu-tools-for-stm32.11.3.rel1.win32_1.1.100.202309141235/tools/bin/../lib/gcc/arm-none-eabi/11.3.1/../../../../arm-none-eabi/lib/thumb/v8-m.main+fp/hard\libc_nano.a(libc_a-snprintf.o)
                0x0000000008009348                sniprintf
                0x0000000008009348                snprintf
 .text.memset   0x00000000080093b0       0x10 C:/ST/STM32CubeIDE_1.14.0/STM32CubeIDE/plugins/com.st.stm32cube.ide.mcu.externaltools.gnu-tools-for-stm32.11.3.rel1.win32_1.1.100.202309141235/tools/bin/../lib/gcc/arm-none-eabi/11.3.1/../../../../arm-none-eabi/lib/thumb/v8-m.main+fp/hard\libc_nano.a(libc_a-memset.o)
                0x00000000080093b0                memset
 .text.__errno  0x00000000080093c0        0xc C:/ST/STM32CubeIDE_1.14.0/STM32CubeIDE/plugins/com.st.stm32cube.ide.mcu.externaltools.gnu-tools-for-stm32.11.3.rel1.win32_1.1.100.202309141235/tools/bin/../lib/gcc/arm-none-eabi/11.3.1/../../../../arm-none-eabi/lib/thumb/v8-m.main+fp/hard\libc_nano.a(libc_a-errno.o)
                0x00000000080093c0                __errno
 .text.__libc_init_array
                0x00000000080093cc       0x48 C:/ST/STM32CubeIDE_1.14.0/STM32CubeIDE/plugins/com.st.stm32cube.ide.mcu.externaltools.gnu-tools-for-stm32.11.3.rel1.win32_1.1.100.202309141235/tools/bin/../lib/gcc/arm-none-eabi/11.3.1/../../../../arm-none-eabi/lib/thumb/v8-m.main+fp/hard\libc_nano.a(libc_a-init.o)
                0x00000000080093cc                __libc_init_array
 .text.__retarget_lock_acquire_recursive
                0x0000000008009414        0x2 C:/ST/STM32CubeIDE_1.14.0/STM32CubeIDE/plugins/com.st.stm32cube.ide.mcu.externaltools.gnu-tools-for-stm32.11.3.rel1.win32_1.1.100.202309141235/tools/bin/../lib/gcc/arm-none-eabi/11.3.1/../../../../arm-none-eabi/lib/thumb/v8-m.main+fp/hard\libc_nano.a(libc_a-lock.o)
                0x0000000008009414                __retarget_lock_acquire_recursive
 .text.__retarget_lock_release_recursive
                0x0000000008009416        0x2 C:/ST/STM32CubeIDE_1.14.0/STM32CubeIDE/plugins/com.st.stm32cube.ide.mcu.externaltools.gnu-tools-for-stm32.11.3.rel1.win32_1.1.100.202309141235/tools/bin/../lib/gcc/arm-none-eabi/11.3.1/../../../../arm-none-eabi/lib/thumb/v8-m.main+fp/hard\libc_nano.a(libc_a-lock.o)
                0x0000000008009416                __retarget_lock_release_recursive
 .text._free_r  0x0000000008009418       0x98 C:/ST/STM32CubeIDE_1.14.0/STM32CubeIDE/plugins/com.st.stm32cube.ide.mcu.externaltools.gnu-tools-for-stm32.11.3.rel1.win32_1.1.100.202309141235/tools/bin/../lib/gcc/arm-none-eabi/11.3.1/../../../../arm-none-eabi/lib/thumb/v8-m.main+fp/hard\libc_nano.a(libc_a-freer.o)
                0x0000000008009418                _free_r
 .text.sbrk_aligned
                0x00000000080094b0       0x40 C:/ST/STM32CubeIDE_1.14.0/STM32CubeIDE/plugins/com.st.stm32cube.ide.mcu.externaltools.gnu-tools-for-stm32.11.3.rel1.win32_1.1.100.202309141235/tools/bin/../lib/gcc/arm-none-eabi/11.3.1/../../../../arm-none-eabi/lib/thumb/v8-m.main+fp/hard\libc_nano.a(libc_a-mallocr.o)
 .text._malloc_r
                0x00000000080094f0      0x100 C:/ST/STM32CubeIDE_1.14.0/STM32CubeIDE/plugins/com.st.stm32cube.ide.mcu.externaltools.gnu-tools-for-stm32.11.3.rel1.win32_1.1.100.202309141235/tools/bin/../lib/gcc/arm-none-eabi/11.3.1/../../../../arm-none-eabi/lib/thumb/v8-m.main+fp/hard\libc_nano.a(libc_a-mallocr.o)
                0x00000000080094f0                _malloc_r
 .text.__malloc_lock
                0x00000000080095f0        0xc C:/ST/STM32CubeIDE_1.14.0/STM32CubeIDE/plugins/com.st.stm32cube.ide.mcu.externaltools.gnu-tools-for-stm32.11.3.rel1.win32_1.1.100.202309141235/tools/bin/../lib/gcc/arm-none-eabi/11.3.1/../../../../arm-none-eabi/lib/thumb/v8-m.main+fp/hard\libc_nano.a(libc_a-mlock.o)
                0x00000000080095f0                __malloc_lock
 .text.__malloc_unlock
                0x00000000080095fc        0xc C:/ST/STM32CubeIDE_1.14.0/STM32CubeIDE/plugins/com.st.stm32cube.ide.mcu.externaltools.gnu-tools-for-stm32.11.3.rel1.win32_1.1.100.202309141235/tools/bin/../lib/gcc/arm-none-eabi/11.3.1/../../../../arm-none-eabi/lib/thumb/v8-m.main+fp/hard\libc_nano.a(libc_a-mlock.o)
                0x00000000080095fc                __malloc_unlock
 .text.__ssputs_r
                0x0000000008009608       0xb4 C:/ST/STM32CubeIDE_1.14.0/STM32CubeIDE/plugins/com.st.stm32cube.ide.mcu.externaltools.gnu-tools-for-stm32.11.3.rel1.win32_1.1.100.202309141235/tools/bin/../lib/gcc/arm-none-eabi/11.3.1/../../../../arm-none-eabi/lib/thumb/v8-m.main+fp/hard\libc_nano.a(libc_a-nano-svfprintf.o)
                0x0000000008009608                __ssputs_r
 .text._svfprintf_r
                0x00000000080096bc      0x1fc C:/ST/STM32CubeIDE_1.14.0/STM32CubeIDE/plugins/com.st.stm32cube.ide.mcu.externaltools.gnu-tools-for-stm32.11.3.rel1.win32_1.1.100.202309141235/tools/bin/../lib/gcc/arm-none-eabi/11.3.1/../../../../arm-none-eabi/lib/thumb/v8-m.main+fp/hard\libc_nano.a(libc_a-nano-svfprintf.o)
                0x00000000080096bc                _svfiprintf_r
                0x00000000080096bc                _svfprintf_r
 .text._printf_common
                0x00000000080098b8       0xe4 C:/ST/STM32CubeIDE_1.14.0/STM32CubeIDE/plugins/com.st.stm32cube.ide.mcu.externaltools.gnu-tools-for-stm32.11.3.rel1.win32_1.1.100.202309141235/tools/bin/../lib/gcc/arm-none-eabi/11.3.1/../../../../arm-none-eabi/lib/thumb/v8-m.main+fp/hard\libc_nano.a(libc_a-nano-vfprintf_i.o)
                0x00000000080098b8                _printf_common
 .text._printf_i
                0x000000000800999c      0x240 C:/ST/STM32CubeIDE_1.14.0/STM32CubeIDE/plugins/com.st.stm32cube.ide.mcu.externaltools.gnu-tools-for-stm32.11.3.rel1.win32_1.1.100.202309141235/tools/bin/../lib/gcc/arm-none-eabi/11.3.1/../../../../arm-none-eabi/lib/thumb/v8-m.main+fp/hard\libc_nano.a(libc_a-nano-vfprintf_i.o)
                0x000000000800999c                _printf_i
 .text.memmove  0x0000000008009bdc       0x34 C:/ST/STM32CubeIDE_1.14.0/STM32CubeIDE/plugins/com.st.stm32cube.ide.mcu.externaltools.gnu-tools-for-stm32.11.3.rel1.win32_1.1.100.202309141235/tools/bin/../lib/gcc/arm-none-eabi/11.3.1/../../../../arm-none-eabi/lib/thumb/v8-m.main+fp/hard\libc_nano.a(libc_a-memmove.o)
                0x0000000008009bdc                memmove
 .text._sbrk_r  0x0000000008009c10       0x20 C:/ST/STM32CubeIDE_1.14.0/STM32CubeIDE/plugins/com.st.stm32cube.ide.mcu.externaltools.gnu-tools-for-stm32.11.3.rel1.win32_1.1.100.202309141235/tools/bin/../lib/gcc/arm-none-eabi/11.3.1/../../../../arm-none-eabi/lib/thumb/v8-m.main+fp/hard\libc_nano.a(libc_a-sbrkr.o)
                0x0000000008009c10                _sbrk_r
 .text.memchr   0x0000000008009c30       0x1c C:/ST/STM32CubeIDE_1.14.0/STM32CubeIDE/plugins/com.st.stm32cube.ide.mcu.externaltools.gnu-tools-for-stm32.11.3.rel1.win32_1.1.100.202309141235/tools/bin/../lib/gcc/arm-none-eabi/11.3.1/../../../../arm-none-eabi/lib/thumb/v8-m.main+fp/hard\libc_nano.a(libc_a-memchr-stub.o)
                0x0000000008009c30                memchr
 .text.memcpy   0x0000000008009c4c       0x1a C:/ST/STM32CubeIDE_1.14.0/STM32CubeIDE/plugins/com.st.stm32cube.ide.mcu.externaltools.gnu-tools-for-stm32.11.3.rel1.win32_1.1.100.202309141235/tools/bin/../lib/gcc/arm-none-eabi/11.3.1/../../../../arm-none-eabi/lib/thumb/v8-m.main+fp/hard\libc_nano.a(libc_a-memcpy-stub.o)
                0x0000000008009c4c                memcpy
 .text._realloc_r
                0x0000000008009c66       0x5e C:/ST/STM32CubeIDE_1.14.0/STM32CubeIDE/plugins/com.st.stm32cube.ide.mcu.externaltools.gnu-tools-for-stm32.11.3.rel1.win32_1.1.100.202309141235/tools/bin/../lib/gcc/arm-none-eabi/11.3.1/../../../../arm-none-eabi/lib/thumb/v8-m.main+fp/hard\libc_nano.a(libc_a-reallocr.o)
                0x0000000008009c66                _realloc_r
 .text._malloc_usable_size_r
                0x0000000008009cc4       0x10 C:/ST/STM32CubeIDE_1.14.0/STM32CubeIDE/plugins/com.st.stm32cube.ide.mcu.externaltools.gnu-tools-for-stm32.11.3.rel1.win32_1.1.100.202309141235/tools/bin/../lib/gcc/arm-none-eabi/11.3.1/../../../../arm-none-eabi/lib/thumb/v8-m.main+fp/hard\libc_nano.a(libc_a-msizer.o)
                0x0000000008009cc4                _malloc_usable_size_r
 *(.glue_7)
 .glue_7        0x0000000008009cd4        0x0 linker stubs
 *(.glue_7t)
 .glue_7t       0x0000000008009cd4        0x0 linker stubs
 *(.eh_frame)
 .eh_frame      0x0000000008009cd4        0x0 C:/ST/STM32CubeIDE_1.14.0/STM32CubeIDE/plugins/com.st.stm32cube.ide.mcu.externaltools.gnu-tools-for-stm32.11.3.rel1.win32_1.1.100.202309141235/tools/bin/../lib/gcc/arm-none-eabi/11.3.1/thumb/v8-m.main+fp/hard/crtbegin.o
 *(.init)
 .init          0x0000000008009cd4        0x4 C:/ST/STM32CubeIDE_1.14.0/STM32CubeIDE/plugins/com.st.stm32cube.ide.mcu.externaltools.gnu-tools-for-stm32.11.3.rel1.win32_1.1.100.202309141235/tools/bin/../lib/gcc/arm-none-eabi/11.3.1/thumb/v8-m.main+fp/hard/crti.o
                0x0000000008009cd4                _init
 .init          0x0000000008009cd8        0x8 C:/ST/STM32CubeIDE_1.14.0/STM32CubeIDE/plugins/com.st.stm32cube.ide.mcu.externaltools.gnu-tools-for-stm32.11.3.rel1.win32_1.1.100.202309141235/tools/bin/../lib/gcc/arm-none-eabi/11.3.1/thumb/v8-m.main+fp/hard/crtn.o
 *(.fini)
 .fini          0x0000000008009ce0        0x4 C:/ST/STM32CubeIDE_1.14.0/STM32CubeIDE/plugins/com.st.stm32cube.ide.mcu.externaltools.gnu-tools-for-stm32.11.3.rel1.win32_1.1.100.202309141235/tools/bin/../lib/gcc/arm-none-eabi/11.3.1/thumb/v8-m.main+fp/hard/crti.o
                0x0000000008009ce0                _fini
 .fini          0x0000000008009ce4        0x8 C:/ST/STM32CubeIDE_1.14.0/STM32CubeIDE/plugins/com.st.stm32cube.ide.mcu.externaltools.gnu-tools-for-stm32.11.3.rel1.win32_1.1.100.202309141235/tools/bin/../lib/gcc/arm-none-eabi/11.3.1/thumb/v8-m.main+fp/hard/crtn.o
                0x0000000008009cec                _etext = .

.vfp11_veneer   0x0000000008009cec        0x0
 .vfp11_veneer  0x0000000008009cec        0x0 linker stubs

.v4_bx          0x0000000008009cec        0x0
 .v4_bx         0x0000000008009cec        0x0 linker stubs

.iplt           0x0000000008009cec        0x0
 .iplt          0x0000000008009cec        0x0 C:/ST/STM32CubeIDE_1.14.0/STM32CubeIDE/plugins/com.st.stm32cube.ide.mcu.externaltools.gnu-tools-for-stm32.11.3.rel1.win32_1.1.100.202309141235/tools/bin/../lib/gcc/arm-none-eabi/11.3.1/thumb/v8-m.main+fp/hard/crtbegin.o

.rodata         0x0000000008009cec      0x15f
 *(.rodata)
 .rodata        0x0000000008009cec       0x1b ./Core/Src/fm_debug.o
 *fill*         0x0000000008009d07        0x1 
 .rodata        0x0000000008009d08       0x10 ./Core/Src/main.o
 *(.rodata*)
 .rodata.AHBPrescTable
                0x0000000008009d18       0x10 ./Core/Src/system_stm32u5xx.o
                0x0000000008009d18                AHBPrescTable
 .rodata.APBPrescTable
                0x0000000008009d28        0x8 ./Core/Src/system_stm32u5xx.o
                0x0000000008009d28                APBPrescTable
 .rodata.MSIRangeTable
                0x0000000008009d30       0x40 ./Core/Src/system_stm32u5xx.o
                0x0000000008009d30                MSIRangeTable
 .rodata.LPGPIO_Map
                0x0000000008009d70       0x80 ./Drivers/STM32U5xx_HAL_Driver/Src/stm32u5xx_hal_gpio.o
 .rodata.UARTPrescTable
                0x0000000008009df0       0x18 ./Drivers/STM32U5xx_HAL_Driver/Src/stm32u5xx_hal_uart.o
                0x0000000008009df0                UARTPrescTable
 .rodata.numerator.1
                0x0000000008009e08        0x8 ./Drivers/STM32U5xx_HAL_Driver/Src/stm32u5xx_hal_uart_ex.o
 .rodata.denominator.0
                0x0000000008009e10        0x8 ./Drivers/STM32U5xx_HAL_Driver/Src/stm32u5xx_hal_uart_ex.o
 .rodata._svfprintf_r.str1.1
                0x0000000008009e18       0x11 C:/ST/STM32CubeIDE_1.14.0/STM32CubeIDE/plugins/com.st.stm32cube.ide.mcu.externaltools.gnu-tools-for-stm32.11.3.rel1.win32_1.1.100.202309141235/tools/bin/../lib/gcc/arm-none-eabi/11.3.1/../../../../arm-none-eabi/lib/thumb/v8-m.main+fp/hard\libc_nano.a(libc_a-nano-svfprintf.o)
 .rodata._printf_i.str1.1
                0x0000000008009e29       0x22 C:/ST/STM32CubeIDE_1.14.0/STM32CubeIDE/plugins/com.st.stm32cube.ide.mcu.externaltools.gnu-tools-for-stm32.11.3.rel1.win32_1.1.100.202309141235/tools/bin/../lib/gcc/arm-none-eabi/11.3.1/../../../../arm-none-eabi/lib/thumb/v8-m.main+fp/hard\libc_nano.a(libc_a-nano-vfprintf_i.o)

.ARM.extab
 *(.ARM.extab* .gnu.linkonce.armextab.*)

.ARM            0x0000000008009e4c        0x8
                0x0000000008009e4c                __exidx_start = .
 *(.ARM.exidx*)
 .ARM.exidx     0x0000000008009e4c        0x8 C:/ST/STM32CubeIDE_1.14.0/STM32CubeIDE/plugins/com.st.stm32cube.ide.mcu.externaltools.gnu-tools-for-stm32.11.3.rel1.win32_1.1.100.202309141235/tools/bin/../lib/gcc/arm-none-eabi/11.3.1/thumb/v8-m.main+fp/hard\libgcc.a(_udivmoddi4.o)
                0x0000000008009e54                __exidx_end = .

.rel.dyn        0x0000000008009e54        0x0
 .rel.iplt      0x0000000008009e54        0x0 C:/ST/STM32CubeIDE_1.14.0/STM32CubeIDE/plugins/com.st.stm32cube.ide.mcu.externaltools.gnu-tools-for-stm32.11.3.rel1.win32_1.1.100.202309141235/tools/bin/../lib/gcc/arm-none-eabi/11.3.1/thumb/v8-m.main+fp/hard/crtbegin.o

.preinit_array  0x0000000008009e54        0x0
                0x0000000008009e54                PROVIDE (__preinit_array_start = .)
 *(.preinit_array*)
                0x0000000008009e54                PROVIDE (__preinit_array_end = .)

.init_array     0x0000000008009e54        0x4
                0x0000000008009e54                PROVIDE (__init_array_start = .)
 *(SORT_BY_NAME(.init_array.*))
 *(.init_array*)
 .init_array    0x0000000008009e54        0x4 C:/ST/STM32CubeIDE_1.14.0/STM32CubeIDE/plugins/com.st.stm32cube.ide.mcu.externaltools.gnu-tools-for-stm32.11.3.rel1.win32_1.1.100.202309141235/tools/bin/../lib/gcc/arm-none-eabi/11.3.1/thumb/v8-m.main+fp/hard/crtbegin.o
                0x0000000008009e58                PROVIDE (__init_array_end = .)

.fini_array     0x0000000008009e58        0x4
                [!provide]                        PROVIDE (__fini_array_start = .)
 *(SORT_BY_NAME(.fini_array.*))
 *(.fini_array*)
 .fini_array    0x0000000008009e58        0x4 C:/ST/STM32CubeIDE_1.14.0/STM32CubeIDE/plugins/com.st.stm32cube.ide.mcu.externaltools.gnu-tools-for-stm32.11.3.rel1.win32_1.1.100.202309141235/tools/bin/../lib/gcc/arm-none-eabi/11.3.1/thumb/v8-m.main+fp/hard/crtbegin.o
                [!provide]                        PROVIDE (__fini_array_end = .)
                0x0000000008009e5c                _sidata = LOADADDR (.data)

.data           0x0000000020000000       0x5c load address 0x0000000008009e5c
                0x0000000020000000                _sdata = .
 *(.data)
 *(.data*)
 .data.SystemCoreClock
                0x0000000020000000        0x4 ./Core/Src/system_stm32u5xx.o
                0x0000000020000000                SystemCoreClock
 .data.uwTickPrio
                0x0000000020000004        0x4 ./Drivers/STM32U5xx_HAL_Driver/Src/stm32u5xx_hal.o
                0x0000000020000004                uwTickPrio
 .data.uwTickFreq
                0x0000000020000008        0x1 ./Drivers/STM32U5xx_HAL_Driver/Src/stm32u5xx_hal.o
                0x0000000020000008                uwTickFreq
 *fill*         0x0000000020000009        0x3 
 .data._impure_data
                0x000000002000000c       0x4c C:/ST/STM32CubeIDE_1.14.0/STM32CubeIDE/plugins/com.st.stm32cube.ide.mcu.externaltools.gnu-tools-for-stm32.11.3.rel1.win32_1.1.100.202309141235/tools/bin/../lib/gcc/arm-none-eabi/11.3.1/../../../../arm-none-eabi/lib/thumb/v8-m.main+fp/hard\libc_nano.a(libc_a-impure.o)
                0x000000002000000c                _impure_data
 .data._impure_ptr
                0x0000000020000058        0x4 C:/ST/STM32CubeIDE_1.14.0/STM32CubeIDE/plugins/com.st.stm32cube.ide.mcu.externaltools.gnu-tools-for-stm32.11.3.rel1.win32_1.1.100.202309141235/tools/bin/../lib/gcc/arm-none-eabi/11.3.1/../../../../arm-none-eabi/lib/thumb/v8-m.main+fp/hard\libc_nano.a(libc_a-impure.o)
                0x0000000020000058                _impure_ptr
 *(.RamFunc)
 *(.RamFunc*)
                0x000000002000005c                _edata = .

.igot.plt       0x000000002000005c        0x0 load address 0x0000000008009eb8
 .igot.plt      0x000000002000005c        0x0 C:/ST/STM32CubeIDE_1.14.0/STM32CubeIDE/plugins/com.st.stm32cube.ide.mcu.externaltools.gnu-tools-for-stm32.11.3.rel1.win32_1.1.100.202309141235/tools/bin/../lib/gcc/arm-none-eabi/11.3.1/thumb/v8-m.main+fp/hard/crtbegin.o

.bss            0x000000002000005c      0x4d4 load address 0x0000000008009eb8
                0x000000002000005c                _sbss = .
                0x000000002000005c                __bss_start__ = _sbss
 *(.bss)
 .bss           0x000000002000005c       0x1c C:/ST/STM32CubeIDE_1.14.0/STM32CubeIDE/plugins/com.st.stm32cube.ide.mcu.externaltools.gnu-tools-for-stm32.11.3.rel1.win32_1.1.100.202309141235/tools/bin/../lib/gcc/arm-none-eabi/11.3.1/thumb/v8-m.main+fp/hard/crtbegin.o
 *(.bss*)
 .bss.hadc1     0x0000000020000078       0x8c ./Core/Src/main.o
                0x0000000020000078                hadc1
 .bss.hlptim1   0x0000000020000104       0x50 ./Core/Src/main.o
                0x0000000020000104                hlptim1
 .bss.hlptim3   0x0000000020000154       0x50 ./Core/Src/main.o
                0x0000000020000154                hlptim3
 .bss.hlptim4   0x00000000200001a4       0x50 ./Core/Src/main.o
                0x00000000200001a4                hlptim4
 .bss.hrtc      0x00000000200001f4       0x30 ./Core/Src/main.o
                0x00000000200001f4                hrtc
 .bss.hspi1     0x0000000020000224       0x90 ./Core/Src/main.o
                0x0000000020000224                hspi1
 .bss.huart1    0x00000000200002b4       0x94 ./Core/Src/main.o
                0x00000000200002b4                huart1
 .bss.huart2    0x0000000020000348       0x94 ./Core/Src/main.o
                0x0000000020000348                huart2
 .bss.key_counter
                0x00000000200003dc        0x4 ./Core/Src/main.o
                0x00000000200003dc                key_counter
 .bss.__sbrk_heap_end
                0x00000000200003e0        0x4 ./Core/Src/sysmem.o
 .bss.uwTick    0x00000000200003e4        0x4 ./Drivers/STM32U5xx_HAL_Driver/Src/stm32u5xx_hal.o
                0x00000000200003e4                uwTick
 .bss.__sf      0x00000000200003e8      0x138 C:/ST/STM32CubeIDE_1.14.0/STM32CubeIDE/plugins/com.st.stm32cube.ide.mcu.externaltools.gnu-tools-for-stm32.11.3.rel1.win32_1.1.100.202309141235/tools/bin/../lib/gcc/arm-none-eabi/11.3.1/../../../../arm-none-eabi/lib/thumb/v8-m.main+fp/hard\libc_nano.a(libc_a-findfp.o)
                0x00000000200003e8                __sf
 .bss.errno     0x0000000020000520        0x4 C:/ST/STM32CubeIDE_1.14.0/STM32CubeIDE/plugins/com.st.stm32cube.ide.mcu.externaltools.gnu-tools-for-stm32.11.3.rel1.win32_1.1.100.202309141235/tools/bin/../lib/gcc/arm-none-eabi/11.3.1/../../../../arm-none-eabi/lib/thumb/v8-m.main+fp/hard\libc_nano.a(libc_a-reent.o)
                0x0000000020000520                errno
 .bss.__lock___malloc_recursive_mutex
                0x0000000020000524        0x1 C:/ST/STM32CubeIDE_1.14.0/STM32CubeIDE/plugins/com.st.stm32cube.ide.mcu.externaltools.gnu-tools-for-stm32.11.3.rel1.win32_1.1.100.202309141235/tools/bin/../lib/gcc/arm-none-eabi/11.3.1/../../../../arm-none-eabi/lib/thumb/v8-m.main+fp/hard\libc_nano.a(libc_a-lock.o)
                0x0000000020000524                __lock___malloc_recursive_mutex
 *fill*         0x0000000020000525        0x3 
 .bss.__malloc_free_list
                0x0000000020000528        0x4 C:/ST/STM32CubeIDE_1.14.0/STM32CubeIDE/plugins/com.st.stm32cube.ide.mcu.externaltools.gnu-tools-for-stm32.11.3.rel1.win32_1.1.100.202309141235/tools/bin/../lib/gcc/arm-none-eabi/11.3.1/../../../../arm-none-eabi/lib/thumb/v8-m.main+fp/hard\libc_nano.a(libc_a-mallocr.o)
                0x0000000020000528                __malloc_free_list
 .bss.__malloc_sbrk_start
                0x000000002000052c        0x4 C:/ST/STM32CubeIDE_1.14.0/STM32CubeIDE/plugins/com.st.stm32cube.ide.mcu.externaltools.gnu-tools-for-stm32.11.3.rel1.win32_1.1.100.202309141235/tools/bin/../lib/gcc/arm-none-eabi/11.3.1/../../../../arm-none-eabi/lib/thumb/v8-m.main+fp/hard\libc_nano.a(libc_a-mallocr.o)
                0x000000002000052c                __malloc_sbrk_start
 *(COMMON)
                0x0000000020000530                _ebss = .
                0x0000000020000530                __bss_end__ = _ebss

._user_heap_stack
                0x0000000020000530      0x600 load address 0x0000000008009eb8
                0x0000000020000530                . = ALIGN (0x8)
                [!provide]                        PROVIDE (end = .)
                0x0000000020000530                PROVIDE (_end = .)
                0x0000000020000730                . = (. + _Min_Heap_Size)
 *fill*         0x0000000020000530      0x200 
                0x0000000020000b30                . = (. + _Min_Stack_Size)
 *fill*         0x0000000020000730      0x400 
                0x0000000020000b30                . = ALIGN (0x8)

/DISCARD/
 libc.a(*)
 libm.a(*)
 libgcc.a(*)

.ARM.attributes
                0x0000000000000000       0x36
 *(.ARM.attributes)
 .ARM.attributes
                0x0000000000000000       0x22 C:/ST/STM32CubeIDE_1.14.0/STM32CubeIDE/plugins/com.st.stm32cube.ide.mcu.externaltools.gnu-tools-for-stm32.11.3.rel1.win32_1.1.100.202309141235/tools/bin/../lib/gcc/arm-none-eabi/11.3.1/thumb/v8-m.main+fp/hard/crti.o
 .ARM.attributes
                0x0000000000000022       0x38 C:/ST/STM32CubeIDE_1.14.0/STM32CubeIDE/plugins/com.st.stm32cube.ide.mcu.externaltools.gnu-tools-for-stm32.11.3.rel1.win32_1.1.100.202309141235/tools/bin/../lib/gcc/arm-none-eabi/11.3.1/thumb/v8-m.main+fp/hard/crtbegin.o
 .ARM.attributes
                0x000000000000005a       0x3a ./Core/Src/fm_debug.o
 .ARM.attributes
                0x0000000000000094       0x3a ./Core/Src/main.o
 .ARM.attributes
                0x00000000000000ce       0x3a ./Core/Src/stm32u5xx_hal_msp.o
 .ARM.attributes
                0x0000000000000108       0x3a ./Core/Src/stm32u5xx_it.o
 .ARM.attributes
                0x0000000000000142       0x3a ./Core/Src/sysmem.o
 .ARM.attributes
                0x000000000000017c       0x3a ./Core/Src/system_stm32u5xx.o
 .ARM.attributes
                0x00000000000001b6       0x24 ./Core/Startup/startup_stm32u575vitxq.o
 .ARM.attributes
                0x00000000000001da       0x3a ./Drivers/STM32U5xx_HAL_Driver/Src/stm32u5xx_hal.o
 .ARM.attributes
                0x0000000000000214       0x3a ./Drivers/STM32U5xx_HAL_Driver/Src/stm32u5xx_hal_adc.o
 .ARM.attributes
                0x000000000000024e       0x3a ./Drivers/STM32U5xx_HAL_Driver/Src/stm32u5xx_hal_cortex.o
 .ARM.attributes
                0x0000000000000288       0x3a ./Drivers/STM32U5xx_HAL_Driver/Src/stm32u5xx_hal_gpio.o
 .ARM.attributes
                0x00000000000002c2       0x3a ./Drivers/STM32U5xx_HAL_Driver/Src/stm32u5xx_hal_icache.o
 .ARM.attributes
                0x00000000000002fc       0x3a ./Drivers/STM32U5xx_HAL_Driver/Src/stm32u5xx_hal_lptim.o
 .ARM.attributes
                0x0000000000000336       0x3a ./Drivers/STM32U5xx_HAL_Driver/Src/stm32u5xx_hal_pwr_ex.o
 .ARM.attributes
                0x0000000000000370       0x3a ./Drivers/STM32U5xx_HAL_Driver/Src/stm32u5xx_hal_rcc.o
 .ARM.attributes
                0x00000000000003aa       0x3a ./Drivers/STM32U5xx_HAL_Driver/Src/stm32u5xx_hal_rcc_ex.o
 .ARM.attributes
                0x00000000000003e4       0x3a ./Drivers/STM32U5xx_HAL_Driver/Src/stm32u5xx_hal_rtc.o
 .ARM.attributes
                0x000000000000041e       0x3a ./Drivers/STM32U5xx_HAL_Driver/Src/stm32u5xx_hal_rtc_ex.o
 .ARM.attributes
                0x0000000000000458       0x3a ./Drivers/STM32U5xx_HAL_Driver/Src/stm32u5xx_hal_spi.o
 .ARM.attributes
                0x0000000000000492       0x3a ./Drivers/STM32U5xx_HAL_Driver/Src/stm32u5xx_hal_spi_ex.o
 .ARM.attributes
                0x00000000000004cc       0x3a ./Drivers/STM32U5xx_HAL_Driver/Src/stm32u5xx_hal_uart.o
 .ARM.attributes
                0x0000000000000506       0x3a ./Drivers/STM32U5xx_HAL_Driver/Src/stm32u5xx_hal_uart_ex.o
 .ARM.attributes
                0x0000000000000540       0x38 C:/ST/STM32CubeIDE_1.14.0/STM32CubeIDE/plugins/com.st.stm32cube.ide.mcu.externaltools.gnu-tools-for-stm32.11.3.rel1.win32_1.1.100.202309141235/tools/bin/../lib/gcc/arm-none-eabi/11.3.1/../../../../arm-none-eabi/lib/thumb/v8-m.main+fp/hard\libc_nano.a(libc_a-findfp.o)
 .ARM.attributes
                0x0000000000000578       0x38 C:/ST/STM32CubeIDE_1.14.0/STM32CubeIDE/plugins/com.st.stm32cube.ide.mcu.externaltools.gnu-tools-for-stm32.11.3.rel1.win32_1.1.100.202309141235/tools/bin/../lib/gcc/arm-none-eabi/11.3.1/../../../../arm-none-eabi/lib/thumb/v8-m.main+fp/hard\libc_nano.a(libc_a-snprintf.o)
 .ARM.attributes
                0x00000000000005b0       0x38 C:/ST/STM32CubeIDE_1.14.0/STM32CubeIDE/plugins/com.st.stm32cube.ide.mcu.externaltools.gnu-tools-for-stm32.11.3.rel1.win32_1.1.100.202309141235/tools/bin/../lib/gcc/arm-none-eabi/11.3.1/../../../../arm-none-eabi/lib/thumb/v8-m.main+fp/hard\libc_nano.a(libc_a-memset.o)
 .ARM.attributes
                0x00000000000005e8       0x38 C:/ST/STM32CubeIDE_1.14.0/STM32CubeIDE/plugins/com.st.stm32cube.ide.mcu.externaltools.gnu-tools-for-stm32.11.3.rel1.win32_1.1.100.202309141235/tools/bin/../lib/gcc/arm-none-eabi/11.3.1/../../../../arm-none-eabi/lib/thumb/v8-m.main+fp/hard\libc_nano.a(libc_a-reent.o)
 .ARM.attributes
                0x0000000000000620       0x38 C:/ST/STM32CubeIDE_1.14.0/STM32CubeIDE/plugins/com.st.stm32cube.ide.mcu.externaltools.gnu-tools-for-stm32.11.3.rel1.win32_1.1.100.202309141235/tools/bin/../lib/gcc/arm-none-eabi/11.3.1/../../../../arm-none-eabi/lib/thumb/v8-m.main+fp/hard\libc_nano.a(libc_a-impure.o)
 .ARM.attributes
                0x0000000000000658       0x38 C:/ST/STM32CubeIDE_1.14.0/STM32CubeIDE/plugins/com.st.stm32cube.ide.mcu.externaltools.gnu-tools-for-stm32.11.3.rel1.win32_1.1.100.202309141235/tools/bin/../lib/gcc/arm-none-eabi/11.3.1/../../../../arm-none-eabi/lib/thumb/v8-m.main+fp/hard\libc_nano.a(libc_a-errno.o)
 .ARM.attributes
                0x0000000000000690       0x38 C:/ST/STM32CubeIDE_1.14.0/STM32CubeIDE/plugins/com.st.stm32cube.ide.mcu.externaltools.gnu-tools-for-stm32.11.3.rel1.win32_1.1.100.202309141235/tools/bin/../lib/gcc/arm-none-eabi/11.3.1/../../../../arm-none-eabi/lib/thumb/v8-m.main+fp/hard\libc_nano.a(libc_a-init.o)
 .ARM.attributes
                0x00000000000006c8       0x38 C:/ST/STM32CubeIDE_1.14.0/STM32CubeIDE/plugins/com.st.stm32cube.ide.mcu.externaltools.gnu-tools-for-stm32.11.3.rel1.win32_1.1.100.202309141235/tools/bin/../lib/gcc/arm-none-eabi/11.3.1/../../../../arm-none-eabi/lib/thumb/v8-m.main+fp/hard\libc_nano.a(libc_a-lock.o)
 .ARM.attributes
                0x0000000000000700       0x38 C:/ST/STM32CubeIDE_1.14.0/STM32CubeIDE/plugins/com.st.stm32cube.ide.mcu.externaltools.gnu-tools-for-stm32.11.3.rel1.win32_1.1.100.202309141235/tools/bin/../lib/gcc/arm-none-eabi/11.3.1/../../../../arm-none-eabi/lib/thumb/v8-m.main+fp/hard\libc_nano.a(libc_a-freer.o)
 .ARM.attributes
                0x0000000000000738       0x38 C:/ST/STM32CubeIDE_1.14.0/STM32CubeIDE/plugins/com.st.stm32cube.ide.mcu.externaltools.gnu-tools-for-stm32.11.3.rel1.win32_1.1.100.202309141235/tools/bin/../lib/gcc/arm-none-eabi/11.3.1/../../../../arm-none-eabi/lib/thumb/v8-m.main+fp/hard\libc_nano.a(libc_a-mallocr.o)
 .ARM.attributes
                0x0000000000000770       0x38 C:/ST/STM32CubeIDE_1.14.0/STM32CubeIDE/plugins/com.st.stm32cube.ide.mcu.externaltools.gnu-tools-for-stm32.11.3.rel1.win32_1.1.100.202309141235/tools/bin/../lib/gcc/arm-none-eabi/11.3.1/../../../../arm-none-eabi/lib/thumb/v8-m.main+fp/hard\libc_nano.a(libc_a-mlock.o)
 .ARM.attributes
                0x00000000000007a8       0x38 C:/ST/STM32CubeIDE_1.14.0/STM32CubeIDE/plugins/com.st.stm32cube.ide.mcu.externaltools.gnu-tools-for-stm32.11.3.rel1.win32_1.1.100.202309141235/tools/bin/../lib/gcc/arm-none-eabi/11.3.1/../../../../arm-none-eabi/lib/thumb/v8-m.main+fp/hard\libc_nano.a(libc_a-nano-svfprintf.o)
 .ARM.attributes
                0x00000000000007e0       0x38 C:/ST/STM32CubeIDE_1.14.0/STM32CubeIDE/plugins/com.st.stm32cube.ide.mcu.externaltools.gnu-tools-for-stm32.11.3.rel1.win32_1.1.100.202309141235/tools/bin/../lib/gcc/arm-none-eabi/11.3.1/../../../../arm-none-eabi/lib/thumb/v8-m.main+fp/hard\libc_nano.a(libc_a-nano-vfprintf_i.o)
 .ARM.attributes
                0x0000000000000818       0x38 C:/ST/STM32CubeIDE_1.14.0/STM32CubeIDE/plugins/com.st.stm32cube.ide.mcu.externaltools.gnu-tools-for-stm32.11.3.rel1.win32_1.1.100.202309141235/tools/bin/../lib/gcc/arm-none-eabi/11.3.1/../../../../arm-none-eabi/lib/thumb/v8-m.main+fp/hard\libc_nano.a(libc_a-memmove.o)
 .ARM.attributes
                0x0000000000000850       0x38 C:/ST/STM32CubeIDE_1.14.0/STM32CubeIDE/plugins/com.st.stm32cube.ide.mcu.externaltools.gnu-tools-for-stm32.11.3.rel1.win32_1.1.100.202309141235/tools/bin/../lib/gcc/arm-none-eabi/11.3.1/../../../../arm-none-eabi/lib/thumb/v8-m.main+fp/hard\libc_nano.a(libc_a-sbrkr.o)
 .ARM.attributes
                0x0000000000000888       0x38 C:/ST/STM32CubeIDE_1.14.0/STM32CubeIDE/plugins/com.st.stm32cube.ide.mcu.externaltools.gnu-tools-for-stm32.11.3.rel1.win32_1.1.100.202309141235/tools/bin/../lib/gcc/arm-none-eabi/11.3.1/../../../../arm-none-eabi/lib/thumb/v8-m.main+fp/hard\libc_nano.a(libc_a-memchr-stub.o)
 .ARM.attributes
                0x00000000000008c0       0x38 C:/ST/STM32CubeIDE_1.14.0/STM32CubeIDE/plugins/com.st.stm32cube.ide.mcu.externaltools.gnu-tools-for-stm32.11.3.rel1.win32_1.1.100.202309141235/tools/bin/../lib/gcc/arm-none-eabi/11.3.1/../../../../arm-none-eabi/lib/thumb/v8-m.main+fp/hard\libc_nano.a(libc_a-memcpy-stub.o)
 .ARM.attributes
                0x00000000000008f8       0x38 C:/ST/STM32CubeIDE_1.14.0/STM32CubeIDE/plugins/com.st.stm32cube.ide.mcu.externaltools.gnu-tools-for-stm32.11.3.rel1.win32_1.1.100.202309141235/tools/bin/../lib/gcc/arm-none-eabi/11.3.1/../../../../arm-none-eabi/lib/thumb/v8-m.main+fp/hard\libc_nano.a(libc_a-reallocr.o)
 .ARM.attributes
                0x0000000000000930       0x38 C:/ST/STM32CubeIDE_1.14.0/STM32CubeIDE/plugins/com.st.stm32cube.ide.mcu.externaltools.gnu-tools-for-stm32.11.3.rel1.win32_1.1.100.202309141235/tools/bin/../lib/gcc/arm-none-eabi/11.3.1/../../../../arm-none-eabi/lib/thumb/v8-m.main+fp/hard\libc_nano.a(libc_a-msizer.o)
 .ARM.attributes
                0x0000000000000968       0x22 C:/ST/STM32CubeIDE_1.14.0/STM32CubeIDE/plugins/com.st.stm32cube.ide.mcu.externaltools.gnu-tools-for-stm32.11.3.rel1.win32_1.1.100.202309141235/tools/bin/../lib/gcc/arm-none-eabi/11.3.1/thumb/v8-m.main+fp/hard\libgcc.a(_aeabi_uldivmod.o)
 .ARM.attributes
                0x000000000000098a       0x38 C:/ST/STM32CubeIDE_1.14.0/STM32CubeIDE/plugins/com.st.stm32cube.ide.mcu.externaltools.gnu-tools-for-stm32.11.3.rel1.win32_1.1.100.202309141235/tools/bin/../lib/gcc/arm-none-eabi/11.3.1/thumb/v8-m.main+fp/hard\libgcc.a(_udivmoddi4.o)
 .ARM.attributes
                0x00000000000009c2       0x22 C:/ST/STM32CubeIDE_1.14.0/STM32CubeIDE/plugins/com.st.stm32cube.ide.mcu.externaltools.gnu-tools-for-stm32.11.3.rel1.win32_1.1.100.202309141235/tools/bin/../lib/gcc/arm-none-eabi/11.3.1/thumb/v8-m.main+fp/hard\libgcc.a(_dvmd_tls.o)
 .ARM.attributes
                0x00000000000009e4       0x22 C:/ST/STM32CubeIDE_1.14.0/STM32CubeIDE/plugins/com.st.stm32cube.ide.mcu.externaltools.gnu-tools-for-stm32.11.3.rel1.win32_1.1.100.202309141235/tools/bin/../lib/gcc/arm-none-eabi/11.3.1/thumb/v8-m.main+fp/hard/crtn.o
OUTPUT(01_setup.elf elf32-littlearm)
LOAD linker stubs
LOAD C:/ST/STM32CubeIDE_1.14.0/STM32CubeIDE/plugins/com.st.stm32cube.ide.mcu.externaltools.gnu-tools-for-stm32.11.3.rel1.win32_1.1.100.202309141235/tools/bin/../lib/gcc/arm-none-eabi/11.3.1/../../../../arm-none-eabi/lib/thumb/v8-m.main+fp/hard\libc.a
LOAD C:/ST/STM32CubeIDE_1.14.0/STM32CubeIDE/plugins/com.st.stm32cube.ide.mcu.externaltools.gnu-tools-for-stm32.11.3.rel1.win32_1.1.100.202309141235/tools/bin/../lib/gcc/arm-none-eabi/11.3.1/../../../../arm-none-eabi/lib/thumb/v8-m.main+fp/hard\libm.a
LOAD C:/ST/STM32CubeIDE_1.14.0/STM32CubeIDE/plugins/com.st.stm32cube.ide.mcu.externaltools.gnu-tools-for-stm32.11.3.rel1.win32_1.1.100.202309141235/tools/bin/../lib/gcc/arm-none-eabi/11.3.1/thumb/v8-m.main+fp/hard\libgcc.a

.comment        0x0000000000000000       0x43
 .comment       0x0000000000000000       0x43 C:/ST/STM32CubeIDE_1.14.0/STM32CubeIDE/plugins/com.st.stm32cube.ide.mcu.externaltools.gnu-tools-for-stm32.11.3.rel1.win32_1.1.100.202309141235/tools/bin/../lib/gcc/arm-none-eabi/11.3.1/thumb/v8-m.main+fp/hard/crtbegin.o
                                         0x44 (size before relaxing)
 .comment       0x0000000000000043       0x44 ./Core/Src/fm_debug.o
 .comment       0x0000000000000043       0x44 ./Core/Src/main.o
 .comment       0x0000000000000043       0x44 ./Core/Src/stm32u5xx_hal_msp.o
 .comment       0x0000000000000043       0x44 ./Core/Src/stm32u5xx_it.o
 .comment       0x0000000000000043       0x44 ./Core/Src/sysmem.o
 .comment       0x0000000000000043       0x44 ./Core/Src/system_stm32u5xx.o
 .comment       0x0000000000000043       0x44 ./Drivers/STM32U5xx_HAL_Driver/Src/stm32u5xx_hal.o
 .comment       0x0000000000000043       0x44 ./Drivers/STM32U5xx_HAL_Driver/Src/stm32u5xx_hal_adc.o
 .comment       0x0000000000000043       0x44 ./Drivers/STM32U5xx_HAL_Driver/Src/stm32u5xx_hal_cortex.o
 .comment       0x0000000000000043       0x44 ./Drivers/STM32U5xx_HAL_Driver/Src/stm32u5xx_hal_gpio.o
 .comment       0x0000000000000043       0x44 ./Drivers/STM32U5xx_HAL_Driver/Src/stm32u5xx_hal_icache.o
 .comment       0x0000000000000043       0x44 ./Drivers/STM32U5xx_HAL_Driver/Src/stm32u5xx_hal_lptim.o
 .comment       0x0000000000000043       0x44 ./Drivers/STM32U5xx_HAL_Driver/Src/stm32u5xx_hal_pwr_ex.o
 .comment       0x0000000000000043       0x44 ./Drivers/STM32U5xx_HAL_Driver/Src/stm32u5xx_hal_rcc.o
 .comment       0x0000000000000043       0x44 ./Drivers/STM32U5xx_HAL_Driver/Src/stm32u5xx_hal_rcc_ex.o
 .comment       0x0000000000000043       0x44 ./Drivers/STM32U5xx_HAL_Driver/Src/stm32u5xx_hal_rtc.o
 .comment       0x0000000000000043       0x44 ./Drivers/STM32U5xx_HAL_Driver/Src/stm32u5xx_hal_rtc_ex.o
 .comment       0x0000000000000043       0x44 ./Drivers/STM32U5xx_HAL_Driver/Src/stm32u5xx_hal_spi.o
 .comment       0x0000000000000043       0x44 ./Drivers/STM32U5xx_HAL_Driver/Src/stm32u5xx_hal_spi_ex.o
 .comment       0x0000000000000043       0x44 ./Drivers/STM32U5xx_HAL_Driver/Src/stm32u5xx_hal_uart.o
 .comment       0x0000000000000043       0x44 ./Drivers/STM32U5xx_HAL_Driver/Src/stm32u5xx_hal_uart_ex.o

.debug_info     0x0000000000000000    0x1c5a9
 .debug_info    0x0000000000000000      0xf05 ./Core/Src/fm_debug.o
 .debug_info    0x0000000000000f05     0x2a13 ./Core/Src/main.o
 .debug_info    0x0000000000003918     0x2722 ./Core/Src/stm32u5xx_hal_msp.o
 .debug_info    0x000000000000603a      0xcb5 ./Core/Src/stm32u5xx_it.o
 .debug_info    0x0000000000006cef      0x168 ./Core/Src/sysmem.o
 .debug_info    0x0000000000006e57      0x970 ./Core/Src/system_stm32u5xx.o
 .debug_info    0x00000000000077c7       0x23 ./Core/Startup/startup_stm32u575vitxq.o
 .debug_info    0x00000000000077ea     0x123b ./Drivers/STM32U5xx_HAL_Driver/Src/stm32u5xx_hal.o
 .debug_info    0x0000000000008a25     0x26fe ./Drivers/STM32U5xx_HAL_Driver/Src/stm32u5xx_hal_adc.o
 .debug_info    0x000000000000b123     0x1605 ./Drivers/STM32U5xx_HAL_Driver/Src/stm32u5xx_hal_cortex.o
 .debug_info    0x000000000000c728      0x8ff ./Drivers/STM32U5xx_HAL_Driver/Src/stm32u5xx_hal_gpio.o
 .debug_info    0x000000000000d027      0x5f7 ./Drivers/STM32U5xx_HAL_Driver/Src/stm32u5xx_hal_icache.o
 .debug_info    0x000000000000d61e     0x1987 ./Drivers/STM32U5xx_HAL_Driver/Src/stm32u5xx_hal_lptim.o
 .debug_info    0x000000000000efa5      0xe8c ./Drivers/STM32U5xx_HAL_Driver/Src/stm32u5xx_hal_pwr_ex.o
 .debug_info    0x000000000000fe31     0x1280 ./Drivers/STM32U5xx_HAL_Driver/Src/stm32u5xx_hal_rcc.o
 .debug_info    0x00000000000110b1     0x1638 ./Drivers/STM32U5xx_HAL_Driver/Src/stm32u5xx_hal_rcc_ex.o
 .debug_info    0x00000000000126e9      0xead ./Drivers/STM32U5xx_HAL_Driver/Src/stm32u5xx_hal_rtc.o
 .debug_info    0x0000000000013596     0x1b2a ./Drivers/STM32U5xx_HAL_Driver/Src/stm32u5xx_hal_rtc_ex.o
 .debug_info    0x00000000000150c0     0x166c ./Drivers/STM32U5xx_HAL_Driver/Src/stm32u5xx_hal_spi.o
 .debug_info    0x000000000001672c      0xb38 ./Drivers/STM32U5xx_HAL_Driver/Src/stm32u5xx_hal_spi_ex.o
 .debug_info    0x0000000000017264     0x40b9 ./Drivers/STM32U5xx_HAL_Driver/Src/stm32u5xx_hal_uart.o
 .debug_info    0x000000000001b31d     0x128c ./Drivers/STM32U5xx_HAL_Driver/Src/stm32u5xx_hal_uart_ex.o

.debug_abbrev   0x0000000000000000     0x318b
 .debug_abbrev  0x0000000000000000      0x25b ./Core/Src/fm_debug.o
 .debug_abbrev  0x000000000000025b      0x308 ./Core/Src/main.o
 .debug_abbrev  0x0000000000000563      0x267 ./Core/Src/stm32u5xx_hal_msp.o
 .debug_abbrev  0x00000000000007ca      0x1b6 ./Core/Src/stm32u5xx_it.o
 .debug_abbrev  0x0000000000000980       0xbc ./Core/Src/sysmem.o
 .debug_abbrev  0x0000000000000a3c      0x13c ./Core/Src/system_stm32u5xx.o
 .debug_abbrev  0x0000000000000b78       0x12 ./Core/Startup/startup_stm32u575vitxq.o
 .debug_abbrev  0x0000000000000b8a      0x2a5 ./Drivers/STM32U5xx_HAL_Driver/Src/stm32u5xx_hal.o
 .debug_abbrev  0x0000000000000e2f      0x2e1 ./Drivers/STM32U5xx_HAL_Driver/Src/stm32u5xx_hal_adc.o
 .debug_abbrev  0x0000000000001110      0x30d ./Drivers/STM32U5xx_HAL_Driver/Src/stm32u5xx_hal_cortex.o
 .debug_abbrev  0x000000000000141d      0x259 ./Drivers/STM32U5xx_HAL_Driver/Src/stm32u5xx_hal_gpio.o
 .debug_abbrev  0x0000000000001676      0x23a ./Drivers/STM32U5xx_HAL_Driver/Src/stm32u5xx_hal_icache.o
 .debug_abbrev  0x00000000000018b0      0x2a3 ./Drivers/STM32U5xx_HAL_Driver/Src/stm32u5xx_hal_lptim.o
 .debug_abbrev  0x0000000000001b53      0x228 ./Drivers/STM32U5xx_HAL_Driver/Src/stm32u5xx_hal_pwr_ex.o
 .debug_abbrev  0x0000000000001d7b      0x2de ./Drivers/STM32U5xx_HAL_Driver/Src/stm32u5xx_hal_rcc.o
 .debug_abbrev  0x0000000000002059      0x250 ./Drivers/STM32U5xx_HAL_Driver/Src/stm32u5xx_hal_rcc_ex.o
 .debug_abbrev  0x00000000000022a9      0x219 ./Drivers/STM32U5xx_HAL_Driver/Src/stm32u5xx_hal_rtc.o
 .debug_abbrev  0x00000000000024c2      0x266 ./Drivers/STM32U5xx_HAL_Driver/Src/stm32u5xx_hal_rtc_ex.o
 .debug_abbrev  0x0000000000002728      0x2b1 ./Drivers/STM32U5xx_HAL_Driver/Src/stm32u5xx_hal_spi.o
 .debug_abbrev  0x00000000000029d9      0x1c6 ./Drivers/STM32U5xx_HAL_Driver/Src/stm32u5xx_hal_spi_ex.o
 .debug_abbrev  0x0000000000002b9f      0x318 ./Drivers/STM32U5xx_HAL_Driver/Src/stm32u5xx_hal_uart.o
 .debug_abbrev  0x0000000000002eb7      0x2d4 ./Drivers/STM32U5xx_HAL_Driver/Src/stm32u5xx_hal_uart_ex.o

.debug_aranges  0x0000000000000000     0x16f8
 .debug_aranges
                0x0000000000000000       0x58 ./Core/Src/fm_debug.o
 .debug_aranges
                0x0000000000000058       0x88 ./Core/Src/main.o
 .debug_aranges
                0x00000000000000e0       0x70 ./Core/Src/stm32u5xx_hal_msp.o
 .debug_aranges
                0x0000000000000150       0x90 ./Core/Src/stm32u5xx_it.o
 .debug_aranges
                0x00000000000001e0       0x20 ./Core/Src/sysmem.o
 .debug_aranges
                0x0000000000000200       0x28 ./Core/Src/system_stm32u5xx.o
 .debug_aranges
                0x0000000000000228       0x28 ./Core/Startup/startup_stm32u575vitxq.o
 .debug_aranges
                0x0000000000000250      0x138 ./Drivers/STM32U5xx_HAL_Driver/Src/stm32u5xx_hal.o
 .debug_aranges
                0x0000000000000388      0x270 ./Drivers/STM32U5xx_HAL_Driver/Src/stm32u5xx_hal_adc.o
 .debug_aranges
                0x00000000000005f8      0x130 ./Drivers/STM32U5xx_HAL_Driver/Src/stm32u5xx_hal_cortex.o
 .debug_aranges
                0x0000000000000728       0x78 ./Drivers/STM32U5xx_HAL_Driver/Src/stm32u5xx_hal_gpio.o
 .debug_aranges
                0x00000000000007a0       0xa8 ./Drivers/STM32U5xx_HAL_Driver/Src/stm32u5xx_hal_icache.o
 .debug_aranges
                0x0000000000000848      0x250 ./Drivers/STM32U5xx_HAL_Driver/Src/stm32u5xx_hal_lptim.o
 .debug_aranges
                0x0000000000000a98      0x200 ./Drivers/STM32U5xx_HAL_Driver/Src/stm32u5xx_hal_pwr_ex.o
 .debug_aranges
                0x0000000000000c98       0xa8 ./Drivers/STM32U5xx_HAL_Driver/Src/stm32u5xx_hal_rcc.o
 .debug_aranges
                0x0000000000000d40      0x160 ./Drivers/STM32U5xx_HAL_Driver/Src/stm32u5xx_hal_rcc_ex.o
 .debug_aranges
                0x0000000000000ea0       0xe8 ./Drivers/STM32U5xx_HAL_Driver/Src/stm32u5xx_hal_rtc.o
 .debug_aranges
                0x0000000000000f88      0x280 ./Drivers/STM32U5xx_HAL_Driver/Src/stm32u5xx_hal_rtc_ex.o
 .debug_aranges
                0x0000000000001208      0x1a8 ./Drivers/STM32U5xx_HAL_Driver/Src/stm32u5xx_hal_spi.o
 .debug_aranges
                0x00000000000013b0       0x48 ./Drivers/STM32U5xx_HAL_Driver/Src/stm32u5xx_hal_spi_ex.o
 .debug_aranges
                0x00000000000013f8      0x248 ./Drivers/STM32U5xx_HAL_Driver/Src/stm32u5xx_hal_uart.o
 .debug_aranges
                0x0000000000001640       0xb8 ./Drivers/STM32U5xx_HAL_Driver/Src/stm32u5xx_hal_uart_ex.o

.debug_rnglists
                0x0000000000000000     0x11b6
 .debug_rnglists
                0x0000000000000000       0x3d ./Core/Src/fm_debug.o
 .debug_rnglists
                0x000000000000003d       0x69 ./Core/Src/main.o
 .debug_rnglists
                0x00000000000000a6       0x55 ./Core/Src/stm32u5xx_hal_msp.o
 .debug_rnglists
                0x00000000000000fb       0x67 ./Core/Src/stm32u5xx_it.o
 .debug_rnglists
                0x0000000000000162       0x13 ./Core/Src/sysmem.o
 .debug_rnglists
                0x0000000000000175       0x1a ./Core/Src/system_stm32u5xx.o
 .debug_rnglists
                0x000000000000018f       0x19 ./Core/Startup/startup_stm32u575vitxq.o
 .debug_rnglists
                0x00000000000001a8       0xe6 ./Drivers/STM32U5xx_HAL_Driver/Src/stm32u5xx_hal.o
 .debug_rnglists
                0x000000000000028e      0x1e2 ./Drivers/STM32U5xx_HAL_Driver/Src/stm32u5xx_hal_adc.o
 .debug_rnglists
                0x0000000000000470       0xe0 ./Drivers/STM32U5xx_HAL_Driver/Src/stm32u5xx_hal_cortex.o
 .debug_rnglists
                0x0000000000000550       0x5a ./Drivers/STM32U5xx_HAL_Driver/Src/stm32u5xx_hal_gpio.o
 .debug_rnglists
                0x00000000000005aa       0x7a ./Drivers/STM32U5xx_HAL_Driver/Src/stm32u5xx_hal_icache.o
 .debug_rnglists
                0x0000000000000624      0x1d6 ./Drivers/STM32U5xx_HAL_Driver/Src/stm32u5xx_hal_lptim.o
 .debug_rnglists
                0x00000000000007fa      0x186 ./Drivers/STM32U5xx_HAL_Driver/Src/stm32u5xx_hal_pwr_ex.o
 .debug_rnglists
                0x0000000000000980       0x7f ./Drivers/STM32U5xx_HAL_Driver/Src/stm32u5xx_hal_rcc.o
 .debug_rnglists
                0x00000000000009ff      0x113 ./Drivers/STM32U5xx_HAL_Driver/Src/stm32u5xx_hal_rcc_ex.o
 .debug_rnglists
                0x0000000000000b12       0xb3 ./Drivers/STM32U5xx_HAL_Driver/Src/stm32u5xx_hal_rtc.o
 .debug_rnglists
                0x0000000000000bc5      0x1ed ./Drivers/STM32U5xx_HAL_Driver/Src/stm32u5xx_hal_rtc_ex.o
 .debug_rnglists
                0x0000000000000db2      0x148 ./Drivers/STM32U5xx_HAL_Driver/Src/stm32u5xx_hal_spi.o
 .debug_rnglists
                0x0000000000000efa       0x35 ./Drivers/STM32U5xx_HAL_Driver/Src/stm32u5xx_hal_spi_ex.o
 .debug_rnglists
                0x0000000000000f2f      0x1fb ./Drivers/STM32U5xx_HAL_Driver/Src/stm32u5xx_hal_uart.o
 .debug_rnglists
                0x000000000000112a       0x8c ./Drivers/STM32U5xx_HAL_Driver/Src/stm32u5xx_hal_uart_ex.o

.debug_macro    0x0000000000000000    0x3621b
 .debug_macro   0x0000000000000000      0x383 ./Core/Src/fm_debug.o
 .debug_macro   0x0000000000000383      0xaae ./Core/Src/fm_debug.o
 .debug_macro   0x0000000000000e31      0x1fe ./Core/Src/fm_debug.o
 .debug_macro   0x000000000000102f       0x2e ./Core/Src/fm_debug.o
 .debug_macro   0x000000000000105d       0x42 ./Core/Src/fm_debug.o
 .debug_macro   0x000000000000109f       0x22 ./Core/Src/fm_debug.o
 .debug_macro   0x00000000000010c1       0x8e ./Core/Src/fm_debug.o
 .debug_macro   0x000000000000114f       0x51 ./Core/Src/fm_debug.o
 .debug_macro   0x00000000000011a0      0x103 ./Core/Src/fm_debug.o
 .debug_macro   0x00000000000012a3       0x6a ./Core/Src/fm_debug.o
 .debug_macro   0x000000000000130d      0x1df ./Core/Src/fm_debug.o
 .debug_macro   0x00000000000014ec       0x1c ./Core/Src/fm_debug.o
 .debug_macro   0x0000000000001508       0x29 ./Core/Src/fm_debug.o
 .debug_macro   0x0000000000001531       0xfb ./Core/Src/fm_debug.o
 .debug_macro   0x000000000000162c     0x1336 ./Core/Src/fm_debug.o
 .debug_macro   0x0000000000002962       0x5e ./Core/Src/fm_debug.o
 .debug_macro   0x00000000000029c0    0x226de ./Core/Src/fm_debug.o
 .debug_macro   0x000000000002509e       0x6d ./Core/Src/fm_debug.o
 .debug_macro   0x000000000002510b     0x3882 ./Core/Src/fm_debug.o
 .debug_macro   0x000000000002898d      0x174 ./Core/Src/fm_debug.o
 .debug_macro   0x0000000000028b01       0x61 ./Core/Src/fm_debug.o
 .debug_macro   0x0000000000028b62       0x2a ./Core/Src/fm_debug.o
 .debug_macro   0x0000000000028b8c       0x43 ./Core/Src/fm_debug.o
 .debug_macro   0x0000000000028bcf       0x34 ./Core/Src/fm_debug.o
 .debug_macro   0x0000000000028c03       0x16 ./Core/Src/fm_debug.o
 .debug_macro   0x0000000000028c19       0x43 ./Core/Src/fm_debug.o
 .debug_macro   0x0000000000028c5c       0x34 ./Core/Src/fm_debug.o
 .debug_macro   0x0000000000028c90       0x10 ./Core/Src/fm_debug.o
 .debug_macro   0x0000000000028ca0       0x58 ./Core/Src/fm_debug.o
 .debug_macro   0x0000000000028cf8       0x8e ./Core/Src/fm_debug.o
 .debug_macro   0x0000000000028d86       0x1c ./Core/Src/fm_debug.o
 .debug_macro   0x0000000000028da2      0x177 ./Core/Src/fm_debug.o
 .debug_macro   0x0000000000028f19      0x369 ./Core/Src/fm_debug.o
 .debug_macro   0x0000000000029282      0x19b ./Core/Src/fm_debug.o
 .debug_macro   0x000000000002941d       0x5d ./Core/Src/fm_debug.o
 .debug_macro   0x000000000002947a     0x1b55 ./Core/Src/fm_debug.o
 .debug_macro   0x000000000002afcf      0x7ff ./Core/Src/fm_debug.o
 .debug_macro   0x000000000002b7ce      0x15f ./Core/Src/fm_debug.o
 .debug_macro   0x000000000002b92d      0x29c ./Core/Src/fm_debug.o
 .debug_macro   0x000000000002bbc9       0xc8 ./Core/Src/fm_debug.o
 .debug_macro   0x000000000002bc91      0x5a5 ./Core/Src/fm_debug.o
 .debug_macro   0x000000000002c236      0x432 ./Core/Src/fm_debug.o
 .debug_macro   0x000000000002c668       0xd6 ./Core/Src/fm_debug.o
 .debug_macro   0x000000000002c73e      0x1cd ./Core/Src/fm_debug.o
 .debug_macro   0x000000000002c90b     0x140e ./Core/Src/fm_debug.o
 .debug_macro   0x000000000002dd19      0x949 ./Core/Src/fm_debug.o
 .debug_macro   0x000000000002e662      0x2cd ./Core/Src/fm_debug.o
 .debug_macro   0x000000000002e92f      0x432 ./Core/Src/fm_debug.o
 .debug_macro   0x000000000002ed61       0x95 ./Core/Src/fm_debug.o
 .debug_macro   0x000000000002edf6      0x11c ./Core/Src/fm_debug.o
 .debug_macro   0x000000000002ef12      0x378 ./Core/Src/fm_debug.o
 .debug_macro   0x000000000002f28a      0x3fb ./Core/Src/fm_debug.o
 .debug_macro   0x000000000002f685      0x517 ./Core/Src/fm_debug.o
 .debug_macro   0x000000000002fb9c      0x4bf ./Core/Src/fm_debug.o
 .debug_macro   0x000000000003005b      0x321 ./Core/Src/fm_debug.o
 .debug_macro   0x000000000003037c      0x916 ./Core/Src/fm_debug.o
 .debug_macro   0x0000000000030c92       0xe4 ./Core/Src/fm_debug.o
 .debug_macro   0x0000000000030d76      0x5cf ./Core/Src/fm_debug.o
 .debug_macro   0x0000000000031345       0xee ./Core/Src/fm_debug.o
 .debug_macro   0x0000000000031433       0xd6 ./Core/Src/fm_debug.o
 .debug_macro   0x0000000000031509      0x677 ./Core/Src/fm_debug.o
 .debug_macro   0x0000000000031b80      0x1a1 ./Core/Src/fm_debug.o
 .debug_macro   0x0000000000031d21      0x1c0 ./Core/Src/fm_debug.o
 .debug_macro   0x0000000000031ee1      0x361 ./Core/Src/fm_debug.o
 .debug_macro   0x0000000000032242       0xdc ./Core/Src/fm_debug.o
 .debug_macro   0x000000000003231e       0x16 ./Core/Src/fm_debug.o
 .debug_macro   0x0000000000032334       0x35 ./Core/Src/fm_debug.o
 .debug_macro   0x0000000000032369       0x20 ./Core/Src/fm_debug.o
 .debug_macro   0x0000000000032389       0x1c ./Core/Src/fm_debug.o
 .debug_macro   0x00000000000323a5       0x10 ./Core/Src/fm_debug.o
 .debug_macro   0x00000000000323b5       0x1c ./Core/Src/fm_debug.o
 .debug_macro   0x00000000000323d1       0x16 ./Core/Src/fm_debug.o
 .debug_macro   0x00000000000323e7      0x147 ./Core/Src/fm_debug.o
 .debug_macro   0x000000000003252e       0x16 ./Core/Src/fm_debug.o
 .debug_macro   0x0000000000032544      0x357 ./Core/Src/main.o
 .debug_macro   0x000000000003289b      0x2e0 ./Core/Src/stm32u5xx_hal_msp.o
 .debug_macro   0x0000000000032b7b      0x2ea ./Core/Src/stm32u5xx_it.o
 .debug_macro   0x0000000000032e65       0xff ./Core/Src/sysmem.o
 .debug_macro   0x0000000000032f64      0x23c ./Core/Src/sysmem.o
 .debug_macro   0x00000000000331a0      0x2d8 ./Core/Src/system_stm32u5xx.o
 .debug_macro   0x0000000000033478      0x2f5 ./Drivers/STM32U5xx_HAL_Driver/Src/stm32u5xx_hal.o
 .debug_macro   0x000000000003376d      0x2f5 ./Drivers/STM32U5xx_HAL_Driver/Src/stm32u5xx_hal_adc.o
 .debug_macro   0x0000000000033a62      0x2d1 ./Drivers/STM32U5xx_HAL_Driver/Src/stm32u5xx_hal_cortex.o
 .debug_macro   0x0000000000033d33      0x306 ./Drivers/STM32U5xx_HAL_Driver/Src/stm32u5xx_hal_gpio.o
 .debug_macro   0x0000000000034039      0x301 ./Drivers/STM32U5xx_HAL_Driver/Src/stm32u5xx_hal_icache.o
 .debug_macro   0x000000000003433a      0x2d9 ./Drivers/STM32U5xx_HAL_Driver/Src/stm32u5xx_hal_lptim.o
 .debug_macro   0x0000000000034613      0x2fc ./Drivers/STM32U5xx_HAL_Driver/Src/stm32u5xx_hal_pwr_ex.o
 .debug_macro   0x000000000003490f      0x3d7 ./Drivers/STM32U5xx_HAL_Driver/Src/stm32u5xx_hal_rcc.o
 .debug_macro   0x0000000000034ce6      0x402 ./Drivers/STM32U5xx_HAL_Driver/Src/stm32u5xx_hal_rcc_ex.o
 .debug_macro   0x00000000000350e8      0x2d2 ./Drivers/STM32U5xx_HAL_Driver/Src/stm32u5xx_hal_rtc.o
 .debug_macro   0x00000000000353ba      0x2d7 ./Drivers/STM32U5xx_HAL_Driver/Src/stm32u5xx_hal_rtc_ex.o
 .debug_macro   0x0000000000035691      0x2e0 ./Drivers/STM32U5xx_HAL_Driver/Src/stm32u5xx_hal_spi.o
 .debug_macro   0x0000000000035971      0x2d1 ./Drivers/STM32U5xx_HAL_Driver/Src/stm32u5xx_hal_spi_ex.o
 .debug_macro   0x0000000000035c42      0x2fc ./Drivers/STM32U5xx_HAL_Driver/Src/stm32u5xx_hal_uart.o
 .debug_macro   0x0000000000035f3e      0x2dd ./Drivers/STM32U5xx_HAL_Driver/Src/stm32u5xx_hal_uart_ex.o

.debug_line     0x0000000000000000    0x1b3f1
 .debug_line    0x0000000000000000      0xabe ./Core/Src/fm_debug.o
 .debug_line    0x0000000000000abe      0xddb ./Core/Src/main.o
 .debug_line    0x0000000000001899      0xbb3 ./Core/Src/stm32u5xx_hal_msp.o
 .debug_line    0x000000000000244c      0xa9a ./Core/Src/stm32u5xx_it.o
 .debug_line    0x0000000000002ee6      0x583 ./Core/Src/sysmem.o
 .debug_line    0x0000000000003469      0xa40 ./Core/Src/system_stm32u5xx.o
 .debug_line    0x0000000000003ea9       0x79 ./Core/Startup/startup_stm32u575vitxq.o
 .debug_line    0x0000000000003f22      0xd52 ./Drivers/STM32U5xx_HAL_Driver/Src/stm32u5xx_hal.o
 .debug_line    0x0000000000004c74     0x290b ./Drivers/STM32U5xx_HAL_Driver/Src/stm32u5xx_hal_adc.o
 .debug_line    0x000000000000757f      0xf4f ./Drivers/STM32U5xx_HAL_Driver/Src/stm32u5xx_hal_cortex.o
 .debug_line    0x00000000000084ce      0xeb8 ./Drivers/STM32U5xx_HAL_Driver/Src/stm32u5xx_hal_gpio.o
 .debug_line    0x0000000000009386      0xc32 ./Drivers/STM32U5xx_HAL_Driver/Src/stm32u5xx_hal_icache.o
 .debug_line    0x0000000000009fb8     0x1eb2 ./Drivers/STM32U5xx_HAL_Driver/Src/stm32u5xx_hal_lptim.o
 .debug_line    0x000000000000be6a     0x12d3 ./Drivers/STM32U5xx_HAL_Driver/Src/stm32u5xx_hal_pwr_ex.o
 .debug_line    0x000000000000d13d     0x168b ./Drivers/STM32U5xx_HAL_Driver/Src/stm32u5xx_hal_rcc.o
 .debug_line    0x000000000000e7c8     0x2465 ./Drivers/STM32U5xx_HAL_Driver/Src/stm32u5xx_hal_rcc_ex.o
 .debug_line    0x0000000000010c2d     0x11d6 ./Drivers/STM32U5xx_HAL_Driver/Src/stm32u5xx_hal_rtc.o
 .debug_line    0x0000000000011e03     0x1bee ./Drivers/STM32U5xx_HAL_Driver/Src/stm32u5xx_hal_rtc_ex.o
 .debug_line    0x00000000000139f1     0x235e ./Drivers/STM32U5xx_HAL_Driver/Src/stm32u5xx_hal_spi.o
 .debug_line    0x0000000000015d4f      0xb6a ./Drivers/STM32U5xx_HAL_Driver/Src/stm32u5xx_hal_spi_ex.o
 .debug_line    0x00000000000168b9     0x3a77 ./Drivers/STM32U5xx_HAL_Driver/Src/stm32u5xx_hal_uart.o
 .debug_line    0x000000000001a330     0x10c1 ./Drivers/STM32U5xx_HAL_Driver/Src/stm32u5xx_hal_uart_ex.o

.debug_str      0x0000000000000000   0x15bcb5
 .debug_str     0x0000000000000000   0x150ab4 ./Core/Src/fm_debug.o
                                     0x151b94 (size before relaxing)
 .debug_str     0x0000000000150ab4     0x18b4 ./Core/Src/main.o