14:08:26 **** Incremental Build of configuration Debug for project 01_stop_mode_2 ****
make -j12 all 
arm-none-eabi-gcc "../Core/Src/main.c" -mcpu=cortex-m33 -std=gnu11 -g3 -DDEBUG -DUSE_HAL_DRIVER -DSTM32U575xx -c -I../Core/Inc -I../Drivers/STM32U5xx_HAL_Driver/Inc -I../Drivers/STM32U5xx_HAL_Driver/Inc/Legacy -I../Drivers/CMSIS/Device/ST/STM32U5xx/Include -I../Drivers/CMSIS/Include -O0 -ffunction-sections -fdata-sections -Wall -fstack-usage -fcyclomatic-complexity -MMD -MP -MF"Core/Src/main.d" -MT"Core/Src/main.o" --specs=nano.specs -mfpu=fpv5-sp-d16 -mfloat-abi=hard -mthumb -o "Core/Src/main.o"
arm-none-eabi-gcc -o "01_stop_mode_2.elf" @"objects.list"   -mcpu=cortex-m33 -T"D:\FLOWMEET Dropbox\flowmeet\id\boards\fmc-320u\dhs\01_stop_mode_2\STM32U575VITXQ_FLASH.ld" --specs=nosys.specs -Wl,-Map="01_stop_mode_2.map" -Wl,--gc-sections -static --specs=nano.specs -mfpu=fpv5-sp-d16 -mfloat-abi=hard -mthumb -Wl,--start-group -lc -lm -Wl,--end-group
Finished building target: 01_stop_mode_2.elf
 
arm-none-eabi-size  01_stop_mode_2.elf 
arm-none-eabi-objdump -h -S 01_stop_mode_2.elf  > "01_stop_mode_2.list"
   text	   data	    bss	    dec	    hex	filename
   9384	     17	   1572	  10973	   2add	01_stop_mode_2.elf
Finished building: default.size.stdout
 
Finished building: 01_stop_mode_2.list
 

14:08:27 Build Finished. 0 errors, 0 warnings. (took 659ms)

