15:54:46 **** Build of configuration Debug for project 03_threadx ****
make -j12 all 
arm-none-eabi-gcc "../Core/Src/main.c" -mcpu=cortex-m33 -std=gnu11 -g3 -DDEBUG -DUSE_HAL_DRIVER -DSTM32U575xx -DTX_INCLUDE_USER_DEFINE_FILE -DTX_SINGLE_MODE_NON_SECURE=1 -c -I../Core/Inc -I../Drivers/STM32U5xx_HAL_Driver/Inc -I../Drivers/STM32U5xx_HAL_Driver/Inc/Legacy -I../Drivers/CMSIS/Device/ST/STM32U5xx/Include -I../Drivers/CMSIS/Include -I../AZURE_RTOS/App -I../Middlewares/ST/threadx/common/inc -I../Middlewares/ST/threadx/ports/cortex_m33/gnu/inc -I../Middlewares/ST/threadx/utility/low_power -O0 -ffunction-sections -fdata-sections -Wall -fstack-usage -fcyclomatic-complexity -MMD -MP -MF"Core/Src/main.d" -MT"Core/Src/main.o" --specs=nano.specs -mfpu=fpv5-sp-d16 -mfloat-abi=hard -mthumb -o "Core/Src/main.o"
arm-none-eabi-gcc -o "03_threadx.elf" @"objects.list"   -mcpu=cortex-m33 -T"D:\FLOWMEET Dropbox\flowmeet\id\boards\fmc-320u\dhs\03_threadx\STM32U575VITXQ_FLASH.ld" --specs=nosys.specs -Wl,-Map="03_threadx.map" -Wl,--gc-sections -static --specs=nano.specs -mfpu=fpv5-sp-d16 -mfloat-abi=hard -mthumb -Wl,--start-group -lc -lm -Wl,--end-group
Finished building target: 03_threadx.elf
 
arm-none-eabi-size  03_threadx.elf 
arm-none-eabi-objdump -h -S 03_threadx.elf  > "03_threadx.list"
   text	   data	    bss	    dec	    hex	filename
  26328	     24	   6624	  32976	   80d0	03_threadx.elf
Finished building: default.size.stdout
 
Finished building: 03_threadx.list
 

15:54:47 Build Finished. 0 errors, 0 warnings. (took 1s.382ms)

