17:01:02 **** Incremental Build of configuration Debug for project 02_setup ****
make -j12 all 
arm-none-eabi-size  02_setup.elf 
   text	   data	    bss	    dec	    hex	filename
  40663	    100	   2772	  43535	   aa0f	02_setup.elf
Finished building: default.size.stdout
 
17:01:33 **** Incremental Build of configuration Debug for project 02_setup ****
make -j12 all 
arm-none-eabi-gcc "../Core/Src/fm_debug.c" -mcpu=cortex-m33 -std=gnu11 -g3 -DDEBUG -DUSE_HAL_DRIVER -DSTM32U575xx -c -I../Core/Inc -I../Drivers/STM32U5xx_HAL_Driver/Inc -I../Drivers/STM32U5xx_HAL_Driver/Inc/Legacy -I../Drivers/CMSIS/Device/ST/STM32U5xx/Include -I../Drivers/CMSIS/Include -O0 -ffunction-sections -fdata-sections -Wall -fstack-usage -fcyclomatic-complexity -MMD -MP -MF"Core/Src/fm_debug.d" -MT"Core/Src/fm_debug.o" --specs=nano.specs -mfpu=fpv5-sp-d16 -mfloat-abi=hard -mthumb -o "Core/Src/fm_debug.o"
../Core/Src/fm_debug.c: In function 'fm_debug_float_uart':
../Core/Src/fm_debug.c:177:14: warning: pointer targets in passing argument 1 of 'snprintf' differ in signedness [-Wpointer-sign]
  177 |     snprintf(str, sizeof(str), "%0.2f\n", num);
      |              ^~~
      |              |
      |              uint8_t * {aka unsigned char *}
In file included from ../Core/Inc/fm_debug.h:20,
                 from ../Core/Src/fm_debug.c:27:
C:\ST\STM32CubeIDE_1.11.0\STM32CubeIDE\plugins\com.st.stm32cube.ide.mcu.externaltools.gnu-tools-for-stm32.11.3.rel1.win32_1.1.100.202309141235\tools\bin/../lib/gcc/arm-none-eabi/11.3.1/../../../../arm-none-eabi/include/stdio.h:276:19: note: expected 'char * restrict' but argument is of type 'uint8_t *' {aka 'unsigned char *'}
  276 | int     snprintf (char *__restrict, size_t, const char *__restrict, ...)
      |                   ^
../Core/Src/fm_debug.c:178:46: warning: pointer targets in passing argument 1 of 'strlen' differ in signedness [-Wpointer-sign]
  178 |     fm_debug_msg_uart((uint8_t*) str, strlen(str));
      |                                              ^~~
      |                                              |
      |                                              uint8_t * {aka unsigned char *}
In file included from ../Core/Inc/fm_debug.h:19,
                 from ../Core/Src/fm_debug.c:27:
C:\ST\STM32CubeIDE_1.11.0\STM32CubeIDE\plugins\com.st.stm32cube.ide.mcu.externaltools.gnu-tools-for-stm32.11.3.rel1.win32_1.1.100.202309141235\tools\bin/../lib/gcc/arm-none-eabi/11.3.1/../../../../arm-none-eabi/include/string.h:41:18: note: expected 'const char *' but argument is of type 'uint8_t *' {aka 'unsigned char *'}
   41 | size_t   strlen (const char *);
      |                  ^~~~~~~~~~~~
arm-none-eabi-gcc -o "02_setup.elf" @"objects.list"   -mcpu=cortex-m33 -T"D:\FLOWMEET Dropbox\flowmeet\id\boards\fmc-320u\dhs\02_setup\STM32U575VITXQ_FLASH.ld" --specs=nosys.specs -Wl,-Map="02_setup.map" -Wl,--gc-sections -static --specs=nano.specs -mfpu=fpv5-sp-d16 -mfloat-abi=hard -mthumb -Wl,--start-group -lc -lm -Wl,--end-group
Finished building target: 02_setup.elf
 
arm-none-eabi-size  02_setup.elf 
arm-none-eabi-objdump -h -S 02_setup.elf  > "02_setup.list"
   text	   data	    bss	    dec	    hex	filename
  40663	    100	   2772	  43535	   aa0f	02_setup.elf
Finished building: default.size.stdout
 
Finished building: 02_setup.list
 
17:12:21 **** Incremental Build of configuration Debug for project 02_setup ****
make -j12 all 
arm-none-eabi-gcc "../Drivers/STM32U5xx_HAL_Driver/Src/stm32u5xx_hal.c" -mcpu=cortex-m33 -std=gnu11 -g3 -DDEBUG -DUSE_HAL_DRIVER -DSTM32U575xx -c -I../Core/Inc -I../Drivers/STM32U5xx_HAL_Driver/Inc -I../Drivers/STM32U5xx_HAL_Driver/Inc/Legacy -I../Drivers/CMSIS/Device/ST/STM32U5xx/Include -I../Drivers/CMSIS/Include -O0 -ffunction-sections -fdata-sections -Wall -fstack-usage -fcyclomatic-complexity -MMD -MP -MF"Drivers/STM32U5xx_HAL_Driver/Src/stm32u5xx_hal.d" -MT"Drivers/STM32U5xx_HAL_Driver/Src/stm32u5xx_hal.o" --specs=nano.specs -mfpu=fpv5-sp-d16 -mfloat-abi=hard -mthumb -o "Drivers/STM32U5xx_HAL_Driver/Src/stm32u5xx_hal.o"
arm-none-eabi-gcc "../Drivers/STM32U5xx_HAL_Driver/Src/stm32u5xx_hal_adc.c" -mcpu=cortex-m33 -std=gnu11 -g3 -DDEBUG -DUSE_HAL_DRIVER -DSTM32U575xx -c -I../Core/Inc -I../Drivers/STM32U5xx_HAL_Driver/Inc -I../Drivers/STM32U5xx_HAL_Driver/Inc/Legacy -I../Drivers/CMSIS/Device/ST/STM32U5xx/Include -I../Drivers/CMSIS/Include -O0 -ffunction-sections -fdata-sections -Wall -fstack-usage -fcyclomatic-complexity -MMD -MP -MF"Drivers/STM32U5xx_HAL_Driver/Src/stm32u5xx_hal_adc.d" -MT"Drivers/STM32U5xx_HAL_Driver/Src/stm32u5xx_hal_adc.o" --specs=nano.specs -mfpu=fpv5-sp-d16 -mfloat-abi=hard -mthumb -o "Drivers/STM32U5xx_HAL_Driver/Src/stm32u5xx_hal_adc.o"
arm-none-eabi-gcc "../Drivers/STM32U5xx_HAL_Driver/Src/stm32u5xx_hal_adc_ex.c" -mcpu=cortex-m33 -std=gnu11 -g3 -DDEBUG -DUSE_HAL_DRIVER -DSTM32U575xx -c -I../Core/Inc -I../Drivers/STM32U5xx_HAL_Driver/Inc -I../Drivers/STM32U5xx_HAL_Driver/Inc/Legacy -I../Drivers/CMSIS/Device/ST/STM32U5xx/Include -I../Drivers/CMSIS/Include -O0 -ffunction-sections -fdata-sections -Wall -fstack-usage -fcyclomatic-complexity -MMD -MP -MF"Drivers/STM32U5xx_HAL_Driver/Src/stm32u5xx_hal_adc_ex.d" -MT"Drivers/STM32U5xx_HAL_Driver/Src/stm32u5xx_hal_adc_ex.o" --specs=nano.specs -mfpu=fpv5-sp-d16 -mfloat-abi=hard -mthumb -o "Drivers/STM32U5xx_HAL_Driver/Src/stm32u5xx_hal_adc_ex.o"
arm-none-eabi-gcc "../Drivers/STM32U5xx_HAL_Driver/Src/stm32u5xx_hal_cortex.c" -mcpu=cortex-m33 -std=gnu11 -g3 -DDEBUG -DUSE_HAL_DRIVER -DSTM32U575xx -c -I../Core/Inc -I../Drivers/STM32U5xx_HAL_Driver/Inc -I../Drivers/STM32U5xx_HAL_Driver/Inc/Legacy -I../Drivers/CMSIS/Device/ST/STM32U5xx/Include -I../Drivers/CMSIS/Include -O0 -ffunction-sections -fdata-sections -Wall -fstack-usage -fcyclomatic-complexity -MMD -MP -MF"Drivers/STM32U5xx_HAL_Driver/Src/stm32u5xx_hal_cortex.d" -MT"Drivers/STM32U5xx_HAL_Driver/Src/stm32u5xx_hal_cortex.o" --specs=nano.specs -mfpu=fpv5-sp-d16 -mfloat-abi=hard -mthumb -o "Drivers/STM32U5xx_HAL_Driver/Src/stm32u5xx_hal_cortex.o"
arm-none-eabi-gcc "../Drivers/STM32U5xx_HAL_Driver/Src/stm32u5xx_hal_dma.c" -mcpu=cortex-m33 -std=gnu11 -g3 -DDEBUG -DUSE_HAL_DRIVER -DSTM32U575xx -c -I../Core/Inc -I../Drivers/STM32U5xx_HAL_Driver/Inc -I../Drivers/STM32U5xx_HAL_Driver/Inc/Legacy -I../Drivers/CMSIS/Device/ST/STM32U5xx/Include -I../Drivers/CMSIS/Include -O0 -ffunction-sections -fdata-sections -Wall -fstack-usage -fcyclomatic-complexity -MMD -MP -MF"Drivers/STM32U5xx_HAL_Driver/Src/stm32u5xx_hal_dma.d" -MT"Drivers/STM32U5xx_HAL_Driver/Src/stm32u5xx_hal_dma.o" --specs=nano.specs -mfpu=fpv5-sp-d16 -mfloat-abi=hard -mthumb -o "Drivers/STM32U5xx_HAL_Driver/Src/stm32u5xx_hal_dma.o"
arm-none-eabi-gcc "../Drivers/STM32U5xx_HAL_Driver/Src/stm32u5xx_hal_dma_ex.c" -mcpu=cortex-m33 -std=gnu11 -g3 -DDEBUG -DUSE_HAL_DRIVER -DSTM32U575xx -c -I../Core/Inc -I../Drivers/STM32U5xx_HAL_Driver/Inc -I../Drivers/STM32U5xx_HAL_Driver/Inc/Legacy -I../Drivers/CMSIS/Device/ST/STM32U5xx/Include -I../Drivers/CMSIS/Include -O0 -ffunction-sections -fdata-sections -Wall -fstack-usage -fcyclomatic-complexity -MMD -MP -MF"Drivers/STM32U5xx_HAL_Driver/Src/stm32u5xx_hal_dma_ex.d" -MT"Drivers/STM32U5xx_HAL_Driver/Src/stm32u5xx_hal_dma_ex.o" --specs=nano.specs -mfpu=fpv5-sp-d16 -mfloat-abi=hard -mthumb -o "Drivers/STM32U5xx_HAL_Driver/Src/stm32u5xx_hal_dma_ex.o"
arm-none-eabi-gcc "../Drivers/STM32U5xx_HAL_Driver/Src/stm32u5xx_hal_exti.c" -mcpu=cortex-m33 -std=gnu11 -g3 -DDEBUG -DUSE_HAL_DRIVER -DSTM32U575xx -c -I../Core/Inc -I../Drivers/STM32U5xx_HAL_Driver/Inc -I../Drivers/STM32U5xx_HAL_Driver/Inc/Legacy -I../Drivers/CMSIS/Device/ST/STM32U5xx/Include -I../Drivers/CMSIS/Include -O0 -ffunction-sections -fdata-sections -Wall -fstack-usage -fcyclomatic-complexity -MMD -MP -MF"Drivers/STM32U5xx_HAL_Driver/Src/stm32u5xx_hal_exti.d" -MT"Drivers/STM32U5xx_HAL_Driver/Src/stm32u5xx_hal_exti.o" --specs=nano.specs -mfpu=fpv5-sp-d16 -mfloat-abi=hard -mthumb -o "Drivers/STM32U5xx_HAL_Driver/Src/stm32u5xx_hal_exti.o"
arm-none-eabi-gcc "../Drivers/STM32U5xx_HAL_Driver/Src/stm32u5xx_hal_flash.c" -mcpu=cortex-m33 -std=gnu11 -g3 -DDEBUG -DUSE_HAL_DRIVER -DSTM32U575xx -c -I../Core/Inc -I../Drivers/STM32U5xx_HAL_Driver/Inc -I../Drivers/STM32U5xx_HAL_Driver/Inc/Legacy -I../Drivers/CMSIS/Device/ST/STM32U5xx/Include -I../Drivers/CMSIS/Include -O0 -ffunction-sections -fdata-sections -Wall -fstack-usage -fcyclomatic-complexity -MMD -MP -MF"Drivers/STM32U5xx_HAL_Driver/Src/stm32u5xx_hal_flash.d" -MT"Drivers/STM32U5xx_HAL_Driver/Src/stm32u5xx_hal_flash.o" --specs=nano.specs -mfpu=fpv5-sp-d16 -mfloat-abi=hard -mthumb -o "Drivers/STM32U5xx_HAL_Driver/Src/stm32u5xx_hal_flash.o"
arm-none-eabi-gcc "../Drivers/STM32U5xx_HAL_Driver/Src/stm32u5xx_hal_flash_ex.c" -mcpu=cortex-m33 -std=gnu11 -g3 -DDEBUG -DUSE_HAL_DRIVER -DSTM32U575xx -c -I../Core/Inc -I../Drivers/STM32U5xx_HAL_Driver/Inc -I../Drivers/STM32U5xx_HAL_Driver/Inc/Legacy -I../Drivers/CMSIS/Device/ST/STM32U5xx/Include -I../Drivers/CMSIS/Include -O0 -ffunction-sections -fdata-sections -Wall -fstack-usage -fcyclomatic-complexity -MMD -MP -MF"Drivers/STM32U5xx_HAL_Driver/Src/stm32u5xx_hal_flash_ex.d" -MT"Drivers/STM32U5xx_HAL_Driver/Src/stm32u5xx_hal_flash_ex.o" --specs=nano.specs -mfpu=fpv5-sp-d16 -mfloat-abi=hard -mthumb -o "Drivers/STM32U5xx_HAL_Driver/Src/stm32u5xx_hal_flash_ex.o"
arm-none-eabi-gcc "../Drivers/STM32U5xx_HAL_Driver/Src/stm32u5xx_hal_gpio.c" -mcpu=cortex-m33 -std=gnu11 -g3 -DDEBUG -DUSE_HAL_DRIVER -DSTM32U575xx -c -I../Core/Inc -I../Drivers/STM32U5xx_HAL_Driver/Inc -I../Drivers/STM32U5xx_HAL_Driver/Inc/Legacy -I../Drivers/CMSIS/Device/ST/STM32U5xx/Include -I../Drivers/CMSIS/Include -O0 -ffunction-sections -fdata-sections -Wall -fstack-usage -fcyclomatic-complexity -MMD -MP -MF"Drivers/STM32U5xx_HAL_Driver/Src/stm32u5xx_hal_gpio.d" -MT"Drivers/STM32U5xx_HAL_Driver/Src/stm32u5xx_hal_gpio.o" --specs=nano.specs -mfpu=fpv5-sp-d16 -mfloat-abi=hard -mthumb -o "Drivers/STM32U5xx_HAL_Driver/Src/stm32u5xx_hal_gpio.o"
arm-none-eabi-gcc "../Drivers/STM32U5xx_HAL_Driver/Src/stm32u5xx_hal_gtzc.c" -mcpu=cortex-m33 -std=gnu11 -g3 -DDEBUG -DUSE_HAL_DRIVER -DSTM32U575xx -c -I../Core/Inc -I../Drivers/STM32U5xx_HAL_Driver/Inc -I../Drivers/STM32U5xx_HAL_Driver/Inc/Legacy -I../Drivers/CMSIS/Device/ST/STM32U5xx/Include -I../Drivers/CMSIS/Include -O0 -ffunction-sections -fdata-sections -Wall -fstack-usage -fcyclomatic-complexity -MMD -MP -MF"Drivers/STM32U5xx_HAL_Driver/Src/stm32u5xx_hal_gtzc.d" -MT"Drivers/STM32U5xx_HAL_Driver/Src/stm32u5xx_hal_gtzc.o" --specs=nano.specs -mfpu=fpv5-sp-d16 -mfloat-abi=hard -mthumb -o "Drivers/STM32U5xx_HAL_Driver/Src/stm32u5xx_hal_gtzc.o"
arm-none-eabi-gcc "../Drivers/STM32U5xx_HAL_Driver/Src/stm32u5xx_hal_i2c.c" -mcpu=cortex-m33 -std=gnu11 -g3 -DDEBUG -DUSE_HAL_DRIVER -DSTM32U575xx -c -I../Core/Inc -I../Drivers/STM32U5xx_HAL_Driver/Inc -I../Drivers/STM32U5xx_HAL_Driver/Inc/Legacy -I../Drivers/CMSIS/Device/ST/STM32U5xx/Include -I../Drivers/CMSIS/Include -O0 -ffunction-sections -fdata-sections -Wall -fstack-usage -fcyclomatic-complexity -MMD -MP -MF"Drivers/STM32U5xx_HAL_Driver/Src/stm32u5xx_hal_i2c.d" -MT"Drivers/STM32U5xx_HAL_Driver/Src/stm32u5xx_hal_i2c.o" --specs=nano.specs -mfpu=fpv5-sp-d16 -mfloat-abi=hard -mthumb -o "Drivers/STM32U5xx_HAL_Driver/Src/stm32u5xx_hal_i2c.o"
arm-none-eabi-gcc "../Drivers/STM32U5xx_HAL_Driver/Src/stm32u5xx_hal_i2c_ex.c" -mcpu=cortex-m33 -std=gnu11 -g3 -DDEBUG -DUSE_HAL_DRIVER -DSTM32U575xx -c -I../Core/Inc -I../Drivers/STM32U5xx_HAL_Driver/Inc -I../Drivers/STM32U5xx_HAL_Driver/Inc/Legacy -I../Drivers/CMSIS/Device/ST/STM32U5xx/Include -I../Drivers/CMSIS/Include -O0 -ffunction-sections -fdata-sections -Wall -fstack-usage -fcyclomatic-complexity -MMD -MP -MF"Drivers/STM32U5xx_HAL_Driver/Src/stm32u5xx_hal_i2c_ex.d" -MT"Drivers/STM32U5xx_HAL_Driver/Src/stm32u5xx_hal_i2c_ex.o" --specs=nano.specs -mfpu=fpv5-sp-d16 -mfloat-abi=hard -mthumb -o "Drivers/STM32U5xx_HAL_Driver/Src/stm32u5xx_hal_i2c_ex.o"
arm-none-eabi-gcc "../Drivers/STM32U5xx_HAL_Driver/Src/stm32u5xx_hal_icache.c" -mcpu=cortex-m33 -std=gnu11 -g3 -DDEBUG -DUSE_HAL_DRIVER -DSTM32U575xx -c -I../Core/Inc -I../Drivers/STM32U5xx_HAL_Driver/Inc -I../Drivers/STM32U5xx_HAL_Driver/Inc/Legacy -I../Drivers/CMSIS/Device/ST/STM32U5xx/Include -I../Drivers/CMSIS/Include -O0 -ffunction-sections -fdata-sections -Wall -fstack-usage -fcyclomatic-complexity -MMD -MP -MF"Drivers/STM32U5xx_HAL_Driver/Src/stm32u5xx_hal_icache.d" -MT"Drivers/STM32U5xx_HAL_Driver/Src/stm32u5xx_hal_icache.o" --specs=nano.specs -mfpu=fpv5-sp-d16 -mfloat-abi=hard -mthumb -o "Drivers/STM32U5xx_HAL_Driver/Src/stm32u5xx_hal_icache.o"
arm-none-eabi-gcc "../Drivers/STM32U5xx_HAL_Driver/Src/stm32u5xx_hal_lptim.c" -mcpu=cortex-m33 -std=gnu11 -g3 -DDEBUG -DUSE_HAL_DRIVER -DSTM32U575xx -c -I../Core/Inc -I../Drivers/STM32U5xx_HAL_Driver/Inc -I../Drivers/STM32U5xx_HAL_Driver/Inc/Legacy -I../Drivers/CMSIS/Device/ST/STM32U5xx/Include -I../Drivers/CMSIS/Include -O0 -ffunction-sections -fdata-sections -Wall -fstack-usage -fcyclomatic-complexity -MMD -MP -MF"Drivers/STM32U5xx_HAL_Driver/Src/stm32u5xx_hal_lptim.d" -MT"Drivers/STM32U5xx_HAL_Driver/Src/stm32u5xx_hal_lptim.o" --specs=nano.specs -mfpu=fpv5-sp-d16 -mfloat-abi=hard -mthumb -o "Drivers/STM32U5xx_HAL_Driver/Src/stm32u5xx_hal_lptim.o"
arm-none-eabi-gcc "../Drivers/STM32U5xx_HAL_Driver/Src/stm32u5xx_hal_pwr.c" -mcpu=cortex-m33 -std=gnu11 -g3 -DDEBUG -DUSE_HAL_DRIVER -DSTM32U575xx -c -I../Core/Inc -I../Drivers/STM32U5xx_HAL_Driver/Inc -I../Drivers/STM32U5xx_HAL_Driver/Inc/Legacy -I../Drivers/CMSIS/Device/ST/STM32U5xx/Include -I../Drivers/CMSIS/Include -O0 -ffunction-sections -fdata-sections -Wall -fstack-usage -fcyclomatic-complexity -MMD -MP -MF"Drivers/STM32U5xx_HAL_Driver/Src/stm32u5xx_hal_pwr.d" -MT"Drivers/STM32U5xx_HAL_Driver/Src/stm32u5xx_hal_pwr.o" --specs=nano.specs -mfpu=fpv5-sp-d16 -mfloat-abi=hard -mthumb -o "Drivers/STM32U5xx_HAL_Driver/Src/stm32u5xx_hal_pwr.o"
arm-none-eabi-gcc "../Drivers/STM32U5xx_HAL_Driver/Src/stm32u5xx_hal_pwr_ex.c" -mcpu=cortex-m33 -std=gnu11 -g3 -DDEBUG -DUSE_HAL_DRIVER -DSTM32U575xx -c -I../Core/Inc -I../Drivers/STM32U5xx_HAL_Driver/Inc -I../Drivers/STM32U5xx_HAL_Driver/Inc/Legacy -I../Drivers/CMSIS/Device/ST/STM32U5xx/Include -I../Drivers/CMSIS/Include -O0 -ffunction-sections -fdata-sections -Wall -fstack-usage -fcyclomatic-complexity -MMD -MP -MF"Drivers/STM32U5xx_HAL_Driver/Src/stm32u5xx_hal_pwr_ex.d" -MT"Drivers/STM32U5xx_HAL_Driver/Src/stm32u5xx_hal_pwr_ex.o" --specs=nano.specs -mfpu=fpv5-sp-d16 -mfloat-abi=hard -mthumb -o "Drivers/STM32U5xx_HAL_Driver/Src/stm32u5xx_hal_pwr_ex.o"
arm-none-eabi-gcc "../Drivers/STM32U5xx_HAL_Driver/Src/stm32u5xx_hal_rcc.c" -mcpu=cortex-m33 -std=gnu11 -g3 -DDEBUG -DUSE_HAL_DRIVER -DSTM32U575xx -c -I../Core/Inc -I../Drivers/STM32U5xx_HAL_Driver/Inc -I../Drivers/STM32U5xx_HAL_Driver/Inc/Legacy -I../Drivers/CMSIS/Device/ST/STM32U5xx/Include -I../Drivers/CMSIS/Include -O0 -ffunction-sections -fdata-sections -Wall -fstack-usage -fcyclomatic-complexity -MMD -MP -MF"Drivers/STM32U5xx_HAL_Driver/Src/stm32u5xx_hal_rcc.d" -MT"Drivers/STM32U5xx_HAL_Driver/Src/stm32u5xx_hal_rcc.o" --specs=nano.specs -mfpu=fpv5-sp-d16 -mfloat-abi=hard -mthumb -o "Drivers/STM32U5xx_HAL_Driver/Src/stm32u5xx_hal_rcc.o"
arm-none-eabi-gcc "../Drivers/STM32U5xx_HAL_Driver/Src/stm32u5xx_hal_rcc_ex.c" -mcpu=cortex-m33 -std=gnu11 -g3 -DDEBUG -DUSE_HAL_DRIVER -DSTM32U575xx -c -I../Core/Inc -I../Drivers/STM32U5xx_HAL_Driver/Inc -I../Drivers/STM32U5xx_HAL_Driver/Inc/Legacy -I../Drivers/CMSIS/Device/ST/STM32U5xx/Include -I../Drivers/CMSIS/Include -O0 -ffunction-sections -fdata-sections -Wall -fstack-usage -fcyclomatic-complexity -MMD -MP -MF"Drivers/STM32U5xx_HAL_Driver/Src/stm32u5xx_hal_rcc_ex.d" -MT"Drivers/STM32U5xx_HAL_Driver/Src/stm32u5xx_hal_rcc_ex.o" --specs=nano.specs -mfpu=fpv5-sp-d16 -mfloat-abi=hard -mthumb -o "Drivers/STM32U5xx_HAL_Driver/Src/stm32u5xx_hal_rcc_ex.o"
arm-none-eabi-gcc "../Drivers/STM32U5xx_HAL_Driver/Src/stm32u5xx_hal_rtc.c" -mcpu=cortex-m33 -std=gnu11 -g3 -DDEBUG -DUSE_HAL_DRIVER -DSTM32U575xx -c -I../Core/Inc -I../Drivers/STM32U5xx_HAL_Driver/Inc -I../Drivers/STM32U5xx_HAL_Driver/Inc/Legacy -I../Drivers/CMSIS/Device/ST/STM32U5xx/Include -I../Drivers/CMSIS/Include -O0 -ffunction-sections -fdata-sections -Wall -fstack-usage -fcyclomatic-complexity -MMD -MP -MF"Drivers/STM32U5xx_HAL_Driver/Src/stm32u5xx_hal_rtc.d" -MT"Drivers/STM32U5xx_HAL_Driver/Src/stm32u5xx_hal_rtc.o" --specs=nano.specs -mfpu=fpv5-sp-d16 -mfloat-abi=hard -mthumb -o "Drivers/STM32U5xx_HAL_Driver/Src/stm32u5xx_hal_rtc.o"
arm-none-eabi-gcc "../Drivers/STM32U5xx_HAL_Driver/Src/stm32u5xx_hal_rtc_ex.c" -mcpu=cortex-m33 -std=gnu11 -g3 -DDEBUG -DUSE_HAL_DRIVER -DSTM32U575xx -c -I../Core/Inc -I../Drivers/STM32U5xx_HAL_Driver/Inc -I../Drivers/STM32U5xx_HAL_Driver/Inc/Legacy -I../Drivers/CMSIS/Device/ST/STM32U5xx/Include -I../Drivers/CMSIS/Include -O0 -ffunction-sections -fdata-sections -Wall -fstack-usage -fcyclomatic-complexity -MMD -MP -MF"Drivers/STM32U5xx_HAL_Driver/Src/stm32u5xx_hal_rtc_ex.d" -MT"Drivers/STM32U5xx_HAL_Driver/Src/stm32u5xx_hal_rtc_ex.o" --specs=nano.specs -mfpu=fpv5-sp-d16 -mfloat-abi=hard -mthumb -o "Drivers/STM32U5xx_HAL_Driver/Src/stm32u5xx_hal_rtc_ex.o"
arm-none-eabi-gcc "../Drivers/STM32U5xx_HAL_Driver/Src/stm32u5xx_hal_spi.c" -mcpu=cortex-m33 -std=gnu11 -g3 -DDEBUG -DUSE_HAL_DRIVER -DSTM32U575xx -c -I../Core/Inc -I../Drivers/STM32U5xx_HAL_Driver/Inc -I../Drivers/STM32U5xx_HAL_Driver/Inc/Legacy -I../Drivers/CMSIS/Device/ST/STM32U5xx/Include -I../Drivers/CMSIS/Include -O0 -ffunction-sections -fdata-sections -Wall -fstack-usage -fcyclomatic-complexity -MMD -MP -MF"Drivers/STM32U5xx_HAL_Driver/Src/stm32u5xx_hal_spi.d" -MT"Drivers/STM32U5xx_HAL_Driver/Src/stm32u5xx_hal_spi.o" --specs=nano.specs -mfpu=fpv5-sp-d16 -mfloat-abi=hard -mthumb -o "Drivers/STM32U5xx_HAL_Driver/Src/stm32u5xx_hal_spi.o"
arm-none-eabi-gcc "../Drivers/STM32U5xx_HAL_Driver/Src/stm32u5xx_hal_spi_ex.c" -mcpu=cortex-m33 -std=gnu11 -g3 -DDEBUG -DUSE_HAL_DRIVER -DSTM32U575xx -c -I../Core/Inc -I../Drivers/STM32U5xx_HAL_Driver/Inc -I../Drivers/STM32U5xx_HAL_Driver/Inc/Legacy -I../Drivers/CMSIS/Device/ST/STM32U5xx/Include -I../Drivers/CMSIS/Include -O0 -ffunction-sections -fdata-sections -Wall -fstack-usage -fcyclomatic-complexity -MMD -MP -MF"Drivers/STM32U5xx_HAL_Driver/Src/stm32u5xx_hal_spi_ex.d" -MT"Drivers/STM32U5xx_HAL_Driver/Src/stm32u5xx_hal_spi_ex.o" --specs=nano.specs -mfpu=fpv5-sp-d16 -mfloat-abi=hard -mthumb -o "Drivers/STM32U5xx_HAL_Driver/Src/stm32u5xx_hal_spi_ex.o"
arm-none-eabi-gcc "../Drivers/STM32U5xx_HAL_Driver/Src/stm32u5xx_hal_tim.c" -mcpu=cortex-m33 -std=gnu11 -g3 -DDEBUG -DUSE_HAL_DRIVER -DSTM32U575xx -c -I../Core/Inc -I../Drivers/STM32U5xx_HAL_Driver/Inc -I../Drivers/STM32U5xx_HAL_Driver/Inc/Legacy -I../Drivers/CMSIS/Device/ST/STM32U5xx/Include -I../Drivers/CMSIS/Include -O0 -ffunction-sections -fdata-sections -Wall -fstack-usage -fcyclomatic-complexity -MMD -MP -MF"Drivers/STM32U5xx_HAL_Driver/Src/stm32u5xx_hal_tim.d" -MT"Drivers/STM32U5xx_HAL_Driver/Src/stm32u5xx_hal_tim.o" --specs=nano.specs -mfpu=fpv5-sp-d16 -mfloat-abi=hard -mthumb -o "Drivers/STM32U5xx_HAL_Driver/Src/stm32u5xx_hal_tim.o"
arm-none-eabi-gcc "../Drivers/STM32U5xx_HAL_Driver/Src/stm32u5xx_hal_tim_ex.c" -mcpu=cortex-m33 -std=gnu11 -g3 -DDEBUG -DUSE_HAL_DRIVER -DSTM32U575xx -c -I../Core/Inc -I../Drivers/STM32U5xx_HAL_Driver/Inc -I../Drivers/STM32U5xx_HAL_Driver/Inc/Legacy -I../Drivers/CMSIS/Device/ST/STM32U5xx/Include -I../Drivers/CMSIS/Include -O0 -ffunction-sections -fdata-sections -Wall -fstack-usage -fcyclomatic-complexity -MMD -MP -MF"Drivers/STM32U5xx_HAL_Driver/Src/stm32u5xx_hal_tim_ex.d" -MT"Drivers/STM32U5xx_HAL_Driver/Src/stm32u5xx_hal_tim_ex.o" --specs=nano.specs -mfpu=fpv5-sp-d16 -mfloat-abi=hard -mthumb -o "Drivers/STM32U5xx_HAL_Driver/Src/stm32u5xx_hal_tim_ex.o"
arm-none-eabi-gcc "../Drivers/STM32U5xx_HAL_Driver/Src/stm32u5xx_hal_uart.c" -mcpu=cortex-m33 -std=gnu11 -g3 -DDEBUG -DUSE_HAL_DRIVER -DSTM32U575xx -c -I../Core/Inc -I../Drivers/STM32U5xx_HAL_Driver/Inc -I../Drivers/STM32U5xx_HAL_Driver/Inc/Legacy -I../Drivers/CMSIS/Device/ST/STM32U5xx/Include -I../Drivers/CMSIS/Include -O0 -ffunction-sections -fdata-sections -Wall -fstack-usage -fcyclomatic-complexity -MMD -MP -MF"Drivers/STM32U5xx_HAL_Driver/Src/stm32u5xx_hal_uart.d" -MT"Drivers/STM32U5xx_HAL_Driver/Src/stm32u5xx_hal_uart.o" --specs=nano.specs -mfpu=fpv5-sp-d16 -mfloat-abi=hard -mthumb -o "Drivers/STM32U5xx_HAL_Driver/Src/stm32u5xx_hal_uart.o"
arm-none-eabi-gcc "../Drivers/STM32U5xx_HAL_Driver/Src/stm32u5xx_hal_uart_ex.c" -mcpu=cortex-m33 -std=gnu11 -g3 -DDEBUG -DUSE_HAL_DRIVER -DSTM32U575xx -c -I../Core/Inc -I../Drivers/STM32U5xx_HAL_Driver/Inc -I../Drivers/STM32U5xx_HAL_Driver/Inc/Legacy -I../Drivers/CMSIS/Device/ST/STM32U5xx/Include -I../Drivers/CMSIS/Include -O0 -ffunction-sections -fdata-sections -Wall -fstack-usage -fcyclomatic-complexity -MMD -MP -MF"Drivers/STM32U5xx_HAL_Driver/Src/stm32u5xx_hal_uart_ex.d" -MT"Drivers/STM32U5xx_HAL_Driver/Src/stm32u5xx_hal_uart_ex.o" --specs=nano.specs -mfpu=fpv5-sp-d16 -mfloat-abi=hard -mthumb -o "Drivers/STM32U5xx_HAL_Driver/Src/stm32u5xx_hal_uart_ex.o"
arm-none-eabi-gcc "../Core/Src/fm_debug.c" -mcpu=cortex-m33 -std=gnu11 -g3 -DDEBUG -DUSE_HAL_DRIVER -DSTM32U575xx -c -I../Core/Inc -I../Drivers/STM32U5xx_HAL_Driver/Inc -I../Drivers/STM32U5xx_HAL_Driver/Inc/Legacy -I../Drivers/CMSIS/Device/ST/STM32U5xx/Include -I../Drivers/CMSIS/Include -O0 -ffunction-sections -fdata-sections -Wall -fstack-usage -fcyclomatic-complexity -MMD -MP -MF"Core/Src/fm_debug.d" -MT"Core/Src/fm_debug.o" --specs=nano.specs -mfpu=fpv5-sp-d16 -mfloat-abi=hard -mthumb -o "Core/Src/fm_debug.o"
arm-none-eabi-gcc "../Core/Src/main.c" -mcpu=cortex-m33 -std=gnu11 -g3 -DDEBUG -DUSE_HAL_DRIVER -DSTM32U575xx -c -I../Core/Inc -I../Drivers/STM32U5xx_HAL_Driver/Inc -I../Drivers/STM32U5xx_HAL_Driver/Inc/Legacy -I../Drivers/CMSIS/Device/ST/STM32U5xx/Include -I../Drivers/CMSIS/Include -O0 -ffunction-sections -fdata-sections -Wall -fstack-usage -fcyclomatic-complexity -MMD -MP -MF"Core/Src/main.d" -MT"Core/Src/main.o" --specs=nano.specs -mfpu=fpv5-sp-d16 -mfloat-abi=hard -mthumb -o "Core/Src/main.o"
arm-none-eabi-gcc "../Core/Src/stm32u5xx_hal_msp.c" -mcpu=cortex-m33 -std=gnu11 -g3 -DDEBUG -DUSE_HAL_DRIVER -DSTM32U575xx -c -I../Core/Inc -I../Drivers/STM32U5xx_HAL_Driver/Inc -I../Drivers/STM32U5xx_HAL_Driver/Inc/Legacy -I../Drivers/CMSIS/Device/ST/STM32U5xx/Include -I../Drivers/CMSIS/Include -O0 -ffunction-sections -fdata-sections -Wall -fstack-usage -fcyclomatic-complexity -MMD -MP -MF"Core/Src/stm32u5xx_hal_msp.d" -MT"Core/Src/stm32u5xx_hal_msp.o" --specs=nano.specs -mfpu=fpv5-sp-d16 -mfloat-abi=hard -mthumb -o "Core/Src/stm32u5xx_hal_msp.o"
arm-none-eabi-gcc "../Core/Src/stm32u5xx_it.c" -mcpu=cortex-m33 -std=gnu11 -g3 -DDEBUG -DUSE_HAL_DRIVER -DSTM32U575xx -c -I../Core/Inc -I../Drivers/STM32U5xx_HAL_Driver/Inc -I../Drivers/STM32U5xx_HAL_Driver/Inc/Legacy -I../Drivers/CMSIS/Device/ST/STM32U5xx/Include -I../Drivers/CMSIS/Include -O0 -ffunction-sections -fdata-sections -Wall -fstack-usage -fcyclomatic-complexity -MMD -MP -MF"Core/Src/stm32u5xx_it.d" -MT"Core/Src/stm32u5xx_it.o" --specs=nano.specs -mfpu=fpv5-sp-d16 -mfloat-abi=hard -mthumb -o "Core/Src/stm32u5xx_it.o"
arm-none-eabi-gcc "../Core/Src/system_stm32u5xx.c" -mcpu=cortex-m33 -std=gnu11 -g3 -DDEBUG -DUSE_HAL_DRIVER -DSTM32U575xx -c -I../Core/Inc -I../Drivers/STM32U5xx_HAL_Driver/Inc -I../Drivers/STM32U5xx_HAL_Driver/Inc/Legacy -I../Drivers/CMSIS/Device/ST/STM32U5xx/Include -I../Drivers/CMSIS/Include -O0 -ffunction-sections -fdata-sections -Wall -fstack-usage -fcyclomatic-complexity -MMD -MP -MF"Core/Src/system_stm32u5xx.d" -MT"Core/Src/system_stm32u5xx.o" --specs=nano.specs -mfpu=fpv5-sp-d16 -mfloat-abi=hard -mthumb -o "Core/Src/system_stm32u5xx.o"
../Core/Src/fm_debug.c: In function 'fm_debug_float_uart':
../Core/Src/fm_debug.c:177:14: warning: pointer targets in passing argument 1 of 'snprintf' differ in signedness [-Wpointer-sign]
  177 |     snprintf(str, sizeof(str), "%0.2f\n", num);
      |              ^~~
      |              |
      |              uint8_t * {aka unsigned char *}
In file included from ../Core/Inc/fm_debug.h:20,
                 from ../Core/Src/fm_debug.c:27:
C:\ST\STM32CubeIDE_1.11.0\STM32CubeIDE\plugins\com.st.stm32cube.ide.mcu.externaltools.gnu-tools-for-stm32.11.3.rel1.win32_1.1.100.202309141235\tools\bin/../lib/gcc/arm-none-eabi/11.3.1/../../../../arm-none-eabi/include/stdio.h:276:19: note: expected 'char * restrict' but argument is of type 'uint8_t *' {aka 'unsigned char *'}
  276 | int     snprintf (char *__restrict, size_t, const char *__restrict, ...)
      |                   ^
../Core/Src/fm_debug.c:178:46: warning: pointer targets in passing argument 1 of 'strlen' differ in signedness [-Wpointer-sign]
  178 |     fm_debug_msg_uart((uint8_t*) str, strlen(str));
      |                                              ^~~
      |                                              |
      |                                              uint8_t * {aka unsigned char *}
In file included from ../Core/Inc/fm_debug.h:19,
                 from ../Core/Src/fm_debug.c:27:
C:\ST\STM32CubeIDE_1.11.0\STM32CubeIDE\plugins\com.st.stm32cube.ide.mcu.externaltools.gnu-tools-for-stm32.11.3.rel1.win32_1.1.100.202309141235\tools\bin/../lib/gcc/arm-none-eabi/11.3.1/../../../../arm-none-eabi/include/string.h:41:18: note: expected 'const char *' but argument is of type 'uint8_t *' {aka 'unsigned char *'}
   41 | size_t   strlen (const char *);
      |                  ^~~~~~~~~~~~
arm-none-eabi-gcc -o "02_setup.elf" @"objects.list"   -mcpu=cortex-m33 -T"D:\FLOWMEET Dropbox\flowmeet\id\boards\fmc-320u\dhs\02_setup\STM32U575VITXQ_FLASH.ld" --specs=nosys.specs -Wl,-Map="02_setup.map" -Wl,--gc-sections -static --specs=nano.specs -mfpu=fpv5-sp-d16 -mfloat-abi=hard -mthumb -Wl,--start-group -lc -lm -Wl,--end-group
Finished building target: 02_setup.elf
 
arm-none-eabi-size  02_setup.elf 
arm-none-eabi-objdump -h -S 02_setup.elf  > "02_setup.list"
   text	   data	    bss	    dec	    hex	filename
  40663	    100	   2772	  43535	   aa0f	02_setup.elf
Finished building: default.size.stdout
 
Finished building: 02_setup.list
 
17:13:44 **** Incremental Build of configuration Debug for project 02_setup ****
make -j12 all 
arm-none-eabi-gcc "../Core/Src/fm_debug.c" -mcpu=cortex-m33 -std=gnu11 -g3 -DDEBUG -DUSE_HAL_DRIVER -DSTM32U575xx -c -I../Core/Inc -I../Drivers/STM32U5xx_HAL_Driver/Inc -I../Drivers/STM32U5xx_HAL_Driver/Inc/Legacy -I../Drivers/CMSIS/Device/ST/STM32U5xx/Include -I../Drivers/CMSIS/Include -O0 -ffunction-sections -fdata-sections -Wall -fstack-usage -fcyclomatic-complexity -MMD -MP -MF"Core/Src/fm_debug.d" -MT"Core/Src/fm_debug.o" --specs=nano.specs -mfpu=fpv5-sp-d16 -mfloat-abi=hard -mthumb -o "Core/Src/fm_debug.o"
../Core/Src/fm_debug.c: In function 'fm_debug_float_uart':
../Core/Src/fm_debug.c:177:14: warning: pointer targets in passing argument 1 of 'snprintf' differ in signedness [-Wpointer-sign]
  177 |     snprintf(str, sizeof(str), "%0.2f\n", num);
      |              ^~~
      |              |
      |              uint8_t * {aka unsigned char *}
In file included from ../Core/Inc/fm_debug.h:20,
                 from ../Core/Src/fm_debug.c:27:
C:\ST\STM32CubeIDE_1.11.0\STM32CubeIDE\plugins\com.st.stm32cube.ide.mcu.externaltools.gnu-tools-for-stm32.11.3.rel1.win32_1.1.100.202309141235\tools\bin/../lib/gcc/arm-none-eabi/11.3.1/../../../../arm-none-eabi/include/stdio.h:276:19: note: expected 'char * restrict' but argument is of type 'uint8_t *' {aka 'unsigned char *'}
  276 | int     snprintf (char *__restrict, size_t, const char *__restrict, ...)
      |                   ^
../Core/Src/fm_debug.c:178:35: warning: pointer targets in passing argument 1 of 'strlen' differ in signedness [-Wpointer-sign]
  178 |     fm_debug_msg_uart(str, strlen(str));
      |                                   ^~~
      |                                   |
      |                                   uint8_t * {aka unsigned char *}
In file included from ../Core/Inc/fm_debug.h:19,
                 from ../Core/Src/fm_debug.c:27:
C:\ST\STM32CubeIDE_1.11.0\STM32CubeIDE\plugins\com.st.stm32cube.ide.mcu.externaltools.gnu-tools-for-stm32.11.3.rel1.win32_1.1.100.202309141235\tools\bin/../lib/gcc/arm-none-eabi/11.3.1/../../../../arm-none-eabi/include/string.h:41:18: note: expected 'const char *' but argument is of type 'uint8_t *' {aka 'unsigned char *'}
   41 | size_t   strlen (const char *);
      |                  ^~~~~~~~~~~~
arm-none-eabi-gcc -o "02_setup.elf" @"objects.list"   -mcpu=cortex-m33 -T"D:\FLOWMEET Dropbox\flowmeet\id\boards\fmc-320u\dhs\02_setup\STM32U575VITXQ_FLASH.ld" --specs=nosys.specs -Wl,-Map="02_setup.map" -Wl,--gc-sections -static --specs=nano.specs -mfpu=fpv5-sp-d16 -mfloat-abi=hard -mthumb -Wl,--start-group -lc -lm -Wl,--end-group
Finished building target: 02_setup.elf
 
arm-none-eabi-size  02_setup.elf 
arm-none-eabi-objdump -h -S 02_setup.elf  > "02_setup.list"
   text	   data	    bss	    dec	    hex	filename
  40663	    100	   2772	  43535	   aa0f	02_setup.elf
Finished building: default.size.stdout
 
Finished building: 02_setup.list
 
17:32:03 **** Incremental Build of configuration Debug for project 02_setup ****
make -j12 all 
arm-none-eabi-gcc -o "02_setup.elf" @"objects.list"   -mcpu=cortex-m33 -T"D:\FLOWMEET Dropbox\flowmeet\id\boards\fmc-320u\dhs\02_setup\STM32U575VITXQ_FLASH.ld" --specs=nosys.specs -Wl,-Map="02_setup.map" -Wl,--gc-sections -static --specs=nano.specs -mfpu=fpv5-sp-d16 -mfloat-abi=hard -mthumb -u _printf_float -Wl,--start-group -lc -lm -Wl,--end-group
Finished building target: 02_setup.elf
 
arm-none-eabi-size  02_setup.elf 
arm-none-eabi-objdump -h -S 02_setup.elf  > "02_setup.list"
   text	   data	    bss	    dec	    hex	filename
  53308	    476	   2780	  56564	   dcf4	02_setup.elf
Finished building: default.size.stdout
 
Finished building: 02_setup.list
 
17:54:02 **** Incremental Build of configuration Debug for project 02_setup ****
make -j12 all 
arm-none-eabi-gcc "../Core/Src/fm_debug.c" -mcpu=cortex-m33 -std=gnu11 -g3 -DDEBUG -DUSE_HAL_DRIVER -DSTM32U575xx -c -I../Core/Inc -I../Drivers/STM32U5xx_HAL_Driver/Inc -I../Drivers/STM32U5xx_HAL_Driver/Inc/Legacy -I../Drivers/CMSIS/Device/ST/STM32U5xx/Include -I../Drivers/CMSIS/Include -O0 -ffunction-sections -fdata-sections -Wall -fstack-usage -fcyclomatic-complexity -MMD -MP -MF"Core/Src/fm_debug.d" -MT"Core/Src/fm_debug.o" --specs=nano.specs -mfpu=fpv5-sp-d16 -mfloat-abi=hard -mthumb -o "Core/Src/fm_debug.o"
../Core/Src/fm_debug.c: In function 'fm_debug_float_uart':
../Core/Src/fm_debug.c:190:14: warning: pointer targets in passing argument 1 of 'snprintf' differ in signedness [-Wpointer-sign]
  190 |     snprintf(str, sizeof(str), "%0.2f\n", num);
      |              ^~~
      |              |
      |              uint8_t * {aka unsigned char *}
In file included from ../Core/Inc/fm_debug.h:20,
                 from ../Core/Src/fm_debug.c:27:
C:\ST\STM32CubeIDE_1.11.0\STM32CubeIDE\plugins\com.st.stm32cube.ide.mcu.externaltools.gnu-tools-for-stm32.11.3.rel1.win32_1.1.100.202309141235\tools\bin/../lib/gcc/arm-none-eabi/11.3.1/../../../../arm-none-eabi/include/stdio.h:276:19: note: expected 'char * restrict' but argument is of type 'uint8_t *' {aka 'unsigned char *'}
  276 | int     snprintf (char *__restrict, size_t, const char *__restrict, ...)
      |                   ^
../Core/Src/fm_debug.c:191:35: warning: pointer targets in passing argument 1 of 'strlen' differ in signedness [-Wpointer-sign]
  191 |     fm_debug_msg_uart(str, strlen(str));
      |                                   ^~~
      |                                   |
      |                                   uint8_t * {aka unsigned char *}
In file included from ../Core/Inc/fm_debug.h:19,
                 from ../Core/Src/fm_debug.c:27:
C:\ST\STM32CubeIDE_1.11.0\STM32CubeIDE\plugins\com.st.stm32cube.ide.mcu.externaltools.gnu-tools-for-stm32.11.3.rel1.win32_1.1.100.202309141235\tools\bin/../lib/gcc/arm-none-eabi/11.3.1/../../../../arm-none-eabi/include/string.h:41:18: note: expected 'const char *' but argument is of type 'uint8_t *' {aka 'unsigned char *'}
   41 | size_t   strlen (const char *);
      |                  ^~~~~~~~~~~~
arm-none-eabi-gcc -o "02_setup.elf" @"objects.list"   -mcpu=cortex-m33 -T"D:\FLOWMEET Dropbox\flowmeet\id\boards\fmc-320u\dhs\02_setup\STM32U575VITXQ_FLASH.ld" --specs=nosys.specs -Wl,-Map="02_setup.map" -Wl,--gc-sections -static --specs=nano.specs -mfpu=fpv5-sp-d16 -mfloat-abi=hard -mthumb -u _printf_float -Wl,--start-group -lc -lm -Wl,--end-group
Finished building target: 02_setup.elf
 
arm-none-eabi-size  02_setup.elf 
arm-none-eabi-objdump -h -S 02_setup.elf  > "02_setup.list"
   text	   data	    bss	    dec	    hex	filename
  53308	    476	   2780	  56564	   dcf4	02_setup.elf
Finished building: default.size.stdout
 
Finished building: 02_setup.list
 
17:56:12 **** Incremental Build of configuration Debug for project 02_setup ****
make -j12 all 
arm-none-eabi-gcc "../Core/Src/fm_debug.c" -mcpu=cortex-m33 -std=gnu11 -g3 -DDEBUG -DUSE_HAL_DRIVER -DSTM32U575xx -c -I../Core/Inc -I../Drivers/STM32U5xx_HAL_Driver/Inc -I../Drivers/STM32U5xx_HAL_Driver/Inc/Legacy -I../Drivers/CMSIS/Device/ST/STM32U5xx/Include -I../Drivers/CMSIS/Include -O0 -ffunction-sections -fdata-sections -Wall -fstack-usage -fcyclomatic-complexity -MMD -MP -MF"Core/Src/fm_debug.d" -MT"Core/Src/fm_debug.o" --specs=nano.specs -mfpu=fpv5-sp-d16 -mfloat-abi=hard -mthumb -o "Core/Src/fm_debug.o"
../Core/Src/fm_debug.c: In function 'fm_debug_float_uart':
../Core/Src/fm_debug.c:190:14: warning: pointer targets in passing argument 1 of 'snprintf' differ in signedness [-Wpointer-sign]
  190 |     snprintf(str, sizeof(str), "%0.2f\n", num);
      |              ^~~
      |              |
      |              uint8_t * {aka unsigned char *}
In file included from ../Core/Inc/fm_debug.h:20,
                 from ../Core/Src/fm_debug.c:27:
C:\ST\STM32CubeIDE_1.11.0\STM32CubeIDE\plugins\com.st.stm32cube.ide.mcu.externaltools.gnu-tools-for-stm32.11.3.rel1.win32_1.1.100.202309141235\tools\bin/../lib/gcc/arm-none-eabi/11.3.1/../../../../arm-none-eabi/include/stdio.h:276:19: note: expected 'char * restrict' but argument is of type 'uint8_t *' {aka 'unsigned char *'}
  276 | int     snprintf (char *__restrict, size_t, const char *__restrict, ...)
      |                   ^
arm-none-eabi-gcc -o "02_setup.elf" @"objects.list"   -mcpu=cortex-m33 -T"D:\FLOWMEET Dropbox\flowmeet\id\boards\fmc-320u\dhs\02_setup\STM32U575VITXQ_FLASH.ld" --specs=nosys.specs -Wl,-Map="02_setup.map" -Wl,--gc-sections -static --specs=nano.specs -mfpu=fpv5-sp-d16 -mfloat-abi=hard -mthumb -u _printf_float -Wl,--start-group -lc -lm -Wl,--end-group
Finished building target: 02_setup.elf
 
arm-none-eabi-size  02_setup.elf 
arm-none-eabi-objdump -h -S 02_setup.elf  > "02_setup.list"
   text	   data	    bss	    dec	    hex	filename
  53292	    476	   2780	  56548	   dce4	02_setup.elf
Finished building: default.size.stdout
 
Finished building: 02_setup.list
 
17:56:41 **** Incremental Build of configuration Debug for project 02_setup ****
make -j12 all 
arm-none-eabi-gcc "../Core/Src/fm_debug.c" -mcpu=cortex-m33 -std=gnu11 -g3 -DDEBUG -DUSE_HAL_DRIVER -DSTM32U575xx -c -I../Core/Inc -I../Drivers/STM32U5xx_HAL_Driver/Inc -I../Drivers/STM32U5xx_HAL_Driver/Inc/Legacy -I../Drivers/CMSIS/Device/ST/STM32U5xx/Include -I../Drivers/CMSIS/Include -O0 -ffunction-sections -fdata-sections -Wall -fstack-usage -fcyclomatic-complexity -MMD -MP -MF"Core/Src/fm_debug.d" -MT"Core/Src/fm_debug.o" --specs=nano.specs -mfpu=fpv5-sp-d16 -mfloat-abi=hard -mthumb -o "Core/Src/fm_debug.o"
../Core/Src/fm_debug.c: In function 'fm_debug_float_uart':
../Core/Src/fm_debug.c:190:14: warning: pointer targets in passing argument 1 of 'snprintf' differ in signedness [-Wpointer-sign]
  190 |     snprintf(str, SIZE_OF_FLOAT, "%0.2f\n", num);
      |              ^~~
      |              |
      |              uint8_t * {aka unsigned char *}
In file included from ../Core/Inc/fm_debug.h:20,
                 from ../Core/Src/fm_debug.c:27:
C:\ST\STM32CubeIDE_1.11.0\STM32CubeIDE\plugins\com.st.stm32cube.ide.mcu.externaltools.gnu-tools-for-stm32.11.3.rel1.win32_1.1.100.202309141235\tools\bin/../lib/gcc/arm-none-eabi/11.3.1/../../../../arm-none-eabi/include/stdio.h:276:19: note: expected 'char * restrict' but argument is of type 'uint8_t *' {aka 'unsigned char *'}
  276 | int     snprintf (char *__restrict, size_t, const char *__restrict, ...)
      |                   ^
arm-none-eabi-gcc -o "02_setup.elf" @"objects.list"   -mcpu=cortex-m33 -T"D:\FLOWMEET Dropbox\flowmeet\id\boards\fmc-320u\dhs\02_setup\STM32U575VITXQ_FLASH.ld" --specs=nosys.specs -Wl,-Map="02_setup.map" -Wl,--gc-sections -static --specs=nano.specs -mfpu=fpv5-sp-d16 -mfloat-abi=hard -mthumb -u _printf_float -Wl,--start-group -lc -lm -Wl,--end-group
Finished building target: 02_setup.elf
 
arm-none-eabi-size  02_setup.elf 
arm-none-eabi-objdump -h -S 02_setup.elf  > "02_setup.list"
   text	   data	    bss	    dec	    hex	filename
  53292	    476	   2780	  56548	   dce4	02_setup.elf
Finished building: default.size.stdout
 
Finished building: 02_setup.list
 
17:58:42 **** Incremental Build of configuration Debug for project 02_setup ****
make -j12 all 
arm-none-eabi-gcc "../Core/Src/fm_debug.c" -mcpu=cortex-m33 -std=gnu11 -g3 -DDEBUG -DUSE_HAL_DRIVER -DSTM32U575xx -c -I../Core/Inc -I../Drivers/STM32U5xx_HAL_Driver/Inc -I../Drivers/STM32U5xx_HAL_Driver/Inc/Legacy -I../Drivers/CMSIS/Device/ST/STM32U5xx/Include -I../Drivers/CMSIS/Include -O0 -ffunction-sections -fdata-sections -Wall -fstack-usage -fcyclomatic-complexity -MMD -MP -MF"Core/Src/fm_debug.d" -MT"Core/Src/fm_debug.o" --specs=nano.specs -mfpu=fpv5-sp-d16 -mfloat-abi=hard -mthumb -o "Core/Src/fm_debug.o"
arm-none-eabi-gcc -o "02_setup.elf" @"objects.list"   -mcpu=cortex-m33 -T"D:\FLOWMEET Dropbox\flowmeet\id\boards\fmc-320u\dhs\02_setup\STM32U575VITXQ_FLASH.ld" --specs=nosys.specs -Wl,-Map="02_setup.map" -Wl,--gc-sections -static --specs=nano.specs -mfpu=fpv5-sp-d16 -mfloat-abi=hard -mthumb -u _printf_float -Wl,--start-group -lc -lm -Wl,--end-group
Finished building target: 02_setup.elf
 
arm-none-eabi-size  02_setup.elf 
arm-none-eabi-objdump -h -S 02_setup.elf  > "02_setup.list"
   text	   data	    bss	    dec	    hex	filename
  53292	    476	   2780	  56548	   dce4	02_setup.elf
Finished building: default.size.stdout
 
Finished building: 02_setup.list
 
18:00:31 **** Incremental Build of configuration Debug for project 02_setup ****
make -j12 all 
arm-none-eabi-gcc "../Core/Src/fm_debug.c" -mcpu=cortex-m33 -std=gnu11 -g3 -DDEBUG -DUSE_HAL_DRIVER -DSTM32U575xx -c -I../Core/Inc -I../Drivers/STM32U5xx_HAL_Driver/Inc -I../Drivers/STM32U5xx_HAL_Driver/Inc/Legacy -I../Drivers/CMSIS/Device/ST/STM32U5xx/Include -I../Drivers/CMSIS/Include -O0 -ffunction-sections -fdata-sections -Wall -fstack-usage -fcyclomatic-complexity -MMD -MP -MF"Core/Src/fm_debug.d" -MT"Core/Src/fm_debug.o" --specs=nano.specs -mfpu=fpv5-sp-d16 -mfloat-abi=hard -mthumb -o "Core/Src/fm_debug.o"
arm-none-eabi-gcc "../Core/Src/main.c" -mcpu=cortex-m33 -std=gnu11 -g3 -DDEBUG -DUSE_HAL_DRIVER -DSTM32U575xx -c -I../Core/Inc -I../Drivers/STM32U5xx_HAL_Driver/Inc -I../Drivers/STM32U5xx_HAL_Driver/Inc/Legacy -I../Drivers/CMSIS/Device/ST/STM32U5xx/Include -I../Drivers/CMSIS/Include -O0 -ffunction-sections -fdata-sections -Wall -fstack-usage -fcyclomatic-complexity -MMD -MP -MF"Core/Src/main.d" -MT"Core/Src/main.o" --specs=nano.specs -mfpu=fpv5-sp-d16 -mfloat-abi=hard -mthumb -o "Core/Src/main.o"
../Core/Src/fm_debug.c:120:6: error: conflicting types for 'fm_debug_msg_uart'; have 'void(const char *, uint8_t)' {aka 'void(const char *, unsigned char)'}
  120 | void fm_debug_msg_uart(const char *p_msg, uint8_t len)
      |      ^~~~~~~~~~~~~~~~~
In file included from ../Core/Src/fm_debug.c:27:
../Core/Inc/fm_debug.h:57:6: note: previous declaration of 'fm_debug_msg_uart' with type 'void(const uint8_t *, uint8_t)' {aka 'void(const unsigned char *, unsigned char)'}
   57 | void fm_debug_msg_uart(const uint8_t *p_msg, uint8_t len);
      |      ^~~~~~~~~~~~~~~~~
../Core/Src/fm_debug.c: In function 'fm_debug_msg_uart':
../Core/Src/fm_debug.c:130:29: warning: passing argument 1 of 'HAL_UART_Transmit' from incompatible pointer type [-Wincompatible-pointer-types]
  130 |     ret = HAL_UART_Transmit((const uint8_t *)&huart1, p_msg, len - 1, DELAY_DEFAULT);
      |                             ^~~~~~~~~~~~~~~~~~~~~~~~
      |                             |
      |                             const uint8_t * {aka const unsigned char *}
../Core/Src/main.c: In function 'main':
../Core/Src/main.c:145:37: warning: pointer targets in passing argument 1 of 'fm_debug_msg_uart' differ in signedness [-Wpointer-sign]
  145 |                   fm_debug_msg_uart(buffer_msg, sizeof(buffer_msg));
      |                                     ^~~~~~~~~~
      |                                     |
      |                                     char *
In file included from ../Core/Src/main.c:25:
../Core/Inc/fm_debug.h:57:39: note: expected 'const uint8_t *' {aka 'const unsigned char *'} but argument is of type 'char *'
   57 | void fm_debug_msg_uart(const uint8_t *p_msg, uint8_t len);
      |                        ~~~~~~~~~~~~~~~^~~~~
In file included from ../Core/Inc/stm32u5xx_hal_conf.h:411,
                 from ../Drivers/STM32U5xx_HAL_Driver/Inc/stm32u5xx_hal.h:29,
                 from ../Core/Inc/main.h:30,
                 from ../Core/Inc/fm_debug.h:18,
                 from ../Core/Src/fm_debug.c:27:
../Drivers/STM32U5xx_HAL_Driver/Inc/stm32u5xx_hal_uart.h:1635:57: note: expected 'UART_HandleTypeDef *' {aka 'struct __UART_HandleTypeDef *'} but argument is of type 'const uint8_t *' {aka 'const unsigned char *'}
 1635 | HAL_StatusTypeDef HAL_UART_Transmit(UART_HandleTypeDef *huart, const uint8_t *pData, uint16_t Size, uint32_t Timeout);
      |                                     ~~~~~~~~~~~~~~~~~~~~^~~~~
../Core/Src/fm_debug.c:130:55: warning: pointer targets in passing argument 2 of 'HAL_UART_Transmit' differ in signedness [-Wpointer-sign]
  130 |     ret = HAL_UART_Transmit((const uint8_t *)&huart1, p_msg, len - 1, DELAY_DEFAULT);
      |                                                       ^~~~~
      |                                                       |
      |                                                       const char *
In file included from ../Core/Inc/stm32u5xx_hal_conf.h:411,
                 from ../Drivers/STM32U5xx_HAL_Driver/Inc/stm32u5xx_hal.h:29,
                 from ../Core/Inc/main.h:30,
                 from ../Core/Inc/fm_debug.h:18,
                 from ../Core/Src/fm_debug.c:27:
../Drivers/STM32U5xx_HAL_Driver/Inc/stm32u5xx_hal_uart.h:1635:79: note: expected 'const uint8_t *' {aka 'const unsigned char *'} but argument is of type 'const char *'
 1635 | HAL_StatusTypeDef HAL_UART_Transmit(UART_HandleTypeDef *huart, const uint8_t *pData, uint16_t Size, uint32_t Timeout);
      |                                                                ~~~~~~~~~~~~~~~^~~~~
../Core/Src/fm_debug.c: In function 'fm_debug_uint8_uart':
../Core/Src/fm_debug.c:148:23: warning: pointer targets in passing argument 1 of 'fm_debug_msg_uart' differ in signedness [-Wpointer-sign]
  148 |     fm_debug_msg_uart((uint8_t*) str, strlen(str));
      |                       ^~~~~~~~~~~~~~
      |                       |
      |                       uint8_t * {aka unsigned char *}
../Core/Src/fm_debug.c:120:36: note: expected 'const char *' but argument is of type 'uint8_t *' {aka 'unsigned char *'}
  120 | void fm_debug_msg_uart(const char *p_msg, uint8_t len)
      |                        ~~~~~~~~~~~~^~~~~
../Core/Src/fm_debug.c: In function 'fm_debug_uint16_uart':
../Core/Src/fm_debug.c:160:23: warning: pointer targets in passing argument 1 of 'fm_debug_msg_uart' differ in signedness [-Wpointer-sign]
  160 |     fm_debug_msg_uart((uint8_t*) str, SIZE_OF_UINT16);
      |                       ^~~~~~~~~~~~~~
      |                       |
      |                       uint8_t * {aka unsigned char *}
../Core/Src/fm_debug.c:120:36: note: expected 'const char *' but argument is of type 'uint8_t *' {aka 'unsigned char *'}
  120 | void fm_debug_msg_uart(const char *p_msg, uint8_t len)
      |                        ~~~~~~~~~~~~^~~~~
../Core/Src/fm_debug.c: In function 'fm_debug_uint32_uart':
../Core/Src/fm_debug.c:172:23: warning: pointer targets in passing argument 1 of 'fm_debug_msg_uart' differ in signedness [-Wpointer-sign]
  172 |     fm_debug_msg_uart((uint8_t*) str, SIZE_OF_UINT32);
      |                       ^~~~~~~~~~~~~~
      |                       |
      |                       uint8_t * {aka unsigned char *}
../Core/Src/fm_debug.c:120:36: note: expected 'const char *' but argument is of type 'uint8_t *' {aka 'unsigned char *'}
  120 | void fm_debug_msg_uart(const char *p_msg, uint8_t len)
      |                        ~~~~~~~~~~~~^~~~~
../Core/Src/fm_debug.c: In function 'fm_debug_int32_uart':
../Core/Src/fm_debug.c:179:23: warning: pointer targets in passing argument 1 of 'fm_debug_msg_uart' differ in signedness [-Wpointer-sign]
  179 |     fm_debug_msg_uart((uint8_t*) str, SIZE_OF_INT32);
      |                       ^~~~~~~~~~~~~~
      |                       |
      |                       uint8_t * {aka unsigned char *}
../Core/Src/fm_debug.c:120:36: note: expected 'const char *' but argument is of type 'uint8_t *' {aka 'unsigned char *'}
  120 | void fm_debug_msg_uart(const char *p_msg, uint8_t len)
      |                        ~~~~~~~~~~~~^~~~~
../Core/Src/fm_debug.c: In function 'fm_debug_float_uart':
../Core/Src/fm_debug.c:191:23: warning: pointer targets in passing argument 1 of 'fm_debug_msg_uart' differ in signedness [-Wpointer-sign]
  191 |     fm_debug_msg_uart(str, SIZE_OF_FLOAT);
      |                       ^~~
      |                       |
      |                       uint8_t * {aka unsigned char *}
../Core/Src/fm_debug.c:120:36: note: expected 'const char *' but argument is of type 'uint8_t *' {aka 'unsigned char *'}
  120 | void fm_debug_msg_uart(const char *p_msg, uint8_t len)
      |                        ~~~~~~~~~~~~^~~~~
make: *** [Core/Src/subdir.mk:37: Core/Src/fm_debug.o] Error 1
make: *** Waiting for unfinished jobs....
"make -j12 all" terminated with exit code 2. Build might be incomplete.
18:01:32 **** Incremental Build of configuration Debug for project 02_setup ****
make -j12 all 
arm-none-eabi-gcc "../Core/Src/fm_debug.c" -mcpu=cortex-m33 -std=gnu11 -g3 -DDEBUG -DUSE_HAL_DRIVER -DSTM32U575xx -c -I../Core/Inc -I../Drivers/STM32U5xx_HAL_Driver/Inc -I../Drivers/STM32U5xx_HAL_Driver/Inc/Legacy -I../Drivers/CMSIS/Device/ST/STM32U5xx/Include -I../Drivers/CMSIS/Include -O0 -ffunction-sections -fdata-sections -Wall -fstack-usage -fcyclomatic-complexity -MMD -MP -MF"Core/Src/fm_debug.d" -MT"Core/Src/fm_debug.o" --specs=nano.specs -mfpu=fpv5-sp-d16 -mfloat-abi=hard -mthumb -o "Core/Src/fm_debug.o"
../Core/Src/fm_debug.c:120:6: error: conflicting types for 'fm_debug_msg_uart'; have 'void(const char *, uint8_t)' {aka 'void(const char *, unsigned char)'}
  120 | void fm_debug_msg_uart(const char *p_msg, uint8_t len)
      |      ^~~~~~~~~~~~~~~~~
In file included from ../Core/Src/fm_debug.c:27:
../Core/Inc/fm_debug.h:57:6: note: previous declaration of 'fm_debug_msg_uart' with type 'void(const uint8_t *, uint8_t)' {aka 'void(const unsigned char *, unsigned char)'}
   57 | void fm_debug_msg_uart(const uint8_t *p_msg, uint8_t len);
      |      ^~~~~~~~~~~~~~~~~
../Core/Src/fm_debug.c: In function 'fm_debug_uint8_uart':
../Core/Src/fm_debug.c:148:23: warning: pointer targets in passing argument 1 of 'fm_debug_msg_uart' differ in signedness [-Wpointer-sign]
  148 |     fm_debug_msg_uart((uint8_t*) str, strlen(str));
      |                       ^~~~~~~~~~~~~~
      |                       |
      |                       uint8_t * {aka unsigned char *}
../Core/Src/fm_debug.c:120:36: note: expected 'const char *' but argument is of type 'uint8_t *' {aka 'unsigned char *'}
  120 | void fm_debug_msg_uart(const char *p_msg, uint8_t len)
      |                        ~~~~~~~~~~~~^~~~~
../Core/Src/fm_debug.c: In function 'fm_debug_uint16_uart':
../Core/Src/fm_debug.c:160:23: warning: pointer targets in passing argument 1 of 'fm_debug_msg_uart' differ in signedness [-Wpointer-sign]
  160 |     fm_debug_msg_uart((uint8_t*) str, SIZE_OF_UINT16);
      |                       ^~~~~~~~~~~~~~
      |                       |
      |                       uint8_t * {aka unsigned char *}
../Core/Src/fm_debug.c:120:36: note: expected 'const char *' but argument is of type 'uint8_t *' {aka 'unsigned char *'}
  120 | void fm_debug_msg_uart(const char *p_msg, uint8_t len)
      |                        ~~~~~~~~~~~~^~~~~
../Core/Src/fm_debug.c: In function 'fm_debug_uint32_uart':
../Core/Src/fm_debug.c:172:23: warning: pointer targets in passing argument 1 of 'fm_debug_msg_uart' differ in signedness [-Wpointer-sign]
  172 |     fm_debug_msg_uart((uint8_t*) str, SIZE_OF_UINT32);
      |                       ^~~~~~~~~~~~~~
      |                       |
      |                       uint8_t * {aka unsigned char *}
../Core/Src/fm_debug.c:120:36: note: expected 'const char *' but argument is of type 'uint8_t *' {aka 'unsigned char *'}
  120 | void fm_debug_msg_uart(const char *p_msg, uint8_t len)
      |                        ~~~~~~~~~~~~^~~~~
../Core/Src/fm_debug.c: In function 'fm_debug_int32_uart':
../Core/Src/fm_debug.c:179:23: warning: pointer targets in passing argument 1 of 'fm_debug_msg_uart' differ in signedness [-Wpointer-sign]
  179 |     fm_debug_msg_uart((uint8_t*) str, SIZE_OF_INT32);
      |                       ^~~~~~~~~~~~~~
      |                       |
      |                       uint8_t * {aka unsigned char *}
../Core/Src/fm_debug.c:120:36: note: expected 'const char *' but argument is of type 'uint8_t *' {aka 'unsigned char *'}
  120 | void fm_debug_msg_uart(const char *p_msg, uint8_t len)
      |                        ~~~~~~~~~~~~^~~~~
../Core/Src/fm_debug.c: In function 'fm_debug_float_uart':
../Core/Src/fm_debug.c:191:23: warning: pointer targets in passing argument 1 of 'fm_debug_msg_uart' differ in signedness [-Wpointer-sign]
  191 |     fm_debug_msg_uart(str, SIZE_OF_FLOAT);
      |                       ^~~
      |                       |
      |                       uint8_t * {aka unsigned char *}
../Core/Src/fm_debug.c:120:36: note: expected 'const char *' but argument is of type 'uint8_t *' {aka 'unsigned char *'}
  120 | void fm_debug_msg_uart(const char *p_msg, uint8_t len)
      |                        ~~~~~~~~~~~~^~~~~
make: *** [Core/Src/subdir.mk:37: Core/Src/fm_debug.o] Error 1
"make -j12 all" terminated with exit code 2. Build might be incomplete.
18:03:17 **** Incremental Build of configuration Debug for project 02_setup ****
make -j12 all 
arm-none-eabi-gcc "../Core/Src/fm_debug.c" -mcpu=cortex-m33 -std=gnu11 -g3 -DDEBUG -DUSE_HAL_DRIVER -DSTM32U575xx -c -I../Core/Inc -I../Drivers/STM32U5xx_HAL_Driver/Inc -I../Drivers/STM32U5xx_HAL_Driver/Inc/Legacy -I../Drivers/CMSIS/Device/ST/STM32U5xx/Include -I../Drivers/CMSIS/Include -O0 -ffunction-sections -fdata-sections -Wall -fstack-usage -fcyclomatic-complexity -MMD -MP -MF"Core/Src/fm_debug.d" -MT"Core/Src/fm_debug.o" --specs=nano.specs -mfpu=fpv5-sp-d16 -mfloat-abi=hard -mthumb -o "Core/Src/fm_debug.o"
arm-none-eabi-gcc "../Core/Src/main.c" -mcpu=cortex-m33 -std=gnu11 -g3 -DDEBUG -DUSE_HAL_DRIVER -DSTM32U575xx -c -I../Core/Inc -I../Drivers/STM32U5xx_HAL_Driver/Inc -I../Drivers/STM32U5xx_HAL_Driver/Inc/Legacy -I../Drivers/CMSIS/Device/ST/STM32U5xx/Include -I../Drivers/CMSIS/Include -O0 -ffunction-sections -fdata-sections -Wall -fstack-usage -fcyclomatic-complexity -MMD -MP -MF"Core/Src/main.d" -MT"Core/Src/main.o" --specs=nano.specs -mfpu=fpv5-sp-d16 -mfloat-abi=hard -mthumb -o "Core/Src/main.o"
../Core/Src/fm_debug.c:99:6: error: conflicting types for 'fm_debug_msg_itm'; have 'void(const uint8_t *, uint8_t)' {aka 'void(const unsigned char *, unsigned char)'}
   99 | void fm_debug_msg_itm(const uint8_t *msg, uint8_t len)
      |      ^~~~~~~~~~~~~~~~
In file included from ../Core/Src/fm_debug.c:27:
../Core/Inc/fm_debug.h:56:6: note: previous declaration of 'fm_debug_msg_itm' with type 'void(const char *, uint8_t)' {aka 'void(const char *, unsigned char)'}
   56 | void fm_debug_msg_itm(const char *msg, uint8_t len);
      |      ^~~~~~~~~~~~~~~~
../Core/Src/fm_debug.c:120:6: error: conflicting types for 'fm_debug_msg_uart'; have 'void(const char *, uint8_t)' {aka 'void(const char *, unsigned char)'}
  120 | void fm_debug_msg_uart(const char *p_msg, uint8_t len)
      |      ^~~~~~~~~~~~~~~~~
In file included from ../Core/Src/fm_debug.c:27:
../Core/Inc/fm_debug.h:57:6: note: previous declaration of 'fm_debug_msg_uart' with type 'void(const uint8_t *, uint8_t)' {aka 'void(const unsigned char *, unsigned char)'}
   57 | void fm_debug_msg_uart(const uint8_t *p_msg, uint8_t len);
      |      ^~~~~~~~~~~~~~~~~
../Core/Src/fm_debug.c: In function 'fm_debug_uint8_uart':
../Core/Src/fm_debug.c:148:23: warning: pointer targets in passing argument 1 of 'fm_debug_msg_uart' differ in signedness [-Wpointer-sign]
  148 |     fm_debug_msg_uart((uint8_t*) str, strlen(str));
      |                       ^~~~~~~~~~~~~~
      |                       |
      |                       uint8_t * {aka unsigned char *}
../Core/Src/fm_debug.c:120:36: note: expected 'const char *' but argument is of type 'uint8_t *' {aka 'unsigned char *'}
  120 | void fm_debug_msg_uart(const char *p_msg, uint8_t len)
      |                        ~~~~~~~~~~~~^~~~~
../Core/Src/fm_debug.c: In function 'fm_debug_uint16_uart':
../Core/Src/fm_debug.c:160:23: warning: pointer targets in passing argument 1 of 'fm_debug_msg_uart' differ in signedness [-Wpointer-sign]
  160 |     fm_debug_msg_uart((uint8_t*) str, SIZE_OF_UINT16);
      |                       ^~~~~~~~~~~~~~
      |                       |
      |                       uint8_t * {aka unsigned char *}
../Core/Src/fm_debug.c:120:36: note: expected 'const char *' but argument is of type 'uint8_t *' {aka 'unsigned char *'}
  120 | void fm_debug_msg_uart(const char *p_msg, uint8_t len)
      |                        ~~~~~~~~~~~~^~~~~
../Core/Src/fm_debug.c: In function 'fm_debug_uint32_uart':
../Core/Src/fm_debug.c:172:23: warning: pointer targets in passing argument 1 of 'fm_debug_msg_uart' differ in signedness [-Wpointer-sign]
  172 |     fm_debug_msg_uart((uint8_t*) str, SIZE_OF_UINT32);
      |                       ^~~~~~~~~~~~~~
      |                       |
      |                       uint8_t * {aka unsigned char *}
../Core/Src/main.c: In function 'main':
../Core/Src/fm_debug.c:120:36: note: expected 'const char *' but argument is of type 'uint8_t *' {aka 'unsigned char *'}
  120 | void fm_debug_msg_uart(const char *p_msg, uint8_t len)
      |                        ~~~~~~~~~~~~^~~~~
../Core/Src/fm_debug.c: In function 'fm_debug_int32_uart':
../Core/Src/fm_debug.c:179:23: warning: pointer targets in passing argument 1 of 'fm_debug_msg_uart' differ in signedness [-Wpointer-sign]
  179 |     fm_debug_msg_uart((uint8_t*) str, SIZE_OF_INT32);
      |                       ^~~~~~~~~~~~~~
      |                       |
      |                       uint8_t * {aka unsigned char *}
../Core/Src/main.c:145:37: warning: pointer targets in passing argument 1 of 'fm_debug_msg_uart' differ in signedness [-Wpointer-sign]
  145 |                   fm_debug_msg_uart(buffer_msg, sizeof(buffer_msg));
      |                                     ^~~~~~~~~~
      |                                     |
      |                                     char *
../Core/Src/fm_debug.c:120:36: note: expected 'const char *' but argument is of type 'uint8_t *' {aka 'unsigned char *'}
  120 | void fm_debug_msg_uart(const char *p_msg, uint8_t len)
      |                        ~~~~~~~~~~~~^~~~~
In file included from ../Core/Src/main.c:25:
../Core/Inc/fm_debug.h:57:39: note: expected 'const uint8_t *' {aka 'const unsigned char *'} but argument is of type 'char *'
   57 | void fm_debug_msg_uart(const uint8_t *p_msg, uint8_t len);
      |                        ~~~~~~~~~~~~~~~^~~~~
../Core/Src/fm_debug.c: In function 'fm_debug_float_uart':
../Core/Src/fm_debug.c:191:23: warning: pointer targets in passing argument 1 of 'fm_debug_msg_uart' differ in signedness [-Wpointer-sign]
  191 |     fm_debug_msg_uart(str, SIZE_OF_FLOAT);
      |                       ^~~
      |                       |
      |                       uint8_t * {aka unsigned char *}
../Core/Src/fm_debug.c:120:36: note: expected 'const char *' but argument is of type 'uint8_t *' {aka 'unsigned char *'}
  120 | void fm_debug_msg_uart(const char *p_msg, uint8_t len)
      |                        ~~~~~~~~~~~~^~~~~
make: *** [Core/Src/subdir.mk:37: Core/Src/fm_debug.o] Error 1
make: *** Waiting for unfinished jobs....
"make -j12 all" terminated with exit code 2. Build might be incomplete.
18:04:05 **** Incremental Build of configuration Debug for project 02_setup ****
make -j12 all 
arm-none-eabi-gcc "../Core/Src/fm_debug.c" -mcpu=cortex-m33 -std=gnu11 -g3 -DDEBUG -DUSE_HAL_DRIVER -DSTM32U575xx -c -I../Core/Inc -I../Drivers/STM32U5xx_HAL_Driver/Inc -I../Drivers/STM32U5xx_HAL_Driver/Inc/Legacy -I../Drivers/CMSIS/Device/ST/STM32U5xx/Include -I../Drivers/CMSIS/Include -O0 -ffunction-sections -fdata-sections -Wall -fstack-usage -fcyclomatic-complexity -MMD -MP -MF"Core/Src/fm_debug.d" -MT"Core/Src/fm_debug.o" --specs=nano.specs -mfpu=fpv5-sp-d16 -mfloat-abi=hard -mthumb -o "Core/Src/fm_debug.o"
../Core/Src/fm_debug.c:120:6: error: conflicting types for 'fm_debug_msg_uart'; have 'void(const char *, uint8_t)' {aka 'void(const char *, unsigned char)'}
  120 | void fm_debug_msg_uart(const char *p_msg, uint8_t len)
      |      ^~~~~~~~~~~~~~~~~
In file included from ../Core/Src/fm_debug.c:27:
../Core/Inc/fm_debug.h:57:6: note: previous declaration of 'fm_debug_msg_uart' with type 'void(const uint8_t *, uint8_t)' {aka 'void(const unsigned char *, unsigned char)'}
   57 | void fm_debug_msg_uart(const uint8_t *p_msg, uint8_t len);
      |      ^~~~~~~~~~~~~~~~~
../Core/Src/fm_debug.c: In function 'fm_debug_uint8_uart':
../Core/Src/fm_debug.c:148:23: warning: pointer targets in passing argument 1 of 'fm_debug_msg_uart' differ in signedness [-Wpointer-sign]
  148 |     fm_debug_msg_uart((uint8_t*) str, strlen(str));
      |                       ^~~~~~~~~~~~~~
      |                       |
      |                       uint8_t * {aka unsigned char *}
../Core/Src/fm_debug.c:120:36: note: expected 'const char *' but argument is of type 'uint8_t *' {aka 'unsigned char *'}
  120 | void fm_debug_msg_uart(const char *p_msg, uint8_t len)
      |                        ~~~~~~~~~~~~^~~~~
../Core/Src/fm_debug.c: In function 'fm_debug_uint16_uart':
../Core/Src/fm_debug.c:160:23: warning: pointer targets in passing argument 1 of 'fm_debug_msg_uart' differ in signedness [-Wpointer-sign]
  160 |     fm_debug_msg_uart((uint8_t*) str, SIZE_OF_UINT16);
      |                       ^~~~~~~~~~~~~~
      |                       |
      |                       uint8_t * {aka unsigned char *}
../Core/Src/fm_debug.c:120:36: note: expected 'const char *' but argument is of type 'uint8_t *' {aka 'unsigned char *'}
  120 | void fm_debug_msg_uart(const char *p_msg, uint8_t len)
      |                        ~~~~~~~~~~~~^~~~~
../Core/Src/fm_debug.c: In function 'fm_debug_uint32_uart':
../Core/Src/fm_debug.c:172:23: warning: pointer targets in passing argument 1 of 'fm_debug_msg_uart' differ in signedness [-Wpointer-sign]
  172 |     fm_debug_msg_uart((uint8_t*) str, SIZE_OF_UINT32);
      |                       ^~~~~~~~~~~~~~
      |                       |
      |                       uint8_t * {aka unsigned char *}
../Core/Src/fm_debug.c:120:36: note: expected 'const char *' but argument is of type 'uint8_t *' {aka 'unsigned char *'}
  120 | void fm_debug_msg_uart(const char *p_msg, uint8_t len)
      |                        ~~~~~~~~~~~~^~~~~
../Core/Src/fm_debug.c: In function 'fm_debug_int32_uart':
../Core/Src/fm_debug.c:179:23: warning: pointer targets in passing argument 1 of 'fm_debug_msg_uart' differ in signedness [-Wpointer-sign]
  179 |     fm_debug_msg_uart((uint8_t*) str, SIZE_OF_INT32);
      |                       ^~~~~~~~~~~~~~
      |                       |
      |                       uint8_t * {aka unsigned char *}
../Core/Src/fm_debug.c:120:36: note: expected 'const char *' but argument is of type 'uint8_t *' {aka 'unsigned char *'}
  120 | void fm_debug_msg_uart(const char *p_msg, uint8_t len)
      |                        ~~~~~~~~~~~~^~~~~
../Core/Src/fm_debug.c: In function 'fm_debug_float_uart':
../Core/Src/fm_debug.c:191:23: warning: pointer targets in passing argument 1 of 'fm_debug_msg_uart' differ in signedness [-Wpointer-sign]
  191 |     fm_debug_msg_uart(str, SIZE_OF_FLOAT);
      |                       ^~~
      |                       |
      |                       uint8_t * {aka unsigned char *}
../Core/Src/fm_debug.c:120:36: note: expected 'const char *' but argument is of type 'uint8_t *' {aka 'unsigned char *'}
  120 | void fm_debug_msg_uart(const char *p_msg, uint8_t len)
      |                        ~~~~~~~~~~~~^~~~~
make: *** [Core/Src/subdir.mk:37: Core/Src/fm_debug.o] Error 1
"make -j12 all" terminated with exit code 2. Build might be incomplete.
18:04:28 **** Incremental Build of configuration Debug for project 02_setup ****
make -j12 all 
arm-none-eabi-gcc "../Core/Src/fm_debug.c" -mcpu=cortex-m33 -std=gnu11 -g3 -DDEBUG -DUSE_HAL_DRIVER -DSTM32U575xx -c -I../Core/Inc -I../Drivers/STM32U5xx_HAL_Driver/Inc -I../Drivers/STM32U5xx_HAL_Driver/Inc/Legacy -I../Drivers/CMSIS/Device/ST/STM32U5xx/Include -I../Drivers/CMSIS/Include -O0 -ffunction-sections -fdata-sections -Wall -fstack-usage -fcyclomatic-complexity -MMD -MP -MF"Core/Src/fm_debug.d" -MT"Core/Src/fm_debug.o" --specs=nano.specs -mfpu=fpv5-sp-d16 -mfloat-abi=hard -mthumb -o "Core/Src/fm_debug.o"
arm-none-eabi-gcc "../Core/Src/main.c" -mcpu=cortex-m33 -std=gnu11 -g3 -DDEBUG -DUSE_HAL_DRIVER -DSTM32U575xx -c -I../Core/Inc -I../Drivers/STM32U5xx_HAL_Driver/Inc -I../Drivers/STM32U5xx_HAL_Driver/Inc/Legacy -I../Drivers/CMSIS/Device/ST/STM32U5xx/Include -I../Drivers/CMSIS/Include -O0 -ffunction-sections -fdata-sections -Wall -fstack-usage -fcyclomatic-complexity -MMD -MP -MF"Core/Src/main.d" -MT"Core/Src/main.o" --specs=nano.specs -mfpu=fpv5-sp-d16 -mfloat-abi=hard -mthumb -o "Core/Src/main.o"
../Core/Src/fm_debug.c: In function 'fm_debug_uint8_uart':
../Core/Src/fm_debug.c:148:23: warning: pointer targets in passing argument 1 of 'fm_debug_msg_uart' differ in signedness [-Wpointer-sign]
  148 |     fm_debug_msg_uart((uint8_t*) str, strlen(str));
      |                       ^~~~~~~~~~~~~~
      |                       |
      |                       uint8_t * {aka unsigned char *}
../Core/Src/fm_debug.c:120:36: note: expected 'const char *' but argument is of type 'uint8_t *' {aka 'unsigned char *'}
  120 | void fm_debug_msg_uart(const char *p_msg, uint8_t len)
      |                        ~~~~~~~~~~~~^~~~~
../Core/Src/fm_debug.c: In function 'fm_debug_uint16_uart':
../Core/Src/fm_debug.c:160:23: warning: pointer targets in passing argument 1 of 'fm_debug_msg_uart' differ in signedness [-Wpointer-sign]
  160 |     fm_debug_msg_uart((uint8_t*) str, SIZE_OF_UINT16);
      |                       ^~~~~~~~~~~~~~
      |                       |
      |                       uint8_t * {aka unsigned char *}
../Core/Src/fm_debug.c:120:36: note: expected 'const char *' but argument is of type 'uint8_t *' {aka 'unsigned char *'}
  120 | void fm_debug_msg_uart(const char *p_msg, uint8_t len)
      |                        ~~~~~~~~~~~~^~~~~
../Core/Src/fm_debug.c: In function 'fm_debug_uint32_uart':
../Core/Src/fm_debug.c:172:23: warning: pointer targets in passing argument 1 of 'fm_debug_msg_uart' differ in signedness [-Wpointer-sign]
  172 |     fm_debug_msg_uart((uint8_t*) str, SIZE_OF_UINT32);
      |                       ^~~~~~~~~~~~~~
      |                       |
      |                       uint8_t * {aka unsigned char *}
../Core/Src/fm_debug.c:120:36: note: expected 'const char *' but argument is of type 'uint8_t *' {aka 'unsigned char *'}
  120 | void fm_debug_msg_uart(const char *p_msg, uint8_t len)
      |                        ~~~~~~~~~~~~^~~~~
../Core/Src/fm_debug.c: In function 'fm_debug_int32_uart':
../Core/Src/fm_debug.c:179:23: warning: pointer targets in passing argument 1 of 'fm_debug_msg_uart' differ in signedness [-Wpointer-sign]
  179 |     fm_debug_msg_uart((uint8_t*) str, SIZE_OF_INT32);
      |                       ^~~~~~~~~~~~~~
      |                       |
      |                       uint8_t * {aka unsigned char *}
../Core/Src/fm_debug.c:120:36: note: expected 'const char *' but argument is of type 'uint8_t *' {aka 'unsigned char *'}
  120 | void fm_debug_msg_uart(const char *p_msg, uint8_t len)
      |                        ~~~~~~~~~~~~^~~~~
../Core/Src/fm_debug.c: In function 'fm_debug_float_uart':
../Core/Src/fm_debug.c:191:23: warning: pointer targets in passing argument 1 of 'fm_debug_msg_uart' differ in signedness [-Wpointer-sign]
  191 |     fm_debug_msg_uart(str, SIZE_OF_FLOAT);
      |                       ^~~
      |                       |
      |                       uint8_t * {aka unsigned char *}
../Core/Src/fm_debug.c:120:36: note: expected 'const char *' but argument is of type 'uint8_t *' {aka 'unsigned char *'}
  120 | void fm_debug_msg_uart(const char *p_msg, uint8_t len)
      |                        ~~~~~~~~~~~~^~~~~
arm-none-eabi-gcc -o "02_setup.elf" @"objects.list"   -mcpu=cortex-m33 -T"D:\FLOWMEET Dropbox\flowmeet\id\boards\fmc-320u\dhs\02_setup\STM32U575VITXQ_FLASH.ld" --specs=nosys.specs -Wl,-Map="02_setup.map" -Wl,--gc-sections -static --specs=nano.specs -mfpu=fpv5-sp-d16 -mfloat-abi=hard -mthumb -u _printf_float -Wl,--start-group -lc -lm -Wl,--end-group
Finished building target: 02_setup.elf
 
arm-none-eabi-size  02_setup.elf 
arm-none-eabi-objdump -h -S 02_setup.elf  > "02_setup.list"
   text	   data	    bss	    dec	    hex	filename
  53292	    476	   2780	  56548	   dce4	02_setup.elf
Finished building: default.size.stdout
 
Finished building: 02_setup.list
 
18:05:10 **** Incremental Build of configuration Debug for project 02_setup ****
make -j12 all 
arm-none-eabi-gcc "../Core/Src/fm_debug.c" -mcpu=cortex-m33 -std=gnu11 -g3 -DDEBUG -DUSE_HAL_DRIVER -DSTM32U575xx -c -I../Core/Inc -I../Drivers/STM32U5xx_HAL_Driver/Inc -I../Drivers/STM32U5xx_HAL_Driver/Inc/Legacy -I../Drivers/CMSIS/Device/ST/STM32U5xx/Include -I../Drivers/CMSIS/Include -O0 -ffunction-sections -fdata-sections -Wall -fstack-usage -fcyclomatic-complexity -MMD -MP -MF"Core/Src/fm_debug.d" -MT"Core/Src/fm_debug.o" --specs=nano.specs -mfpu=fpv5-sp-d16 -mfloat-abi=hard -mthumb -o "Core/Src/fm_debug.o"
../Core/Src/fm_debug.c: In function 'fm_debug_uint32_uart':
../Core/Src/fm_debug.c:172:23: warning: pointer targets in passing argument 1 of 'fm_debug_msg_uart' differ in signedness [-Wpointer-sign]
  172 |     fm_debug_msg_uart((uint8_t*) str, SIZE_OF_UINT32);
      |                       ^~~~~~~~~~~~~~
      |                       |
      |                       uint8_t * {aka unsigned char *}
../Core/Src/fm_debug.c:120:36: note: expected 'const char *' but argument is of type 'uint8_t *' {aka 'unsigned char *'}
  120 | void fm_debug_msg_uart(const char *p_msg, uint8_t len)
      |                        ~~~~~~~~~~~~^~~~~
../Core/Src/fm_debug.c: In function 'fm_debug_int32_uart':
../Core/Src/fm_debug.c:179:23: warning: pointer targets in passing argument 1 of 'fm_debug_msg_uart' differ in signedness [-Wpointer-sign]
  179 |     fm_debug_msg_uart((uint8_t*) str, SIZE_OF_INT32);
      |                       ^~~~~~~~~~~~~~
      |                       |
      |                       uint8_t * {aka unsigned char *}
../Core/Src/fm_debug.c:120:36: note: expected 'const char *' but argument is of type 'uint8_t *' {aka 'unsigned char *'}
  120 | void fm_debug_msg_uart(const char *p_msg, uint8_t len)
      |                        ~~~~~~~~~~~~^~~~~
../Core/Src/fm_debug.c: In function 'fm_debug_float_uart':
../Core/Src/fm_debug.c:191:23: warning: pointer targets in passing argument 1 of 'fm_debug_msg_uart' differ in signedness [-Wpointer-sign]
  191 |     fm_debug_msg_uart(str, SIZE_OF_FLOAT);
      |                       ^~~
      |                       |
      |                       uint8_t * {aka unsigned char *}
../Core/Src/fm_debug.c:120:36: note: expected 'const char *' but argument is of type 'uint8_t *' {aka 'unsigned char *'}
  120 | void fm_debug_msg_uart(const char *p_msg, uint8_t len)
      |                        ~~~~~~~~~~~~^~~~~
arm-none-eabi-gcc -o "02_setup.elf" @"objects.list"   -mcpu=cortex-m33 -T"D:\FLOWMEET Dropbox\flowmeet\id\boards\fmc-320u\dhs\02_setup\STM32U575VITXQ_FLASH.ld" --specs=nosys.specs -Wl,-Map="02_setup.map" -Wl,--gc-sections -static --specs=nano.specs -mfpu=fpv5-sp-d16 -mfloat-abi=hard -mthumb -u _printf_float -Wl,--start-group -lc -lm -Wl,--end-group
Finished building target: 02_setup.elf
 
arm-none-eabi-size  02_setup.elf 
arm-none-eabi-objdump -h -S 02_setup.elf  > "02_setup.list"
   text	   data	    bss	    dec	    hex	filename
  53292	    476	   2780	  56548	   dce4	02_setup.elf
Finished building: default.size.stdout
 
Finished building: 02_setup.list
 
18:05:27 **** Incremental Build of configuration Debug for project 02_setup ****
make -j12 all 
arm-none-eabi-gcc "../Core/Src/fm_debug.c" -mcpu=cortex-m33 -std=gnu11 -g3 -DDEBUG -DUSE_HAL_DRIVER -DSTM32U575xx -c -I../Core/Inc -I../Drivers/STM32U5xx_HAL_Driver/Inc -I../Drivers/STM32U5xx_HAL_Driver/Inc/Legacy -I../Drivers/CMSIS/Device/ST/STM32U5xx/Include -I../Drivers/CMSIS/Include -O0 -ffunction-sections -fdata-sections -Wall -fstack-usage -fcyclomatic-complexity -MMD -MP -MF"Core/Src/fm_debug.d" -MT"Core/Src/fm_debug.o" --specs=nano.specs -mfpu=fpv5-sp-d16 -mfloat-abi=hard -mthumb -o "Core/Src/fm_debug.o"
../Core/Src/fm_debug.c: In function 'fm_debug_float_uart':
../Core/Src/fm_debug.c:191:23: warning: pointer targets in passing argument 1 of 'fm_debug_msg_uart' differ in signedness [-Wpointer-sign]
  191 |     fm_debug_msg_uart(str, SIZE_OF_FLOAT);
      |                       ^~~
      |                       |
      |                       uint8_t * {aka unsigned char *}
../Core/Src/fm_debug.c:120:36: note: expected 'const char *' but argument is of type 'uint8_t *' {aka 'unsigned char *'}
  120 | void fm_debug_msg_uart(const char *p_msg, uint8_t len)
      |                        ~~~~~~~~~~~~^~~~~
arm-none-eabi-gcc -o "02_setup.elf" @"objects.list"   -mcpu=cortex-m33 -T"D:\FLOWMEET Dropbox\flowmeet\id\boards\fmc-320u\dhs\02_setup\STM32U575VITXQ_FLASH.ld" --specs=nosys.specs -Wl,-Map="02_setup.map" -Wl,--gc-sections -static --specs=nano.specs -mfpu=fpv5-sp-d16 -mfloat-abi=hard -mthumb -u _printf_float -Wl,--start-group -lc -lm -Wl,--end-group
Finished building target: 02_setup.elf
 
arm-none-eabi-size  02_setup.elf 
arm-none-eabi-objdump -h -S 02_setup.elf  > "02_setup.list"
   text	   data	    bss	    dec	    hex	filename
  53292	    476	   2780	  56548	   dce4	02_setup.elf
Finished building: default.size.stdout
 
Finished building: 02_setup.list
 
18:05:39 **** Incremental Build of configuration Debug for project 02_setup ****
make -j12 all 
arm-none-eabi-gcc "../Core/Src/fm_debug.c" -mcpu=cortex-m33 -std=gnu11 -g3 -DDEBUG -DUSE_HAL_DRIVER -DSTM32U575xx -c -I../Core/Inc -I../Drivers/STM32U5xx_HAL_Driver/Inc -I../Drivers/STM32U5xx_HAL_Driver/Inc/Legacy -I../Drivers/CMSIS/Device/ST/STM32U5xx/Include -I../Drivers/CMSIS/Include -O0 -ffunction-sections -fdata-sections -Wall -fstack-usage -fcyclomatic-complexity -MMD -MP -MF"Core/Src/fm_debug.d" -MT"Core/Src/fm_debug.o" --specs=nano.specs -mfpu=fpv5-sp-d16 -mfloat-abi=hard -mthumb -o "Core/Src/fm_debug.o"
arm-none-eabi-gcc -o "02_setup.elf" @"objects.list"   -mcpu=cortex-m33 -T"D:\FLOWMEET Dropbox\flowmeet\id\boards\fmc-320u\dhs\02_setup\STM32U575VITXQ_FLASH.ld" --specs=nosys.specs -Wl,-Map="02_setup.map" -Wl,--gc-sections -static --specs=nano.specs -mfpu=fpv5-sp-d16 -mfloat-abi=hard -mthumb -u _printf_float -Wl,--start-group -lc -lm -Wl,--end-group
Finished building target: 02_setup.elf
 
arm-none-eabi-size  02_setup.elf 
arm-none-eabi-objdump -h -S 02_setup.elf  > "02_setup.list"
   text	   data	    bss	    dec	    hex	filename
  53292	    476	   2780	  56548	   dce4	02_setup.elf
Finished building: default.size.stdout
 
Finished building: 02_setup.list
 
18:05:52 **** Incremental Build of configuration Debug for project 02_setup ****
make -j12 all 
arm-none-eabi-size  02_setup.elf 
   text	   data	    bss	    dec	    hex	filename
  53292	    476	   2780	  56548	   dce4	02_setup.elf
Finished building: default.size.stdout
 
18:08:10 **** Incremental Build of configuration Debug for project 02_setup ****
make -j12 all 
arm-none-eabi-gcc "../Core/Src/fm_debug.c" -mcpu=cortex-m33 -std=gnu11 -g3 -DDEBUG -DUSE_HAL_DRIVER -DSTM32U575xx -c -I../Core/Inc -I../Drivers/STM32U5xx_HAL_Driver/Inc -I../Drivers/STM32U5xx_HAL_Driver/Inc/Legacy -I../Drivers/CMSIS/Device/ST/STM32U5xx/Include -I../Drivers/CMSIS/Include -O0 -ffunction-sections -fdata-sections -Wall -fstack-usage -fcyclomatic-complexity -MMD -MP -MF"Core/Src/fm_debug.d" -MT"Core/Src/fm_debug.o" --specs=nano.specs -mfpu=fpv5-sp-d16 -mfloat-abi=hard -mthumb -o "Core/Src/fm_debug.o"
../Core/Src/fm_debug.c: In function 'fm_debug_msg_uart':
../Core/Src/fm_debug.c:129:71: error: 'DELAY_DEFAULT' undeclared (first use in this function)
  129 |     ret = HAL_UART_Transmit(&huart1, (const uint8_t *)p_msg, len - 1, DELAY_DEFAULT);
      |                                                                       ^~~~~~~~~~~~~
../Core/Src/fm_debug.c:129:71: note: each undeclared identifier is reported only once for each function it appears in
make: *** [Core/Src/subdir.mk:37: Core/Src/fm_debug.o] Error 1
"make -j12 all" terminated with exit code 2. Build might be incomplete.
18:08:21 **** Incremental Build of configuration Debug for project 02_setup ****
make -j12 all 
arm-none-eabi-gcc "../Core/Src/fm_debug.c" -mcpu=cortex-m33 -std=gnu11 -g3 -DDEBUG -DUSE_HAL_DRIVER -DSTM32U575xx -c -I../Core/Inc -I../Drivers/STM32U5xx_HAL_Driver/Inc -I../Drivers/STM32U5xx_HAL_Driver/Inc/Legacy -I../Drivers/CMSIS/Device/ST/STM32U5xx/Include -I../Drivers/CMSIS/Include -O0 -ffunction-sections -fdata-sections -Wall -fstack-usage -fcyclomatic-complexity -MMD -MP -MF"Core/Src/fm_debug.d" -MT"Core/Src/fm_debug.o" --specs=nano.specs -mfpu=fpv5-sp-d16 -mfloat-abi=hard -mthumb -o "Core/Src/fm_debug.o"
arm-none-eabi-gcc -o "02_setup.elf" @"objects.list"   -mcpu=cortex-m33 -T"D:\FLOWMEET Dropbox\flowmeet\id\boards\fmc-320u\dhs\02_setup\STM32U575VITXQ_FLASH.ld" --specs=nosys.specs -Wl,-Map="02_setup.map" -Wl,--gc-sections -static --specs=nano.specs -mfpu=fpv5-sp-d16 -mfloat-abi=hard -mthumb -u _printf_float -Wl,--start-group -lc -lm -Wl,--end-group
Finished building target: 02_setup.elf
 
arm-none-eabi-size  02_setup.elf 
arm-none-eabi-objdump -h -S 02_setup.elf  > "02_setup.list"
   text	   data	    bss	    dec	    hex	filename
  53292	    476	   2780	  56548	   dce4	02_setup.elf
Finished building: default.size.stdout
 
Finished building: 02_setup.list
 
15:38:55 **** Incremental Build of configuration Debug for project 02_setup ****
make -j12 all 
arm-none-eabi-gcc "../Core/Src/fm_debug.c" -mcpu=cortex-m33 -std=gnu11 -g3 -DDEBUG -DUSE_HAL_DRIVER -DSTM32U575xx -c -I../Core/Inc -I../Drivers/STM32U5xx_HAL_Driver/Inc -I../Drivers/STM32U5xx_HAL_Driver/Inc/Legacy -I../Drivers/CMSIS/Device/ST/STM32U5xx/Include -I../Drivers/CMSIS/Include -O0 -ffunction-sections -fdata-sections -Wall -fstack-usage -fcyclomatic-complexity -MMD -MP -MF"Core/Src/fm_debug.d" -MT"Core/Src/fm_debug.o" --specs=nano.specs -mfpu=fpv5-sp-d16 -mfloat-abi=hard -mthumb -o "Core/Src/fm_debug.o"
../Core/Src/fm_debug.c: In function 'fm_debug_msg_uart':
../Core/Src/fm_debug.c:137:42: warning: passing argument 2 of 'HAL_UART_Transmit' makes pointer from integer without a cast [-Wint-conversion]
  137 |         ret = HAL_UART_Transmit(&huart1, '\n', 1, WAIT_FOR_UART_10MS);
      |                                          ^~~~
      |                                          |
      |                                          int
In file included from ../Core/Inc/stm32u5xx_hal_conf.h:411,
                 from ../Drivers/STM32U5xx_HAL_Driver/Inc/stm32u5xx_hal.h:29,
                 from ../Core/Inc/main.h:30,
                 from ../Core/Inc/fm_debug.h:18,
                 from ../Core/Src/fm_debug.c:27:
../Drivers/STM32U5xx_HAL_Driver/Inc/stm32u5xx_hal_uart.h:1635:79: note: expected 'const uint8_t *' {aka 'const unsigned char *'} but argument is of type 'int'
 1635 | HAL_StatusTypeDef HAL_UART_Transmit(UART_HandleTypeDef *huart, const uint8_t *pData, uint16_t Size, uint32_t Timeout);
      |                                                                ~~~~~~~~~~~~~~~^~~~~
arm-none-eabi-gcc -o "02_setup.elf" @"objects.list"   -mcpu=cortex-m33 -T"D:\FLOWMEET Dropbox\flowmeet\id\boards\fmc-320u\dhs\02_setup\STM32U575VITXQ_FLASH.ld" --specs=nosys.specs -Wl,-Map="02_setup.map" -Wl,--gc-sections -static --specs=nano.specs -mfpu=fpv5-sp-d16 -mfloat-abi=hard -mthumb -u _printf_float -Wl,--start-group -lc -lm -Wl,--end-group
Finished building target: 02_setup.elf
 
arm-none-eabi-size  02_setup.elf 
arm-none-eabi-objdump -h -S 02_setup.elf  > "02_setup.list"
   text	   data	    bss	    dec	    hex	filename
  53308	    476	   2780	  56564	   dcf4	02_setup.elf
Finished building: default.size.stdout
 
Finished building: 02_setup.list
 
15:40:50 **** Incremental Build of configuration Debug for project 02_setup ****
make -j12 all 
arm-none-eabi-gcc "../Core/Src/main.c" -mcpu=cortex-m33 -std=gnu11 -g3 -DDEBUG -DUSE_HAL_DRIVER -DSTM32U575xx -c -I../Core/Inc -I../Drivers/STM32U5xx_HAL_Driver/Inc -I../Drivers/STM32U5xx_HAL_Driver/Inc/Legacy -I../Drivers/CMSIS/Device/ST/STM32U5xx/Include -I../Drivers/CMSIS/Include -O0 -ffunction-sections -fdata-sections -Wall -fstack-usage -fcyclomatic-complexity -MMD -MP -MF"Core/Src/main.d" -MT"Core/Src/main.o" --specs=nano.specs -mfpu=fpv5-sp-d16 -mfloat-abi=hard -mthumb -o "Core/Src/main.o"
../Core/Src/main.c: In function 'main':
../Core/Src/main.c:96:14: warning: unused variable 'buffer_msg' [-Wunused-variable]
   96 |         char buffer_msg[] = "flowmeet s.r.l.";
      |              ^~~~~~~~~~
arm-none-eabi-gcc -o "02_setup.elf" @"objects.list"   -mcpu=cortex-m33 -T"D:\FLOWMEET Dropbox\flowmeet\id\boards\fmc-320u\dhs\02_setup\STM32U575VITXQ_FLASH.ld" --specs=nosys.specs -Wl,-Map="02_setup.map" -Wl,--gc-sections -static --specs=nano.specs -mfpu=fpv5-sp-d16 -mfloat-abi=hard -mthumb -u _printf_float -Wl,--start-group -lc -lm -Wl,--end-group
Finished building target: 02_setup.elf
 
arm-none-eabi-size  02_setup.elf 
arm-none-eabi-objdump -h -S 02_setup.elf  > "02_setup.list"
   text	   data	    bss	    dec	    hex	filename
  53308	    476	   2780	  56564	   dcf4	02_setup.elf
Finished building: default.size.stdout
 
Finished building: 02_setup.list
 
21:47:54 **** Build of configuration Debug for project 02_setup ****
make -j12 all 
arm-none-eabi-size  02_setup.elf 
   text	   data	    bss	    dec	    hex	filename
  53308	    476	   2780	  56564	   dcf4	02_setup.elf
Finished building: default.size.stdout
 
22:23:36 **** Incremental Build of configuration Debug for project 02_setup ****
make -j12 all 
arm-none-eabi-size  02_setup.elf 
   text	   data	    bss	    dec	    hex	filename
[...]
 
arm-none-eabi-size  03_threadx.elf 
arm-none-eabi-objdump -h -S 03_threadx.elf  > "03_threadx.list"
   text	   data	    bss	    dec	    hex	filename
  26328	     24	   6624	  32976	   80d0	03_threadx.elf
Finished building: default.size.stdout
 
Finished building: 03_threadx.list
 
15:30:07 **** Incremental Build of configuration Debug for project 03_threadx ****
make -j12 all 
arm-none-eabi-size  03_threadx.elf 
   text	   data	    bss	    dec	    hex	filename
  26328	     24	   6624	  32976	   80d0	03_threadx.elf
Finished building: default.size.stdout
 
15:52:39 **** Build of configuration Debug for project 02_stop_mode_2 ****
make -j12 all 
arm-none-eabi-gcc "../Drivers/STM32U5xx_HAL_Driver/Src/stm32u5xx_hal.c" -mcpu=cortex-m33 -std=gnu11 -g3 -DDEBUG -DUSE_HAL_DRIVER -DSTM32U575xx -c -I../Core/Inc -I../Drivers/STM32U5xx_HAL_Driver/Inc -I../Drivers/STM32U5xx_HAL_Driver/Inc/Legacy -I../Drivers/CMSIS/Device/ST/STM32U5xx/Include -I../Drivers/CMSIS/Include -O0 -ffunction-sections -fdata-sections -Wall -fstack-usage -fcyclomatic-complexity -MMD -MP -MF"Drivers/STM32U5xx_HAL_Driver/Src/stm32u5xx_hal.d" -MT"Drivers/STM32U5xx_HAL_Driver/Src/stm32u5xx_hal.o" --specs=nano.specs -mfpu=fpv5-sp-d16 -mfloat-abi=hard -mthumb -o "Drivers/STM32U5xx_HAL_Driver/Src/stm32u5xx_hal.o"
arm-none-eabi-gcc "../Drivers/STM32U5xx_HAL_Driver/Src/stm32u5xx_hal_cortex.c" -mcpu=cortex-m33 -std=gnu11 -g3 -DDEBUG -DUSE_HAL_DRIVER -DSTM32U575xx -c -I../Core/Inc -I../Drivers/STM32U5xx_HAL_Driver/Inc -I../Drivers/STM32U5xx_HAL_Driver/Inc/Legacy -I../Drivers/CMSIS/Device/ST/STM32U5xx/Include -I../Drivers/CMSIS/Include -O0 -ffunction-sections -fdata-sections -Wall -fstack-usage -fcyclomatic-complexity -MMD -MP -MF"Drivers/STM32U5xx_HAL_Driver/Src/stm32u5xx_hal_cortex.d" -MT"Drivers/STM32U5xx_HAL_Driver/Src/stm32u5xx_hal_cortex.o" --specs=nano.specs -mfpu=fpv5-sp-d16 -mfloat-abi=hard -mthumb -o "Drivers/STM32U5xx_HAL_Driver/Src/stm32u5xx_hal_cortex.o"
arm-none-eabi-gcc "../Drivers/STM32U5xx_HAL_Driver/Src/stm32u5xx_hal_dma.c" -mcpu=cortex-m33 -std=gnu11 -g3 -DDEBUG -DUSE_HAL_DRIVER -DSTM32U575xx -c -I../Core/Inc -I../Drivers/STM32U5xx_HAL_Driver/Inc -I../Drivers/STM32U5xx_HAL_Driver/Inc/Legacy -I../Drivers/CMSIS/Device/ST/STM32U5xx/Include -I../Drivers/CMSIS/Include -O0 -ffunction-sections -fdata-sections -Wall -fstack-usage -fcyclomatic-complexity -MMD -MP -MF"Drivers/STM32U5xx_HAL_Driver/Src/stm32u5xx_hal_dma.d" -MT"Drivers/STM32U5xx_HAL_Driver/Src/stm32u5xx_hal_dma.o" --specs=nano.specs -mfpu=fpv5-sp-d16 -mfloat-abi=hard -mthumb -o "Drivers/STM32U5xx_HAL_Driver/Src/stm32u5xx_hal_dma.o"
arm-none-eabi-gcc "../Drivers/STM32U5xx_HAL_Driver/Src/stm32u5xx_hal_dma_ex.c" -mcpu=cortex-m33 -std=gnu11 -g3 -DDEBUG -DUSE_HAL_DRIVER -DSTM32U575xx -c -I../Core/Inc -I../Drivers/STM32U5xx_HAL_Driver/Inc -I../Drivers/STM32U5xx_HAL_Driver/Inc/Legacy -I../Drivers/CMSIS/Device/ST/STM32U5xx/Include -I../Drivers/CMSIS/Include -O0 -ffunction-sections -fdata-sections -Wall -fstack-usage -fcyclomatic-complexity -MMD -MP -MF"Drivers/STM32U5xx_HAL_Driver/Src/stm32u5xx_hal_dma_ex.d" -MT"Drivers/STM32U5xx_HAL_Driver/Src/stm32u5xx_hal_dma_ex.o" --specs=nano.specs -mfpu=fpv5-sp-d16 -mfloat-abi=hard -mthumb -o "Drivers/STM32U5xx_HAL_Driver/Src/stm32u5xx_hal_dma_ex.o"
arm-none-eabi-gcc "../Drivers/STM32U5xx_HAL_Driver/Src/stm32u5xx_hal_exti.c" -mcpu=cortex-m33 -std=gnu11 -g3 -DDEBUG -DUSE_HAL_DRIVER -DSTM32U575xx -c -I../Core/Inc -I../Drivers/STM32U5xx_HAL_Driver/Inc -I../Drivers/STM32U5xx_HAL_Driver/Inc/Legacy -I../Drivers/CMSIS/Device/ST/STM32U5xx/Include -I../Drivers/CMSIS/Include -O0 -ffunction-sections -fdata-sections -Wall -fstack-usage -fcyclomatic-complexity -MMD -MP -MF"Drivers/STM32U5xx_HAL_Driver/Src/stm32u5xx_hal_exti.d" -MT"Drivers/STM32U5xx_HAL_Driver/Src/stm32u5xx_hal_exti.o" --specs=nano.specs -mfpu=fpv5-sp-d16 -mfloat-abi=hard -mthumb -o "Drivers/STM32U5xx_HAL_Driver/Src/stm32u5xx_hal_exti.o"
arm-none-eabi-gcc "../Drivers/STM32U5xx_HAL_Driver/Src/stm32u5xx_hal_flash.c" -mcpu=cortex-m33 -std=gnu11 -g3 -DDEBUG -DUSE_HAL_DRIVER -DSTM32U575xx -c -I../Core/Inc -I../Drivers/STM32U5xx_HAL_Driver/Inc -I../Drivers/STM32U5xx_HAL_Driver/Inc/Legacy -I../Drivers/CMSIS/Device/ST/STM32U5xx/Include -I../Drivers/CMSIS/Include -O0 -ffunction-sections -fdata-sections -Wall -fstack-usage -fcyclomatic-complexity -MMD -MP -MF"Drivers/STM32U5xx_HAL_Driver/Src/stm32u5xx_hal_flash.d" -MT"Drivers/STM32U5xx_HAL_Driver/Src/stm32u5xx_hal_flash.o" --specs=nano.specs -mfpu=fpv5-sp-d16 -mfloat-abi=hard -mthumb -o "Drivers/STM32U5xx_HAL_Driver/Src/stm32u5xx_hal_flash.o"
arm-none-eabi-gcc "../Drivers/STM32U5xx_HAL_Driver/Src/stm32u5xx_hal_flash_ex.c" -mcpu=cortex-m33 -std=gnu11 -g3 -DDEBUG -DUSE_HAL_DRIVER -DSTM32U575xx -c -I../Core/Inc -I../Drivers/STM32U5xx_HAL_Driver/Inc -I../Drivers/STM32U5xx_HAL_Driver/Inc/Legacy -I../Drivers/CMSIS/Device/ST/STM32U5xx/Include -I../Drivers/CMSIS/Include -O0 -ffunction-sections -fdata-sections -Wall -fstack-usage -fcyclomatic-complexity -MMD -MP -MF"Drivers/STM32U5xx_HAL_Driver/Src/stm32u5xx_hal_flash_ex.d" -MT"Drivers/STM32U5xx_HAL_Driver/Src/stm32u5xx_hal_flash_ex.o" --specs=nano.specs -mfpu=fpv5-sp-d16 -mfloat-abi=hard -mthumb -o "Drivers/STM32U5xx_HAL_Driver/Src/stm32u5xx_hal_flash_ex.o"
arm-none-eabi-gcc "../Drivers/STM32U5xx_HAL_Driver/Src/stm32u5xx_hal_gpio.c" -mcpu=cortex-m33 -std=gnu11 -g3 -DDEBUG -DUSE_HAL_DRIVER -DSTM32U575xx -c -I../Core/Inc -I../Drivers/STM32U5xx_HAL_Driver/Inc -I../Drivers/STM32U5xx_HAL_Driver/Inc/Legacy -I../Drivers/CMSIS/Device/ST/STM32U5xx/Include -I../Drivers/CMSIS/Include -O0 -ffunction-sections -fdata-sections -Wall -fstack-usage -fcyclomatic-complexity -MMD -MP -MF"Drivers/STM32U5xx_HAL_Driver/Src/stm32u5xx_hal_gpio.d" -MT"Drivers/STM32U5xx_HAL_Driver/Src/stm32u5xx_hal_gpio.o" --specs=nano.specs -mfpu=fpv5-sp-d16 -mfloat-abi=hard -mthumb -o "Drivers/STM32U5xx_HAL_Driver/Src/stm32u5xx_hal_gpio.o"
arm-none-eabi-gcc "../Drivers/STM32U5xx_HAL_Driver/Src/stm32u5xx_hal_gtzc.c" -mcpu=cortex-m33 -std=gnu11 -g3 -DDEBUG -DUSE_HAL_DRIVER -DSTM32U575xx -c -I../Core/Inc -I../Drivers/STM32U5xx_HAL_Driver/Inc -I../Drivers/STM32U5xx_HAL_Driver/Inc/Legacy -I../Drivers/CMSIS/Device/ST/STM32U5xx/Include -I../Drivers/CMSIS/Include -O0 -ffunction-sections -fdata-sections -Wall -fstack-usage -fcyclomatic-complexity -MMD -MP -MF"Drivers/STM32U5xx_HAL_Driver/Src/stm32u5xx_hal_gtzc.d" -MT"Drivers/STM32U5xx_HAL_Driver/Src/stm32u5xx_hal_gtzc.o" --specs=nano.specs -mfpu=fpv5-sp-d16 -mfloat-abi=hard -mthumb -o "Drivers/STM32U5xx_HAL_Driver/Src/stm32u5xx_hal_gtzc.o"
arm-none-eabi-gcc "../Drivers/STM32U5xx_HAL_Driver/Src/stm32u5xx_hal_i2c.c" -mcpu=cortex-m33 -std=gnu11 -g3 -DDEBUG -DUSE_HAL_DRIVER -DSTM32U575xx -c -I../Core/Inc -I../Drivers/STM32U5xx_HAL_Driver/Inc -I../Drivers/STM32U5xx_HAL_Driver/Inc/Legacy -I../Drivers/CMSIS/Device/ST/STM32U5xx/Include -I../Drivers/CMSIS/Include -O0 -ffunction-sections -fdata-sections -Wall -fstack-usage -fcyclomatic-complexity -MMD -MP -MF"Drivers/STM32U5xx_HAL_Driver/Src/stm32u5xx_hal_i2c.d" -MT"Drivers/STM32U5xx_HAL_Driver/Src/stm32u5xx_hal_i2c.o" --specs=nano.specs -mfpu=fpv5-sp-d16 -mfloat-abi=hard -mthumb -o "Drivers/STM32U5xx_HAL_Driver/Src/stm32u5xx_hal_i2c.o"
arm-none-eabi-gcc "../Drivers/STM32U5xx_HAL_Driver/Src/stm32u5xx_hal_i2c_ex.c" -mcpu=cortex-m33 -std=gnu11 -g3 -DDEBUG -DUSE_HAL_DRIVER -DSTM32U575xx -c -I../Core/Inc -I../Drivers/STM32U5xx_HAL_Driver/Inc -I../Drivers/STM32U5xx_HAL_Driver/Inc/Legacy -I../Drivers/CMSIS/Device/ST/STM32U5xx/Include -I../Drivers/CMSIS/Include -O0 -ffunction-sections -fdata-sections -Wall -fstack-usage -fcyclomatic-complexity -MMD -MP -MF"Drivers/STM32U5xx_HAL_Driver/Src/stm32u5xx_hal_i2c_ex.d" -MT"Drivers/STM32U5xx_HAL_Driver/Src/stm32u5xx_hal_i2c_ex.o" --specs=nano.specs -mfpu=fpv5-sp-d16 -mfloat-abi=hard -mthumb -o "Drivers/STM32U5xx_HAL_Driver/Src/stm32u5xx_hal_i2c_ex.o"
arm-none-eabi-gcc "../Drivers/STM32U5xx_HAL_Driver/Src/stm32u5xx_hal_icache.c" -mcpu=cortex-m33 -std=gnu11 -g3 -DDEBUG -DUSE_HAL_DRIVER -DSTM32U575xx -c -I../Core/Inc -I../Drivers/STM32U5xx_HAL_Driver/Inc -I../Drivers/STM32U5xx_HAL_Driver/Inc/Legacy -I../Drivers/CMSIS/Device/ST/STM32U5xx/Include -I../Drivers/CMSIS/Include -O0 -ffunction-sections -fdata-sections -Wall -fstack-usage -fcyclomatic-complexity -MMD -MP -MF"Drivers/STM32U5xx_HAL_Driver/Src/stm32u5xx_hal_icache.d" -MT"Drivers/STM32U5xx_HAL_Driver/Src/stm32u5xx_hal_icache.o" --specs=nano.specs -mfpu=fpv5-sp-d16 -mfloat-abi=hard -mthumb -o "Drivers/STM32U5xx_HAL_Driver/Src/stm32u5xx_hal_icache.o"
arm-none-eabi-gcc "../Drivers/STM32U5xx_HAL_Driver/Src/stm32u5xx_hal_pwr.c" -mcpu=cortex-m33 -std=gnu11 -g3 -DDEBUG -DUSE_HAL_DRIVER -DSTM32U575xx -c -I../Core/Inc -I../Drivers/STM32U5xx_HAL_Driver/Inc -I../Drivers/STM32U5xx_HAL_Driver/Inc/Legacy -I../Drivers/CMSIS/Device/ST/STM32U5xx/Include -I../Drivers/CMSIS/Include -O0 -ffunction-sections -fdata-sections -Wall -fstack-usage -fcyclomatic-complexity -MMD -MP -MF"Drivers/STM32U5xx_HAL_Driver/Src/stm32u5xx_hal_pwr.d" -MT"Drivers/STM32U5xx_HAL_Driver/Src/stm32u5xx_hal_pwr.o" --specs=nano.specs -mfpu=fpv5-sp-d16 -mfloat-abi=hard -mthumb -o "Drivers/STM32U5xx_HAL_Driver/Src/stm32u5xx_hal_pwr.o"
arm-none-eabi-gcc "../Drivers/STM32U5xx_HAL_Driver/Src/stm32u5xx_hal_pwr_ex.c" -mcpu=cortex-m33 -std=gnu11 -g3 -DDEBUG -DUSE_HAL_DRIVER -DSTM32U575xx -c -I../Core/Inc -I../Drivers/STM32U5xx_HAL_Driver/Inc -I../Drivers/STM32U5xx_HAL_Driver/Inc/Legacy -I../Drivers/CMSIS/Device/ST/STM32U5xx/Include -I../Drivers/CMSIS/Include -O0 -ffunction-sections -fdata-sections -Wall -fstack-usage -fcyclomatic-complexity -MMD -MP -MF"Drivers/STM32U5xx_HAL_Driver/Src/stm32u5xx_hal_pwr_ex.d" -MT"Drivers/STM32U5xx_HAL_Driver/Src/stm32u5xx_hal_pwr_ex.o" --specs=nano.specs -mfpu=fpv5-sp-d16 -mfloat-abi=hard -mthumb -o "Drivers/STM32U5xx_HAL_Driver/Src/stm32u5xx_hal_pwr_ex.o"
arm-none-eabi-gcc "../Drivers/STM32U5xx_HAL_Driver/Src/stm32u5xx_hal_rcc.c" -mcpu=cortex-m33 -std=gnu11 -g3 -DDEBUG -DUSE_HAL_DRIVER -DSTM32U575xx -c -I../Core/Inc -I../Drivers/STM32U5xx_HAL_Driver/Inc -I../Drivers/STM32U5xx_HAL_Driver/Inc/Legacy -I../Drivers/CMSIS/Device/ST/STM32U5xx/Include -I../Drivers/CMSIS/Include -O0 -ffunction-sections -fdata-sections -Wall -fstack-usage -fcyclomatic-complexity -MMD -MP -MF"Drivers/STM32U5xx_HAL_Driver/Src/stm32u5xx_hal_rcc.d" -MT"Drivers/STM32U5xx_HAL_Driver/Src/stm32u5xx_hal_rcc.o" --specs=nano.specs -mfpu=fpv5-sp-d16 -mfloat-abi=hard -mthumb -o "Drivers/STM32U5xx_HAL_Driver/Src/stm32u5xx_hal_rcc.o"
arm-none-eabi-gcc "../Drivers/STM32U5xx_HAL_Driver/Src/stm32u5xx_hal_rcc_ex.c" -mcpu=cortex-m33 -std=gnu11 -g3 -DDEBUG -DUSE_HAL_DRIVER -DSTM32U575xx -c -I../Core/Inc -I../Drivers/STM32U5xx_HAL_Driver/Inc -I../Drivers/STM32U5xx_HAL_Driver/Inc/Legacy -I../Drivers/CMSIS/Device/ST/STM32U5xx/Include -I../Drivers/CMSIS/Include -O0 -ffunction-sections -fdata-sections -Wall -fstack-usage -fcyclomatic-complexity -MMD -MP -MF"Drivers/STM32U5xx_HAL_Driver/Src/stm32u5xx_hal_rcc_ex.d" -MT"Drivers/STM32U5xx_HAL_Driver/Src/stm32u5xx_hal_rcc_ex.o" --specs=nano.specs -mfpu=fpv5-sp-d16 -mfloat-abi=hard -mthumb -o "Drivers/STM32U5xx_HAL_Driver/Src/stm32u5xx_hal_rcc_ex.o"
arm-none-eabi-gcc "../Drivers/STM32U5xx_HAL_Driver/Src/stm32u5xx_hal_rtc.c" -mcpu=cortex-m33 -std=gnu11 -g3 -DDEBUG -DUSE_HAL_DRIVER -DSTM32U575xx -c -I../Core/Inc -I../Drivers/STM32U5xx_HAL_Driver/Inc -I../Drivers/STM32U5xx_HAL_Driver/Inc/Legacy -I../Drivers/CMSIS/Device/ST/STM32U5xx/Include -I../Drivers/CMSIS/Include -O0 -ffunction-sections -fdata-sections -Wall -fstack-usage -fcyclomatic-complexity -MMD -MP -MF"Drivers/STM32U5xx_HAL_Driver/Src/stm32u5xx_hal_rtc.d" -MT"Drivers/STM32U5xx_HAL_Driver/Src/stm32u5xx_hal_rtc.o" --specs=nano.specs -mfpu=fpv5-sp-d16 -mfloat-abi=hard -mthumb -o "Drivers/STM32U5xx_HAL_Driver/Src/stm32u5xx_hal_rtc.o"
arm-none-eabi-gcc "../Drivers/STM32U5xx_HAL_Driver/Src/stm32u5xx_hal_rtc_ex.c" -mcpu=cortex-m33 -std=gnu11 -g3 -DDEBUG -DUSE_HAL_DRIVER -DSTM32U575xx -c -I../Core/Inc -I../Drivers/STM32U5xx_HAL_Driver/Inc -I../Drivers/STM32U5xx_HAL_Driver/Inc/Legacy -I../Drivers/CMSIS/Device/ST/STM32U5xx/Include -I../Drivers/CMSIS/Include -O0 -ffunction-sections -fdata-sections -Wall -fstack-usage -fcyclomatic-complexity -MMD -MP -MF"Drivers/STM32U5xx_HAL_Driver/Src/stm32u5xx_hal_rtc_ex.d" -MT"Drivers/STM32U5xx_HAL_Driver/Src/stm32u5xx_hal_rtc_ex.o" --specs=nano.specs -mfpu=fpv5-sp-d16 -mfloat-abi=hard -mthumb -o "Drivers/STM32U5xx_HAL_Driver/Src/stm32u5xx_hal_rtc_ex.o"
arm-none-eabi-gcc "../Drivers/STM32U5xx_HAL_Driver/Src/stm32u5xx_hal_tim.c" -mcpu=cortex-m33 -std=gnu11 -g3 -DDEBUG -DUSE_HAL_DRIVER -DSTM32U575xx -c -I../Core/Inc -I../Drivers/STM32U5xx_HAL_Driver/Inc -I../Drivers/STM32U5xx_HAL_Driver/Inc/Legacy -I../Drivers/CMSIS/Device/ST/STM32U5xx/Include -I../Drivers/CMSIS/Include -O0 -ffunction-sections -fdata-sections -Wall -fstack-usage -fcyclomatic-complexity -MMD -MP -MF"Drivers/STM32U5xx_HAL_Driver/Src/stm32u5xx_hal_tim.d" -MT"Drivers/STM32U5xx_HAL_Driver/Src/stm32u5xx_hal_tim.o" --specs=nano.specs -mfpu=fpv5-sp-d16 -mfloat-abi=hard -mthumb -o "Drivers/STM32U5xx_HAL_Driver/Src/stm32u5xx_hal_tim.o"
arm-none-eabi-gcc "../Drivers/STM32U5xx_HAL_Driver/Src/stm32u5xx_hal_tim_ex.c" -mcpu=cortex-m33 -std=gnu11 -g3 -DDEBUG -DUSE_HAL_DRIVER -DSTM32U575xx -c -I../Core/Inc -I../Drivers/STM32U5xx_HAL_Driver/Inc -I../Drivers/STM32U5xx_HAL_Driver/Inc/Legacy -I../Drivers/CMSIS/Device/ST/STM32U5xx/Include -I../Drivers/CMSIS/Include -O0 -ffunction-sections -fdata-sections -Wall -fstack-usage -fcyclomatic-complexity -MMD -MP -MF"Drivers/STM32U5xx_HAL_Driver/Src/stm32u5xx_hal_tim_ex.d" -MT"Drivers/STM32U5xx_HAL_Driver/Src/stm32u5xx_hal_tim_ex.o" --specs=nano.specs -mfpu=fpv5-sp-d16 -mfloat-abi=hard -mthumb -o "Drivers/STM32U5xx_HAL_Driver/Src/stm32u5xx_hal_tim_ex.o"
arm-none-eabi-gcc -mcpu=cortex-m33 -g3 -DDEBUG -c -x assembler-with-cpp -MMD -MP -MF"Core/Startup/startup_stm32u575vitxq.d" -MT"Core/Startup/startup_stm32u575vitxq.o" --specs=nano.specs -mfpu=fpv5-sp-d16 -mfloat-abi=hard -mthumb -o "Core/Startup/startup_stm32u575vitxq.o" "../Core/Startup/startup_stm32u575vitxq.s"
arm-none-eabi-gcc "../Core/Src/main.c" -mcpu=cortex-m33 -std=gnu11 -g3 -DDEBUG -DUSE_HAL_DRIVER -DSTM32U575xx -c -I../Core/Inc -I../Drivers/STM32U5xx_HAL_Driver/Inc -I../Drivers/STM32U5xx_HAL_Driver/Inc/Legacy -I../Drivers/CMSIS/Device/ST/STM32U5xx/Include -I../Drivers/CMSIS/Include -O0 -ffunction-sections -fdata-sections -Wall -fstack-usage -fcyclomatic-complexity -MMD -MP -MF"Core/Src/main.d" -MT"Core/Src/main.o" --specs=nano.specs -mfpu=fpv5-sp-d16 -mfloat-abi=hard -mthumb -o "Core/Src/main.o"
arm-none-eabi-gcc "../Core/Src/stm32u5xx_hal_msp.c" -mcpu=cortex-m33 -std=gnu11 -g3 -DDEBUG -DUSE_HAL_DRIVER -DSTM32U575xx -c -I../Core/Inc -I../Drivers/STM32U5xx_HAL_Driver/Inc -I../Drivers/STM32U5xx_HAL_Driver/Inc/Legacy -I../Drivers/CMSIS/Device/ST/STM32U5xx/Include -I../Drivers/CMSIS/Include -O0 -ffunction-sections -fdata-sections -Wall -fstack-usage -fcyclomatic-complexity -MMD -MP -MF"Core/Src/stm32u5xx_hal_msp.d" -MT"Core/Src/stm32u5xx_hal_msp.o" --specs=nano.specs -mfpu=fpv5-sp-d16 -mfloat-abi=hard -mthumb -o "Core/Src/stm32u5xx_hal_msp.o"
arm-none-eabi-gcc "../Core/Src/stm32u5xx_it.c" -mcpu=cortex-m33 -std=gnu11 -g3 -DDEBUG -DUSE_HAL_DRIVER -DSTM32U575xx -c -I../Core/Inc -I../Drivers/STM32U5xx_HAL_Driver/Inc -I../Drivers/STM32U5xx_HAL_Driver/Inc/Legacy -I../Drivers/CMSIS/Device/ST/STM32U5xx/Include -I../Drivers/CMSIS/Include -O0 -ffunction-sections -fdata-sections -Wall -fstack-usage -fcyclomatic-complexity -MMD -MP -MF"Core/Src/stm32u5xx_it.d" -MT"Core/Src/stm32u5xx_it.o" --specs=nano.specs -mfpu=fpv5-sp-d16 -mfloat-abi=hard -mthumb -o "Core/Src/stm32u5xx_it.o"
arm-none-eabi-gcc "../Core/Src/syscalls.c" -mcpu=cortex-m33 -std=gnu11 -g3 -DDEBUG -DUSE_HAL_DRIVER -DSTM32U575xx -c -I../Core/Inc -I../Drivers/STM32U5xx_HAL_Driver/Inc -I../Drivers/STM32U5xx_HAL_Driver/Inc/Legacy -I../Drivers/CMSIS/Device/ST/STM32U5xx/Include -I../Drivers/CMSIS/Include -O0 -ffunction-sections -fdata-sections -Wall -fstack-usage -fcyclomatic-complexity -MMD -MP -MF"Core/Src/syscalls.d" -MT"Core/Src/syscalls.o" --specs=nano.specs -mfpu=fpv5-sp-d16 -mfloat-abi=hard -mthumb -o "Core/Src/syscalls.o"
arm-none-eabi-gcc "../Core/Src/sysmem.c" -mcpu=cortex-m33 -std=gnu11 -g3 -DDEBUG -DUSE_HAL_DRIVER -DSTM32U575xx -c -I../Core/Inc -I../Drivers/STM32U5xx_HAL_Driver/Inc -I../Drivers/STM32U5xx_HAL_Driver/Inc/Legacy -I../Drivers/CMSIS/Device/ST/STM32U5xx/Include -I../Drivers/CMSIS/Include -O0 -ffunction-sections -fdata-sections -Wall -fstack-usage -fcyclomatic-complexity -MMD -MP -MF"Core/Src/sysmem.d" -MT"Core/Src/sysmem.o" --specs=nano.specs -mfpu=fpv5-sp-d16 -mfloat-abi=hard -mthumb -o "Core/Src/sysmem.o"
arm-none-eabi-gcc "../Core/Src/system_stm32u5xx.c" -mcpu=cortex-m33 -std=gnu11 -g3 -DDEBUG -DUSE_HAL_DRIVER -DSTM32U575xx -c -I../Core/Inc -I../Drivers/STM32U5xx_HAL_Driver/Inc -I../Drivers/STM32U5xx_HAL_Driver/Inc/Legacy -I../Drivers/CMSIS/Device/ST/STM32U5xx/Include -I../Drivers/CMSIS/Include -O0 -ffunction-sections -fdata-sections -Wall -fstack-usage -fcyclomatic-complexity -MMD -MP -MF"Core/Src/system_stm32u5xx.d" -MT"Core/Src/system_stm32u5xx.o" --specs=nano.specs -mfpu=fpv5-sp-d16 -mfloat-abi=hard -mthumb -o "Core/Src/system_stm32u5xx.o"
arm-none-eabi-gcc -o "02_stop_mode_2.elf" @"objects.list"   -mcpu=cortex-m33 -T"D:\githubs\fmc-320u-public\02_stop_mode_2\STM32U575VITXQ_FLASH.ld" --specs=nosys.specs -Wl,-Map="02_stop_mode_2.map" -Wl,--gc-sections -static --specs=nano.specs -mfpu=fpv5-sp-d16 -mfloat-abi=hard -mthumb -Wl,--start-group -lc -lm -Wl,--end-group
Finished building target: 02_stop_mode_2.elf
 
arm-none-eabi-size  02_stop_mode_2.elf 
arm-none-eabi-objdump -h -S 02_stop_mode_2.elf  > "02_stop_mode_2.list"
   text	   data	    bss	    dec	    hex	filename
  14312	     17	   1620	  15949	   3e4d	02_stop_mode_2.elf
Finished building: default.size.stdout
 
Finished building: 02_stop_mode_2.list
 
15:53:14 **** Incremental Build of configuration Debug for project 02_stop_mode_2 ****
make -j12 all 
arm-none-eabi-size  02_stop_mode_2.elf 
   text	   data	    bss	    dec	    hex	filename
  14312	     17	   1620	  15949	   3e4d	02_stop_mode_2.elf
Finished building: default.size.stdout
 
15:53:19 **** Incremental Build of configuration Debug for project 02_stop_mode_2 ****
make -j12 all 
arm-none-eabi-size  02_stop_mode_2.elf 
   text	   data	    bss	    dec	    hex	filename
  14312	     17	   1620	  15949	   3e4d	02_stop_mode_2.elf
Finished building: default.size.stdout
 
15:54:46 **** Build of configuration Debug for project 03_threadx ****
make -j12 all 
arm-none-eabi-gcc "../Core/Src/main.c" -mcpu=cortex-m33 -std=gnu11 -g3 -DDEBUG -DUSE_HAL_DRIVER -DSTM32U575xx -DTX_INCLUDE_USER_DEFINE_FILE -DTX_SINGLE_MODE_NON_SECURE=1 -c -I../Core/Inc -I../Drivers/STM32U5xx_HAL_Driver/Inc -I../Drivers/STM32U5xx_HAL_Driver/Inc/Legacy -I../Drivers/CMSIS/Device/ST/STM32U5xx/Include -I../Drivers/CMSIS/Include -I../AZURE_RTOS/App -I../Middlewares/ST/threadx/common/inc -I../Middlewares/ST/threadx/ports/cortex_m33/gnu/inc -I../Middlewares/ST/threadx/utility/low_power -O0 -ffunction-sections -fdata-sections -Wall -fstack-usage -fcyclomatic-complexity -MMD -MP -MF"Core/Src/main.d" -MT"Core/Src/main.o" --specs=nano.specs -mfpu=fpv5-sp-d16 -mfloat-abi=hard -mthumb -o "Core/Src/main.o"
arm-none-eabi-gcc -o "03_threadx.elf" @"objects.list"   -mcpu=cortex-m33 -T"D:\FLOWMEET Dropbox\flowmeet\id\boards\fmc-320u\dhs\03_threadx\STM32U575VITXQ_FLASH.ld" --specs=nosys.specs -Wl,-Map="03_threadx.map" -Wl,--gc-sections -static --specs=nano.specs -mfpu=fpv5-sp-d16 -mfloat-abi=hard -mthumb -Wl,--start-group -lc -lm -Wl,--end-group
Finished building target: 03_threadx.elf
 
arm-none-eabi-size  03_threadx.elf 
arm-none-eabi-objdump -h -S 03_threadx.elf  > "03_threadx.list"
   text	   data	    bss	    dec	    hex	filename
  26328	     24	   6624	  32976	   80d0	03_threadx.elf
Finished building: default.size.stdout
 
Finished building: 03_threadx.list
 
