Archive member included to satisfy reference by file (symbol)

C:/ST/STM32CubeIDE_1.14.0/STM32CubeIDE/plugins/com.st.stm32cube.ide.mcu.externaltools.gnu-tools-for-stm32.11.3.rel1.win32_1.1.100.202309141235/tools/bin/../lib/gcc/arm-none-eabi/11.3.1/../../../../arm-none-eabi/lib/thumb/v8-m.main+fp/hard\libc_nano.a(libc_a-exit.o)
                              C:/ST/STM32CubeIDE_1.14.0/STM32CubeIDE/plugins/com.st.stm32cube.ide.mcu.externaltools.gnu-tools-for-stm32.11.3.rel1.win32_1.1.100.202309141235/tools/bin/../lib/gcc/arm-none-eabi/11.3.1/../../../../arm-none-eabi/lib/thumb/v8-m.main+fp/hard/crt0.o (exit)
C:/ST/STM32CubeIDE_1.14.0/STM32CubeIDE/plugins/com.st.stm32cube.ide.mcu.externaltools.gnu-tools-for-stm32.11.3.rel1.win32_1.1.100.202309141235/tools/bin/../lib/gcc/arm-none-eabi/11.3.1/../../../../arm-none-eabi/lib/thumb/v8-m.main+fp/hard\libc_nano.a(libc_a-findfp.o)
                              C:/ST/STM32CubeIDE_1.14.0/STM32CubeIDE/plugins/com.st.stm32cube.ide.mcu.externaltools.gnu-tools-for-stm32.11.3.rel1.win32_1.1.100.202309141235/tools/bin/../lib/gcc/arm-none-eabi/11.3.1/../../../../arm-none-eabi/lib/thumb/v8-m.main+fp/hard\libc_nano.a(libc_a-exit.o) (__stdio_exit_handler)
C:/ST/STM32CubeIDE_1.14.0/STM32CubeIDE/plugins/com.st.stm32cube.ide.mcu.externaltools.gnu-tools-for-stm32.11.3.rel1.win32_1.1.100.202309141235/tools/bin/../lib/gcc/arm-none-eabi/11.3.1/../../../../arm-none-eabi/lib/thumb/v8-m.main+fp/hard\libc_nano.a(libc_a-fwalk.o)
                              C:/ST/STM32CubeIDE_1.14.0/STM32CubeIDE/plugins/com.st.stm32cube.ide.mcu.externaltools.gnu-tools-for-stm32.11.3.rel1.win32_1.1.100.202309141235/tools/bin/../lib/gcc/arm-none-eabi/11.3.1/../../../../arm-none-eabi/lib/thumb/v8-m.main+fp/hard\libc_nano.a(libc_a-findfp.o) (_fwalk_sglue)
C:/ST/STM32CubeIDE_1.14.0/STM32CubeIDE/plugins/com.st.stm32cube.ide.mcu.externaltools.gnu-tools-for-stm32.11.3.rel1.win32_1.1.100.202309141235/tools/bin/../lib/gcc/arm-none-eabi/11.3.1/../../../../arm-none-eabi/lib/thumb/v8-m.main+fp/hard\libc_nano.a(libc_a-stdio.o)
                              C:/ST/STM32CubeIDE_1.14.0/STM32CubeIDE/plugins/com.st.stm32cube.ide.mcu.externaltools.gnu-tools-for-stm32.11.3.rel1.win32_1.1.100.202309141235/tools/bin/../lib/gcc/arm-none-eabi/11.3.1/../../../../arm-none-eabi/lib/thumb/v8-m.main+fp/hard\libc_nano.a(libc_a-findfp.o) (__sread)
C:/ST/STM32CubeIDE_1.14.0/STM32CubeIDE/plugins/com.st.stm32cube.ide.mcu.externaltools.gnu-tools-for-stm32.11.3.rel1.win32_1.1.100.202309141235/tools/bin/../lib/gcc/arm-none-eabi/11.3.1/../../../../arm-none-eabi/lib/thumb/v8-m.main+fp/hard\libc_nano.a(libc_a-memset.o)
                              C:/ST/STM32CubeIDE_1.14.0/STM32CubeIDE/plugins/com.st.stm32cube.ide.mcu.externaltools.gnu-tools-for-stm32.11.3.rel1.win32_1.1.100.202309141235/tools/bin/../lib/gcc/arm-none-eabi/11.3.1/../../../../arm-none-eabi/lib/thumb/v8-m.main+fp/hard/crt0.o (memset)
C:/ST/STM32CubeIDE_1.14.0/STM32CubeIDE/plugins/com.st.stm32cube.ide.mcu.externaltools.gnu-tools-for-stm32.11.3.rel1.win32_1.1.100.202309141235/tools/bin/../lib/gcc/arm-none-eabi/11.3.1/../../../../arm-none-eabi/lib/thumb/v8-m.main+fp/hard\libc_nano.a(libc_a-closer.o)
                              C:/ST/STM32CubeIDE_1.14.0/STM32CubeIDE/plugins/com.st.stm32cube.ide.mcu.externaltools.gnu-tools-for-stm32.11.3.rel1.win32_1.1.100.202309141235/tools/bin/../lib/gcc/arm-none-eabi/11.3.1/../../../../arm-none-eabi/lib/thumb/v8-m.main+fp/hard\libc_nano.a(libc_a-stdio.o) (_close_r)
C:/ST/STM32CubeIDE_1.14.0/STM32CubeIDE/plugins/com.st.stm32cube.ide.mcu.externaltools.gnu-tools-for-stm32.11.3.rel1.win32_1.1.100.202309141235/tools/bin/../lib/gcc/arm-none-eabi/11.3.1/../../../../arm-none-eabi/lib/thumb/v8-m.main+fp/hard\libc_nano.a(libc_a-reent.o)
                              C:/ST/STM32CubeIDE_1.14.0/STM32CubeIDE/plugins/com.st.stm32cube.ide.mcu.externaltools.gnu-tools-for-stm32.11.3.rel1.win32_1.1.100.202309141235/tools/bin/../lib/gcc/arm-none-eabi/11.3.1/../../../../arm-none-eabi/lib/thumb/v8-m.main+fp/hard\libc_nano.a(libc_a-closer.o) (errno)
C:/ST/STM32CubeIDE_1.14.0/STM32CubeIDE/plugins/com.st.stm32cube.ide.mcu.externaltools.gnu-tools-for-stm32.11.3.rel1.win32_1.1.100.202309141235/tools/bin/../lib/gcc/arm-none-eabi/11.3.1/../../../../arm-none-eabi/lib/thumb/v8-m.main+fp/hard\libc_nano.a(libc_a-impure.o)
                              C:/ST/STM32CubeIDE_1.14.0/STM32CubeIDE/plugins/com.st.stm32cube.ide.mcu.externaltools.gnu-tools-for-stm32.11.3.rel1.win32_1.1.100.202309141235/tools/bin/../lib/gcc/arm-none-eabi/11.3.1/../../../../arm-none-eabi/lib/thumb/v8-m.main+fp/hard\libc_nano.a(libc_a-reent.o) (_impure_ptr)
C:/ST/STM32CubeIDE_1.14.0/STM32CubeIDE/plugins/com.st.stm32cube.ide.mcu.externaltools.gnu-tools-for-stm32.11.3.rel1.win32_1.1.100.202309141235/tools/bin/../lib/gcc/arm-none-eabi/11.3.1/../../../../arm-none-eabi/lib/thumb/v8-m.main+fp/hard\libc_nano.a(libc_a-lseekr.o)
[...]
Memory Configuration

Name             Origin             Length             Attributes
RAM              0x0000000020000000 0x00000000000c0000 xrw
SRAM4            0x0000000028000000 0x0000000000004000 xrw
FLASH            0x0000000008000000 0x0000000000200000 xr
*default*        0x0000000000000000 0xffffffffffffffff

Linker script and memory map

LOAD C:/ST/STM32CubeIDE_1.14.0/STM32CubeIDE/plugins/com.st.stm32cube.ide.mcu.externaltools.gnu-tools-for-stm32.11.3.rel1.win32_1.1.100.202309141235/tools/bin/../lib/gcc/arm-none-eabi/11.3.1/thumb/v8-m.main+fp/hard/crti.o
LOAD C:/ST/STM32CubeIDE_1.14.0/STM32CubeIDE/plugins/com.st.stm32cube.ide.mcu.externaltools.gnu-tools-for-stm32.11.3.rel1.win32_1.1.100.202309141235/tools/bin/../lib/gcc/arm-none-eabi/11.3.1/thumb/v8-m.main+fp/hard/crtbegin.o
LOAD C:/ST/STM32CubeIDE_1.14.0/STM32CubeIDE/plugins/com.st.stm32cube.ide.mcu.externaltools.gnu-tools-for-stm32.11.3.rel1.win32_1.1.100.202309141235/tools/bin/../lib/gcc/arm-none-eabi/11.3.1/../../../../arm-none-eabi/lib/thumb/v8-m.main+fp/hard/crt0.o
LOAD ./Core/Src/main.o
LOAD ./Core/Src/stm32u5xx_hal_msp.o
LOAD ./Core/Src/stm32u5xx_it.o
LOAD ./Core/Src/syscalls.o
LOAD ./Core/Src/sysmem.o
LOAD ./Core/Src/system_stm32u5xx.o
LOAD ./Core/Startup/startup_stm32u575vitxq.o
LOAD ./Drivers/STM32U5xx_HAL_Driver/Src/stm32u5xx_hal.o
LOAD ./Drivers/STM32U5xx_HAL_Driver/Src/stm32u5xx_hal_cortex.o
LOAD ./Drivers/STM32U5xx_HAL_Driver/Src/stm32u5xx_hal_dma.o
LOAD ./Drivers/STM32U5xx_HAL_Driver/Src/stm32u5xx_hal_dma_ex.o
LOAD ./Drivers/STM32U5xx_HAL_Driver/Src/stm32u5xx_hal_exti.o
LOAD ./Drivers/STM32U5xx_HAL_Driver/Src/stm32u5xx_hal_flash.o
LOAD ./Drivers/STM32U5xx_HAL_Driver/Src/stm32u5xx_hal_flash_ex.o
LOAD ./Drivers/STM32U5xx_HAL_Driver/Src/stm32u5xx_hal_gpio.o
LOAD ./Drivers/STM32U5xx_HAL_Driver/Src/stm32u5xx_hal_gtzc.o
LOAD ./Drivers/STM32U5xx_HAL_Driver/Src/stm32u5xx_hal_i2c.o
LOAD ./Drivers/STM32U5xx_HAL_Driver/Src/stm32u5xx_hal_i2c_ex.o
LOAD ./Drivers/STM32U5xx_HAL_Driver/Src/stm32u5xx_hal_icache.o
LOAD ./Drivers/STM32U5xx_HAL_Driver/Src/stm32u5xx_hal_pwr.o
LOAD ./Drivers/STM32U5xx_HAL_Driver/Src/stm32u5xx_hal_pwr_ex.o
LOAD ./Drivers/STM32U5xx_HAL_Driver/Src/stm32u5xx_hal_rcc.o
LOAD ./Drivers/STM32U5xx_HAL_Driver/Src/stm32u5xx_hal_rcc_ex.o
LOAD ./Drivers/STM32U5xx_HAL_Driver/Src/stm32u5xx_hal_rtc.o
LOAD ./Drivers/STM32U5xx_HAL_Driver/Src/stm32u5xx_hal_rtc_ex.o
LOAD ./Drivers/STM32U5xx_HAL_Driver/Src/stm32u5xx_hal_tim.o
LOAD ./Drivers/STM32U5xx_HAL_Driver/Src/stm32u5xx_hal_tim_ex.o
START GROUP
LOAD C:/ST/STM32CubeIDE_1.14.0/STM32CubeIDE/plugins/com.st.stm32cube.ide.mcu.externaltools.gnu-tools-for-stm32.11.3.rel1.win32_1.1.100.202309141235/tools/bin/../lib/gcc/arm-none-eabi/11.3.1/../../../../arm-none-eabi/lib/thumb/v8-m.main+fp/hard\libc_nano.a
LOAD C:/ST/STM32CubeIDE_1.14.0/STM32CubeIDE/plugins/com.st.stm32cube.ide.mcu.externaltools.gnu-tools-for-stm32.11.3.rel1.win32_1.1.100.202309141235/tools/bin/../lib/gcc/arm-none-eabi/11.3.1/../../../../arm-none-eabi/lib/thumb/v8-m.main+fp/hard\libm.a
END GROUP
START GROUP
LOAD C:/ST/STM32CubeIDE_1.14.0/STM32CubeIDE/plugins/com.st.stm32cube.ide.mcu.externaltools.gnu-tools-for-stm32.11.3.rel1.win32_1.1.100.202309141235/tools/bin/../lib/gcc/arm-none-eabi/11.3.1/thumb/v8-m.main+fp/hard\libgcc.a
LOAD C:/ST/STM32CubeIDE_1.14.0/STM32CubeIDE/plugins/com.st.stm32cube.ide.mcu.externaltools.gnu-tools-for-stm32.11.3.rel1.win32_1.1.100.202309141235/tools/bin/../lib/gcc/arm-none-eabi/11.3.1/../../../../arm-none-eabi/lib/thumb/v8-m.main+fp/hard\libc_nano.a
END GROUP
START GROUP
LOAD C:/ST/STM32CubeIDE_1.14.0/STM32CubeIDE/plugins/com.st.stm32cube.ide.mcu.externaltools.gnu-tools-for-stm32.11.3.rel1.win32_1.1.100.202309141235/tools/bin/../lib/gcc/arm-none-eabi/11.3.1/thumb/v8-m.main+fp/hard\libgcc.a
LOAD C:/ST/STM32CubeIDE_1.14.0/STM32CubeIDE/plugins/com.st.stm32cube.ide.mcu.externaltools.gnu-tools-for-stm32.11.3.rel1.win32_1.1.100.202309141235/tools/bin/../lib/gcc/arm-none-eabi/11.3.1/../../../../arm-none-eabi/lib/thumb/v8-m.main+fp/hard\libc_nano.a
LOAD C:/ST/STM32CubeIDE_1.14.0/STM32CubeIDE/plugins/com.st.stm32cube.ide.mcu.externaltools.gnu-tools-for-stm32.11.3.rel1.win32_1.1.100.202309141235/tools/bin/../lib/gcc/arm-none-eabi/11.3.1/../../../../arm-none-eabi/lib/thumb/v8-m.main+fp/hard\libnosys.a
END GROUP
START GROUP
LOAD C:/ST/STM32CubeIDE_1.14.0/STM32CubeIDE/plugins/com.st.stm32cube.ide.mcu.externaltools.gnu-tools-for-stm32.11.3.rel1.win32_1.1.100.202309141235/tools/bin/../lib/gcc/arm-none-eabi/11.3.1/thumb/v8-m.main+fp/hard\libgcc.a
LOAD C:/ST/STM32CubeIDE_1.14.0/STM32CubeIDE/plugins/com.st.stm32cube.ide.mcu.externaltools.gnu-tools-for-stm32.11.3.rel1.win32_1.1.100.202309141235/tools/bin/../lib/gcc/arm-none-eabi/11.3.1/../../../../arm-none-eabi/lib/thumb/v8-m.main+fp/hard\libc_nano.a
LOAD C:/ST/STM32CubeIDE_1.14.0/STM32CubeIDE/plugins/com.st.stm32cube.ide.mcu.externaltools.gnu-tools-for-stm32.11.3.rel1.win32_1.1.100.202309141235/tools/bin/../lib/gcc/arm-none-eabi/11.3.1/../../../../arm-none-eabi/lib/thumb/v8-m.main+fp/hard\libnosys.a
END GROUP
LOAD C:/ST/STM32CubeIDE_1.14.0/STM32CubeIDE/plugins/com.st.stm32cube.ide.mcu.externaltools.gnu-tools-for-stm32.11.3.rel1.win32_1.1.100.202309141235/tools/bin/../lib/gcc/arm-none-eabi/11.3.1/thumb/v8-m.main+fp/hard/crtend.o
LOAD C:/ST/STM32CubeIDE_1.14.0/STM32CubeIDE/plugins/com.st.stm32cube.ide.mcu.externaltools.gnu-tools-for-stm32.11.3.rel1.win32_1.1.100.202309141235/tools/bin/../lib/gcc/arm-none-eabi/11.3.1/thumb/v8-m.main+fp/hard/crtn.o
                0x00000000200c0000                _estack = (ORIGIN (RAM) + LENGTH (RAM))
                0x0000000000000200                _Min_Heap_Size = 0x200
                0x0000000000000400                _Min_Stack_Size = 0x400

.isr_vector     0x0000000008000000      0x238
 *(.isr_vector)
 .isr_vector    0x0000000008000000      0x238 ./Core/Startup/startup_stm32u575vitxq.o
                0x0000000008000000                g_pfnVectors

.text           0x0000000008000238     0x34e0
 *(.text)
 .text          0x0000000008000238       0x40 C:/ST/STM32CubeIDE_1.14.0/STM32CubeIDE/plugins/com.st.stm32cube.ide.mcu.externaltools.gnu-tools-for-stm32.11.3.rel1.win32_1.1.100.202309141235/tools/bin/../lib/gcc/arm-none-eabi/11.3.1/thumb/v8-m.main+fp/hard/crtbegin.o
 *(.text*)
 .text.main     0x0000000008000278       0x48 ./Core/Src/main.o
                0x0000000008000278                main
 .text.SystemClock_Config
                0x00000000080002c0       0xb0 ./Core/Src/main.o
                0x00000000080002c0                SystemClock_Config
 .text.MX_ICACHE_Init
                0x0000000008000370       0x26 ./Core/Src/main.o
 *fill*         0x0000000008000396        0x2 
 .text.MX_RTC_Init
                0x0000000008000398       0xb4 ./Core/Src/main.o
 .text.MX_GPIO_Init
                0x000000000800044c       0xa8 ./Core/Src/main.o
 .text.HAL_RTCEx_WakeUpTimerEventCallback
                0x00000000080004f4       0x14 ./Core/Src/main.o
                0x00000000080004f4                HAL_RTCEx_WakeUpTimerEventCallback
 .text.Error_Handler
                0x0000000008000508        0xa ./Core/Src/main.o
                0x0000000008000508                Error_Handler
 *fill*         0x0000000008000512        0x2 
 .text.HAL_MspInit
                0x0000000008000514       0x34 ./Core/Src/stm32u5xx_hal_msp.o
                0x0000000008000514                HAL_MspInit
 .text.HAL_RTC_MspInit
                0x0000000008000548       0xa8 ./Core/Src/stm32u5xx_hal_msp.o
                0x0000000008000548                HAL_RTC_MspInit
 .text.NMI_Handler
                0x00000000080005f0        0x6 ./Core/Src/stm32u5xx_it.o
                0x00000000080005f0                NMI_Handler
 .text.HardFault_Handler
                0x00000000080005f6        0x6 ./Core/Src/stm32u5xx_it.o
                0x00000000080005f6                HardFault_Handler
 .text.MemManage_Handler
                0x00000000080005fc        0x6 ./Core/Src/stm32u5xx_it.o
                0x00000000080005fc                MemManage_Handler
 .text.BusFault_Handler
                0x0000000008000602        0x6 ./Core/Src/stm32u5xx_it.o
                0x0000000008000602                BusFault_Handler
 .text.UsageFault_Handler
                0x0000000008000608        0x6 ./Core/Src/stm32u5xx_it.o
                0x0000000008000608                UsageFault_Handler
 .text.SVC_Handler
                0x000000000800060e        0xe ./Core/Src/stm32u5xx_it.o
                0x000000000800060e                SVC_Handler
 .text.DebugMon_Handler
                0x000000000800061c        0xe ./Core/Src/stm32u5xx_it.o
                0x000000000800061c                DebugMon_Handler
 .text.PendSV_Handler
                0x000000000800062a        0xe ./Core/Src/stm32u5xx_it.o
                0x000000000800062a                PendSV_Handler
 .text.SysTick_Handler
                0x0000000008000638        0xc ./Core/Src/stm32u5xx_it.o
                0x0000000008000638                SysTick_Handler
 .text.RTC_IRQHandler
                0x0000000008000644       0x14 ./Core/Src/stm32u5xx_it.o
                0x0000000008000644                RTC_IRQHandler
 .text.SystemInit
                0x0000000008000658       0x70 ./Core/Src/system_stm32u5xx.o
                0x0000000008000658                SystemInit
 .text.Reset_Handler
                0x00000000080006c8       0x50 ./Core/Startup/startup_stm32u575vitxq.o
                0x00000000080006c8                Reset_Handler
 .text.Default_Handler
                0x0000000008000718        0x2 ./Core/Startup/startup_stm32u575vitxq.o
                0x0000000008000718                EXTI2_IRQHandler
                0x0000000008000718                TIM8_TRG_COM_IRQHandler
                0x0000000008000718                TIM8_CC_IRQHandler
                0x0000000008000718                EXTI5_IRQHandler
                0x0000000008000718                FLASH_S_IRQHandler
                0x0000000008000718                EXTI13_IRQHandler
                0x0000000008000718                TIM1_CC_IRQHandler
                0x0000000008000718                TSC_IRQHandler
                0x0000000008000718                TAMP_IRQHandler
                0x0000000008000718                TIM6_IRQHandler
                0x0000000008000718                EXTI12_IRQHandler
                0x0000000008000718                CORDIC_IRQHandler
                0x0000000008000718                EXTI3_IRQHandler
                0x0000000008000718                LPTIM4_IRQHandler
                0x0000000008000718                GPDMA1_Channel5_IRQHandler
                0x0000000008000718                EXTI8_IRQHandler
                0x0000000008000718                LPTIM2_IRQHandler
                0x0000000008000718                I2C3_ER_IRQHandler
                0x0000000008000718                PWR_S3WU_IRQHandler
                0x0000000008000718                MDF1_FLT2_IRQHandler
                0x0000000008000718                LPDMA1_Channel3_IRQHandler
                0x0000000008000718                LPTIM3_IRQHandler
                0x0000000008000718                EXTI0_IRQHandler
                0x0000000008000718                I2C2_EV_IRQHandler
                0x0000000008000718                FPU_IRQHandler
                0x0000000008000718                GPDMA1_Channel3_IRQHandler
                0x0000000008000718                GPDMA1_Channel7_IRQHandler
                0x0000000008000718                MDF1_FLT4_IRQHandler
                0x0000000008000718                FDCAN1_IT1_IRQHandler
                0x0000000008000718                RAMCFG_IRQHandler
                0x0000000008000718                GPDMA1_Channel9_IRQHandler
                0x0000000008000718                DCACHE1_IRQHandler
                0x0000000008000718                SPI1_IRQHandler
                0x0000000008000718                OCTOSPI1_IRQHandler
                0x0000000008000718                GPDMA1_Channel2_IRQHandler
                0x0000000008000718                TIM8_UP_IRQHandler
                0x0000000008000718                RCC_S_IRQHandler
                0x0000000008000718                OCTOSPI2_IRQHandler
                0x0000000008000718                SAI2_IRQHandler
                0x0000000008000718                MDF1_FLT1_IRQHandler
                0x0000000008000718                ADC1_IRQHandler
                0x0000000008000718                MDF1_FLT5_IRQHandler
                0x0000000008000718                EXTI15_IRQHandler
                0x0000000008000718                TIM17_IRQHandler
                0x0000000008000718                USART3_IRQHandler
                0x0000000008000718                EXTI9_IRQHandler
                0x0000000008000718                UART5_IRQHandler
                0x0000000008000718                TIM4_IRQHandler
                0x0000000008000718                I2C1_EV_IRQHandler
                0x0000000008000718                GPDMA1_Channel12_IRQHandler
                0x0000000008000718                GPDMA1_Channel1_IRQHandler
                0x0000000008000718                TIM16_IRQHandler
                0x0000000008000718                GPDMA1_Channel15_IRQHandler
                0x0000000008000718                UART4_IRQHandler
                0x0000000008000718                SecureFault_Handler
                0x0000000008000718                TIM3_IRQHandler
                0x0000000008000718                RCC_IRQHandler
                0x0000000008000718                TIM1_TRG_COM_IRQHandler
                0x0000000008000718                Default_Handler
                0x0000000008000718                GPDMA1_Channel8_IRQHandler
                0x0000000008000718                FMAC_IRQHandler
                0x0000000008000718                GPDMA1_Channel11_IRQHandler
                0x0000000008000718                TIM7_IRQHandler
                0x0000000008000718                SDMMC1_IRQHandler
                0x0000000008000718                TIM5_IRQHandler
                0x0000000008000718                UCPD1_IRQHandler
                0x0000000008000718                GPDMA1_Channel0_IRQHandler
                0x0000000008000718                TIM15_IRQHandler
                0x0000000008000718                I2C3_EV_IRQHandler
                0x0000000008000718                LPDMA1_Channel0_IRQHandler
                0x0000000008000718                PVD_PVM_IRQHandler
                0x0000000008000718                SPI2_IRQHandler
                0x0000000008000718                LPDMA1_Channel1_IRQHandler
                0x0000000008000718                EXTI14_IRQHandler
                0x0000000008000718                EXTI11_IRQHandler
                0x0000000008000718                CRS_IRQHandler
                0x0000000008000718                GPDMA1_Channel14_IRQHandler
                0x0000000008000718                LSECSSD_IRQHandler
                0x0000000008000718                EXTI4_IRQHandler
                0x0000000008000718                RTC_S_IRQHandler
                0x0000000008000718                GPDMA1_Channel13_IRQHandler
                0x0000000008000718                RNG_IRQHandler
                0x0000000008000718                COMP_IRQHandler
                0x0000000008000718                TIM1_UP_IRQHandler
                0x0000000008000718                ADC4_IRQHandler
                0x0000000008000718                WWDG_IRQHandler
                0x0000000008000718                I2C4_EV_IRQHandler
                0x0000000008000718                ADF1_IRQHandler
                0x0000000008000718                IWDG_IRQHandler
                0x0000000008000718                LPUART1_IRQHandler
                0x0000000008000718                MDF1_FLT0_IRQHandler
                0x0000000008000718                FDCAN1_IT0_IRQHandler
                0x0000000008000718                TIM2_IRQHandler
                0x0000000008000718                GPDMA1_Channel4_IRQHandler
                0x0000000008000718                EXTI7_IRQHandler
                0x0000000008000718                DMA2D_IRQHandler
                0x0000000008000718                TIM1_BRK_IRQHandler
                0x0000000008000718                EXTI1_IRQHandler
                0x0000000008000718                SDMMC2_IRQHandler
                0x0000000008000718                DAC1_IRQHandler
                0x0000000008000718                GTZC_IRQHandler
                0x0000000008000718                MDF1_FLT3_IRQHandler
                0x0000000008000718                USART2_IRQHandler
                0x0000000008000718                GPDMA1_Channel6_IRQHandler
                0x0000000008000718                I2C2_ER_IRQHandler
                0x0000000008000718                TIM8_BRK_IRQHandler
                0x0000000008000718                FLASH_IRQHandler
                0x0000000008000718                USART1_IRQHandler
                0x0000000008000718                EXTI10_IRQHandler
                0x0000000008000718                OTG_FS_IRQHandler
                0x0000000008000718                SPI3_IRQHandler
                0x0000000008000718                LPDMA1_Channel2_IRQHandler
                0x0000000008000718                I2C1_ER_IRQHandler
                0x0000000008000718                FMC_IRQHandler
                0x0000000008000718                EXTI6_IRQHandler
                0x0000000008000718                LPTIM1_IRQHandler
                0x0000000008000718                DCMI_PSSI_IRQHandler
                0x0000000008000718                I2C4_ER_IRQHandler
                0x0000000008000718                GPDMA1_Channel10_IRQHandler
                0x0000000008000718                ICACHE_IRQHandler
                0x0000000008000718                SAI1_IRQHandler
                0x0000000008000718                HASH_IRQHandler
 *fill*         0x000000000800071a        0x2 
 .text.HAL_Init
                0x000000000800071c       0x5c ./Drivers/STM32U5xx_HAL_Driver/Src/stm32u5xx_hal.o
                0x000000000800071c                HAL_Init
 .text.HAL_InitTick
                0x0000000008000778       0x6c ./Drivers/STM32U5xx_HAL_Driver/Src/stm32u5xx_hal.o
                0x0000000008000778                HAL_InitTick
 .text.HAL_IncTick
                0x00000000080007e4       0x28 ./Drivers/STM32U5xx_HAL_Driver/Src/stm32u5xx_hal.o
                0x00000000080007e4                HAL_IncTick
 .text.HAL_GetTick
                0x000000000800080c       0x18 ./Drivers/STM32U5xx_HAL_Driver/Src/stm32u5xx_hal.o
                0x000000000800080c                HAL_GetTick
 .text.HAL_Delay
                0x0000000008000824       0x48 ./Drivers/STM32U5xx_HAL_Driver/Src/stm32u5xx_hal.o
                0x0000000008000824                HAL_Delay
 .text.__NVIC_SetPriorityGrouping
                0x000000000800086c       0x48 ./Drivers/STM32U5xx_HAL_Driver/Src/stm32u5xx_hal_cortex.o
 .text.__NVIC_GetPriorityGrouping
                0x00000000080008b4       0x1c ./Drivers/STM32U5xx_HAL_Driver/Src/stm32u5xx_hal_cortex.o
 .text.__NVIC_EnableIRQ
                0x00000000080008d0       0x3c ./Drivers/STM32U5xx_HAL_Driver/Src/stm32u5xx_hal_cortex.o
 .text.__NVIC_SetPriority
                0x000000000800090c       0x54 ./Drivers/STM32U5xx_HAL_Driver/Src/stm32u5xx_hal_cortex.o
 .text.NVIC_EncodePriority
                0x0000000008000960       0x66 ./Drivers/STM32U5xx_HAL_Driver/Src/stm32u5xx_hal_cortex.o
 *fill*         0x00000000080009c6        0x2 
 .text.SysTick_Config
                0x00000000080009c8       0x44 ./Drivers/STM32U5xx_HAL_Driver/Src/stm32u5xx_hal_cortex.o
 .text.HAL_NVIC_SetPriorityGrouping
                0x0000000008000a0c       0x16 ./Drivers/STM32U5xx_HAL_Driver/Src/stm32u5xx_hal_cortex.o
                0x0000000008000a0c                HAL_NVIC_SetPriorityGrouping
 .text.HAL_NVIC_SetPriority
                0x0000000008000a22       0x34 ./Drivers/STM32U5xx_HAL_Driver/Src/stm32u5xx_hal_cortex.o
                0x0000000008000a22                HAL_NVIC_SetPriority
 .text.HAL_NVIC_EnableIRQ
                0x0000000008000a56       0x1c ./Drivers/STM32U5xx_HAL_Driver/Src/stm32u5xx_hal_cortex.o
                0x0000000008000a56                HAL_NVIC_EnableIRQ
 .text.HAL_SYSTICK_Config
                0x0000000008000a72       0x18 ./Drivers/STM32U5xx_HAL_Driver/Src/stm32u5xx_hal_cortex.o
                0x0000000008000a72                HAL_SYSTICK_Config
 *fill*         0x0000000008000a8a        0x2 
 .text.HAL_GPIO_Init
                0x0000000008000a8c      0x3b0 ./Drivers/STM32U5xx_HAL_Driver/Src/stm32u5xx_hal_gpio.o
                0x0000000008000a8c                HAL_GPIO_Init
 .text.HAL_GPIO_WritePin
                0x0000000008000e3c       0x30 ./Drivers/STM32U5xx_HAL_Driver/Src/stm32u5xx_hal_gpio.o
                0x0000000008000e3c                HAL_GPIO_WritePin
 .text.HAL_ICACHE_ConfigAssociativityMode
                0x0000000008000e6c       0x40 ./Drivers/STM32U5xx_HAL_Driver/Src/stm32u5xx_hal_icache.o
                0x0000000008000e6c                HAL_ICACHE_ConfigAssociativityMode
 .text.HAL_ICACHE_Enable
                0x0000000008000eac       0x20 ./Drivers/STM32U5xx_HAL_Driver/Src/stm32u5xx_hal_icache.o
                0x0000000008000eac                HAL_ICACHE_Enable
 .text.HAL_PWR_EnableBkUpAccess
                0x0000000008000ecc       0x20 ./Drivers/STM32U5xx_HAL_Driver/Src/stm32u5xx_hal_pwr.o
                0x0000000008000ecc                HAL_PWR_EnableBkUpAccess
 .text.HAL_PWREx_ControlVoltageScaling
                0x0000000008000eec       0xfc ./Drivers/STM32U5xx_HAL_Driver/Src/stm32u5xx_hal_pwr_ex.o
                0x0000000008000eec                HAL_PWREx_ControlVoltageScaling
 .text.HAL_PWREx_GetVoltageRange
                0x0000000008000fe8       0x1c ./Drivers/STM32U5xx_HAL_Driver/Src/stm32u5xx_hal_pwr_ex.o
                0x0000000008000fe8                HAL_PWREx_GetVoltageRange
 .text.HAL_PWREx_EnterSTOP2Mode
                0x0000000008001004       0x58 ./Drivers/STM32U5xx_HAL_Driver/Src/stm32u5xx_hal_pwr_ex.o
                0x0000000008001004                HAL_PWREx_EnterSTOP2Mode
 .text.HAL_RCC_OscConfig
                0x000000000800105c      0xdb8 ./Drivers/STM32U5xx_HAL_Driver/Src/stm32u5xx_hal_rcc.o
                0x000000000800105c                HAL_RCC_OscConfig
 .text.HAL_RCC_ClockConfig
                0x0000000008001e14      0x3e4 ./Drivers/STM32U5xx_HAL_Driver/Src/stm32u5xx_hal_rcc.o
                0x0000000008001e14                HAL_RCC_ClockConfig
 .text.HAL_RCC_GetSysClockFreq
                0x00000000080021f8      0x204 ./Drivers/STM32U5xx_HAL_Driver/Src/stm32u5xx_hal_rcc.o
                0x00000000080021f8                HAL_RCC_GetSysClockFreq
 .text.HAL_RCC_GetHCLKFreq
                0x00000000080023fc       0x34 ./Drivers/STM32U5xx_HAL_Driver/Src/stm32u5xx_hal_rcc.o
                0x00000000080023fc                HAL_RCC_GetHCLKFreq
 .text.RCC_SetFlashLatencyFromMSIRange
                0x0000000008002430      0x10c ./Drivers/STM32U5xx_HAL_Driver/Src/stm32u5xx_hal_rcc.o
 .text.HAL_RCCEx_PeriphCLKConfig
                0x000000000800253c      0xb48 ./Drivers/STM32U5xx_HAL_Driver/Src/stm32u5xx_hal_rcc_ex.o
                0x000000000800253c                HAL_RCCEx_PeriphCLKConfig
 .text.RCCEx_PLL2_Config
                0x0000000008003084      0x130 ./Drivers/STM32U5xx_HAL_Driver/Src/stm32u5xx_hal_rcc_ex.o
 .text.RCCEx_PLL3_Config
                0x00000000080031b4      0x130 ./Drivers/STM32U5xx_HAL_Driver/Src/stm32u5xx_hal_rcc_ex.o
 .text.HAL_RTC_Init
                0x00000000080032e4      0x104 ./Drivers/STM32U5xx_HAL_Driver/Src/stm32u5xx_hal_rtc.o
                0x00000000080032e4                HAL_RTC_Init
 .text.HAL_RTC_WaitForSynchro
                0x00000000080033e8       0x64 ./Drivers/STM32U5xx_HAL_Driver/Src/stm32u5xx_hal_rtc.o
                0x00000000080033e8                HAL_RTC_WaitForSynchro
 .text.RTC_EnterInitMode
                0x000000000800344c       0x78 ./Drivers/STM32U5xx_HAL_Driver/Src/stm32u5xx_hal_rtc.o
                0x000000000800344c                RTC_EnterInitMode
 .text.RTC_ExitInitMode
                0x00000000080034c4       0x7c ./Drivers/STM32U5xx_HAL_Driver/Src/stm32u5xx_hal_rtc.o
                0x00000000080034c4                RTC_ExitInitMode
 .text.HAL_RTCEx_SetWakeUpTimer_IT
                0x0000000008003540       0xd8 ./Drivers/STM32U5xx_HAL_Driver/Src/stm32u5xx_hal_rtc_ex.o
                0x0000000008003540                HAL_RTCEx_SetWakeUpTimer_IT
 .text.HAL_RTCEx_WakeUpTimerIRQHandler
                0x0000000008003618       0x34 ./Drivers/STM32U5xx_HAL_Driver/Src/stm32u5xx_hal_rtc_ex.o
                0x0000000008003618                HAL_RTCEx_WakeUpTimerIRQHandler
 .text.HAL_RTCEx_PrivilegeModeSet
                0x000000000800364c       0x5c ./Drivers/STM32U5xx_HAL_Driver/Src/stm32u5xx_hal_rtc_ex.o
                0x000000000800364c                HAL_RTCEx_PrivilegeModeSet
 .text.memset   0x00000000080036a8       0x10 C:/ST/STM32CubeIDE_1.14.0/STM32CubeIDE/plugins/com.st.stm32cube.ide.mcu.externaltools.gnu-tools-for-stm32.11.3.rel1.win32_1.1.100.202309141235/tools/bin/../lib/gcc/arm-none-eabi/11.3.1/../../../../arm-none-eabi/lib/thumb/v8-m.main+fp/hard\libc_nano.a(libc_a-memset.o)
                0x00000000080036a8                memset
 .text.__libc_init_array
                0x00000000080036b8       0x48 C:/ST/STM32CubeIDE_1.14.0/STM32CubeIDE/plugins/com.st.stm32cube.ide.mcu.externaltools.gnu-tools-for-stm32.11.3.rel1.win32_1.1.100.202309141235/tools/bin/../lib/gcc/arm-none-eabi/11.3.1/../../../../arm-none-eabi/lib/thumb/v8-m.main+fp/hard\libc_nano.a(libc_a-init.o)
                0x00000000080036b8                __libc_init_array
 *(.glue_7)
 .glue_7        0x0000000008003700        0x0 linker stubs
 *(.glue_7t)
 .glue_7t       0x0000000008003700        0x0 linker stubs
 *(.eh_frame)
 .eh_frame      0x0000000008003700        0x0 C:/ST/STM32CubeIDE_1.14.0/STM32CubeIDE/plugins/com.st.stm32cube.ide.mcu.externaltools.gnu-tools-for-stm32.11.3.rel1.win32_1.1.100.202309141235/tools/bin/../lib/gcc/arm-none-eabi/11.3.1/thumb/v8-m.main+fp/hard/crtbegin.o
 *(.init)
 .init          0x0000000008003700        0x4 C:/ST/STM32CubeIDE_1.14.0/STM32CubeIDE/plugins/com.st.stm32cube.ide.mcu.externaltools.gnu-tools-for-stm32.11.3.rel1.win32_1.1.100.202309141235/tools/bin/../lib/gcc/arm-none-eabi/11.3.1/thumb/v8-m.main+fp/hard/crti.o
                0x0000000008003700                _init
 .init          0x0000000008003704        0x8 C:/ST/STM32CubeIDE_1.14.0/STM32CubeIDE/plugins/com.st.stm32cube.ide.mcu.externaltools.gnu-tools-for-stm32.11.3.rel1.win32_1.1.100.202309141235/tools/bin/../lib/gcc/arm-none-eabi/11.3.1/thumb/v8-m.main+fp/hard/crtn.o
 *(.fini)
 .fini          0x000000000800370c        0x4 C:/ST/STM32CubeIDE_1.14.0/STM32CubeIDE/plugins/com.st.stm32cube.ide.mcu.externaltools.gnu-tools-for-stm32.11.3.rel1.win32_1.1.100.202309141235/tools/bin/../lib/gcc/arm-none-eabi/11.3.1/thumb/v8-m.main+fp/hard/crti.o
                0x000000000800370c                _fini
 .fini          0x0000000008003710        0x8 C:/ST/STM32CubeIDE_1.14.0/STM32CubeIDE/plugins/com.st.stm32cube.ide.mcu.externaltools.gnu-tools-for-stm32.11.3.rel1.win32_1.1.100.202309141235/tools/bin/../lib/gcc/arm-none-eabi/11.3.1/thumb/v8-m.main+fp/hard/crtn.o
                0x0000000008003718                _etext = .

.vfp11_veneer   0x0000000008003718        0x0
 .vfp11_veneer  0x0000000008003718        0x0 linker stubs

.v4_bx          0x0000000008003718        0x0
 .v4_bx         0x0000000008003718        0x0 linker stubs

.iplt           0x0000000008003718        0x0
 .iplt          0x0000000008003718        0x0 C:/ST/STM32CubeIDE_1.14.0/STM32CubeIDE/plugins/com.st.stm32cube.ide.mcu.externaltools.gnu-tools-for-stm32.11.3.rel1.win32_1.1.100.202309141235/tools/bin/../lib/gcc/arm-none-eabi/11.3.1/thumb/v8-m.main+fp/hard/crtbegin.o

.rodata         0x0000000008003718       0xd0
 *(.rodata)
 *(.rodata*)
 .rodata.AHBPrescTable
                0x0000000008003718       0x10 ./Core/Src/system_stm32u5xx.o
                0x0000000008003718                AHBPrescTable
 .rodata.MSIRangeTable
                0x0000000008003728       0x40 ./Core/Src/system_stm32u5xx.o
                0x0000000008003728                MSIRangeTable
 .rodata.LPGPIO_Map
                0x0000000008003768       0x80 ./Drivers/STM32U5xx_HAL_Driver/Src/stm32u5xx_hal_gpio.o

.rel.dyn        0x00000000080037e8        0x0
 .rel.iplt      0x00000000080037e8        0x0 C:/ST/STM32CubeIDE_1.14.0/STM32CubeIDE/plugins/com.st.stm32cube.ide.mcu.externaltools.gnu-tools-for-stm32.11.3.rel1.win32_1.1.100.202309141235/tools/bin/../lib/gcc/arm-none-eabi/11.3.1/thumb/v8-m.main+fp/hard/crtbegin.o

.ARM.extab
 *(.ARM.extab* .gnu.linkonce.armextab.*)

.ARM            0x00000000080037e8        0x0
                0x00000000080037e8                __exidx_start = .
 *(.ARM.exidx*)
                0x00000000080037e8                __exidx_end = .

.preinit_array  0x00000000080037e8        0x0
                0x00000000080037e8                PROVIDE (__preinit_array_start = .)
 *(.preinit_array*)
                0x00000000080037e8                PROVIDE (__preinit_array_end = .)

.init_array     0x00000000080037e8        0x4
                0x00000000080037e8                PROVIDE (__init_array_start = .)
 *(SORT_BY_NAME(.init_array.*))
 *(.init_array*)
 .init_array    0x00000000080037e8        0x4 C:/ST/STM32CubeIDE_1.14.0/STM32CubeIDE/plugins/com.st.stm32cube.ide.mcu.externaltools.gnu-tools-for-stm32.11.3.rel1.win32_1.1.100.202309141235/tools/bin/../lib/gcc/arm-none-eabi/11.3.1/thumb/v8-m.main+fp/hard/crtbegin.o
                0x00000000080037ec                PROVIDE (__init_array_end = .)

.fini_array     0x00000000080037ec        0x4
                [!provide]                        PROVIDE (__fini_array_start = .)
 *(SORT_BY_NAME(.fini_array.*))
 *(.fini_array*)
 .fini_array    0x00000000080037ec        0x4 C:/ST/STM32CubeIDE_1.14.0/STM32CubeIDE/plugins/com.st.stm32cube.ide.mcu.externaltools.gnu-tools-for-stm32.11.3.rel1.win32_1.1.100.202309141235/tools/bin/../lib/gcc/arm-none-eabi/11.3.1/thumb/v8-m.main+fp/hard/crtbegin.o
                [!provide]                        PROVIDE (__fini_array_end = .)
                0x00000000080037f0                _sidata = LOADADDR (.data)

.data           0x0000000020000000        0x9 load address 0x00000000080037f0
                0x0000000020000000                _sdata = .
 *(.data)
 *(.data*)
 .data.SystemCoreClock
                0x0000000020000000        0x4 ./Core/Src/system_stm32u5xx.o
                0x0000000020000000                SystemCoreClock
 .data.uwTickPrio
                0x0000000020000004        0x4 ./Drivers/STM32U5xx_HAL_Driver/Src/stm32u5xx_hal.o
                0x0000000020000004                uwTickPrio
 .data.uwTickFreq
                0x0000000020000008        0x1 ./Drivers/STM32U5xx_HAL_Driver/Src/stm32u5xx_hal.o
                0x0000000020000008                uwTickFreq
 *(.RamFunc)
 *(.RamFunc*)
                0x0000000020000009                _edata = .

.igot.plt       0x000000002000000c        0x0 load address 0x00000000080037f9
 .igot.plt      0x000000002000000c        0x0 C:/ST/STM32CubeIDE_1.14.0/STM32CubeIDE/plugins/com.st.stm32cube.ide.mcu.externaltools.gnu-tools-for-stm32.11.3.rel1.win32_1.1.100.202309141235/tools/bin/../lib/gcc/arm-none-eabi/11.3.1/thumb/v8-m.main+fp/hard/crtbegin.o

.bss            0x000000002000000c       0x50 load address 0x00000000080037f9
                0x000000002000000c                _sbss = .
                0x000000002000000c                __bss_start__ = _sbss
 *(.bss)
 .bss           0x000000002000000c       0x1c C:/ST/STM32CubeIDE_1.14.0/STM32CubeIDE/plugins/com.st.stm32cube.ide.mcu.externaltools.gnu-tools-for-stm32.11.3.rel1.win32_1.1.100.202309141235/tools/bin/../lib/gcc/arm-none-eabi/11.3.1/thumb/v8-m.main+fp/hard/crtbegin.o
 *(.bss*)
 .bss.hrtc      0x0000000020000028       0x30 ./Core/Src/main.o
                0x0000000020000028                hrtc
 .bss.uwTick    0x0000000020000058        0x4 ./Drivers/STM32U5xx_HAL_Driver/Src/stm32u5xx_hal.o
                0x0000000020000058                uwTick
 *(COMMON)
                0x000000002000005c                _ebss = .
                0x000000002000005c                __bss_end__ = _ebss

._user_heap_stack
                0x000000002000005c      0x604 load address 0x00000000080037f9
                0x0000000020000060                . = ALIGN (0x8)
 *fill*         0x000000002000005c        0x4 
                [!provide]                        PROVIDE (end = .)
                0x0000000020000060                PROVIDE (_end = .)
                0x0000000020000260                . = (. + _Min_Heap_Size)
 *fill*         0x0000000020000060      0x200 
                0x0000000020000660                . = (. + _Min_Stack_Size)
 *fill*         0x0000000020000260      0x400 
                0x0000000020000660                . = ALIGN (0x8)

/DISCARD/
 libc.a(*)
 libm.a(*)
 libgcc.a(*)

.ARM.attributes
                0x0000000000000000       0x36
 *(.ARM.attributes)
 .ARM.attributes
                0x0000000000000000       0x22 C:/ST/STM32CubeIDE_1.14.0/STM32CubeIDE/plugins/com.st.stm32cube.ide.mcu.externaltools.gnu-tools-for-stm32.11.3.rel1.win32_1.1.100.202309141235/tools/bin/../lib/gcc/arm-none-eabi/11.3.1/thumb/v8-m.main+fp/hard/crti.o
 .ARM.attributes
                0x0000000000000022       0x38 C:/ST/STM32CubeIDE_1.14.0/STM32CubeIDE/plugins/com.st.stm32cube.ide.mcu.externaltools.gnu-tools-for-stm32.11.3.rel1.win32_1.1.100.202309141235/tools/bin/../lib/gcc/arm-none-eabi/11.3.1/thumb/v8-m.main+fp/hard/crtbegin.o
 .ARM.attributes
                0x000000000000005a       0x3a ./Core/Src/main.o
 .ARM.attributes
                0x0000000000000094       0x3a ./Core/Src/stm32u5xx_hal_msp.o
 .ARM.attributes
                0x00000000000000ce       0x3a ./Core/Src/stm32u5xx_it.o
 .ARM.attributes
                0x0000000000000108       0x3a ./Core/Src/system_stm32u5xx.o
 .ARM.attributes
                0x0000000000000142       0x24 ./Core/Startup/startup_stm32u575vitxq.o
 .ARM.attributes
                0x0000000000000166       0x3a ./Drivers/STM32U5xx_HAL_Driver/Src/stm32u5xx_hal.o
 .ARM.attributes
                0x00000000000001a0       0x3a ./Drivers/STM32U5xx_HAL_Driver/Src/stm32u5xx_hal_cortex.o
 .ARM.attributes
                0x00000000000001da       0x3a ./Drivers/STM32U5xx_HAL_Driver/Src/stm32u5xx_hal_gpio.o
 .ARM.attributes
                0x0000000000000214       0x3a ./Drivers/STM32U5xx_HAL_Driver/Src/stm32u5xx_hal_icache.o
 .ARM.attributes
                0x000000000000024e       0x3a ./Drivers/STM32U5xx_HAL_Driver/Src/stm32u5xx_hal_pwr.o
 .ARM.attributes
                0x0000000000000288       0x3a ./Drivers/STM32U5xx_HAL_Driver/Src/stm32u5xx_hal_pwr_ex.o
 .ARM.attributes
                0x00000000000002c2       0x3a ./Drivers/STM32U5xx_HAL_Driver/Src/stm32u5xx_hal_rcc.o
 .ARM.attributes
                0x00000000000002fc       0x3a ./Drivers/STM32U5xx_HAL_Driver/Src/stm32u5xx_hal_rcc_ex.o
 .ARM.attributes
                0x0000000000000336       0x3a ./Drivers/STM32U5xx_HAL_Driver/Src/stm32u5xx_hal_rtc.o
 .ARM.attributes
                0x0000000000000370       0x3a ./Drivers/STM32U5xx_HAL_Driver/Src/stm32u5xx_hal_rtc_ex.o
 .ARM.attributes
                0x00000000000003aa       0x38 C:/ST/STM32CubeIDE_1.14.0/STM32CubeIDE/plugins/com.st.stm32cube.ide.mcu.externaltools.gnu-tools-for-stm32.11.3.rel1.win32_1.1.100.202309141235/tools/bin/../lib/gcc/arm-none-eabi/11.3.1/../../../../arm-none-eabi/lib/thumb/v8-m.main+fp/hard\libc_nano.a(libc_a-memset.o)
 .ARM.attributes
                0x00000000000003e2       0x38 C:/ST/STM32CubeIDE_1.14.0/STM32CubeIDE/plugins/com.st.stm32cube.ide.mcu.externaltools.gnu-tools-for-stm32.11.3.rel1.win32_1.1.100.202309141235/tools/bin/../lib/gcc/arm-none-eabi/11.3.1/../../../../arm-none-eabi/lib/thumb/v8-m.main+fp/hard\libc_nano.a(libc_a-init.o)
 .ARM.attributes
                0x000000000000041a       0x22 C:/ST/STM32CubeIDE_1.14.0/STM32CubeIDE/plugins/com.st.stm32cube.ide.mcu.externaltools.gnu-tools-for-stm32.11.3.rel1.win32_1.1.100.202309141235/tools/bin/../lib/gcc/arm-none-eabi/11.3.1/thumb/v8-m.main+fp/hard/crtn.o
OUTPUT(02_stop_mode_2.elf elf32-littlearm)
LOAD linker stubs
LOAD C:/ST/STM32CubeIDE_1.14.0/STM32CubeIDE/plugins/com.st.stm32cube.ide.mcu.externaltools.gnu-tools-for-stm32.11.3.rel1.win32_1.1.100.202309141235/tools/bin/../lib/gcc/arm-none-eabi/11.3.1/../../../../arm-none-eabi/lib/thumb/v8-m.main+fp/hard\libc.a
LOAD C:/ST/STM32CubeIDE_1.14.0/STM32CubeIDE/plugins/com.st.stm32cube.ide.mcu.externaltools.gnu-tools-for-stm32.11.3.rel1.win32_1.1.100.202309141235/tools/bin/../lib/gcc/arm-none-eabi/11.3.1/../../../../arm-none-eabi/lib/thumb/v8-m.main+fp/hard\libm.a
LOAD C:/ST/STM32CubeIDE_1.14.0/STM32CubeIDE/plugins/com.st.stm32cube.ide.mcu.externaltools.gnu-tools-for-stm32.11.3.rel1.win32_1.1.100.202309141235/tools/bin/../lib/gcc/arm-none-eabi/11.3.1/thumb/v8-m.main+fp/hard\libgcc.a

.comment        0x0000000000000000       0x43
 .comment       0x0000000000000000       0x43 C:/ST/STM32CubeIDE_1.14.0/STM32CubeIDE/plugins/com.st.stm32cube.ide.mcu.externaltools.gnu-tools-for-stm32.11.3.rel1.win32_1.1.100.202309141235/tools/bin/../lib/gcc/arm-none-eabi/11.3.1/thumb/v8-m.main+fp/hard/crtbegin.o
                                         0x44 (size before relaxing)
 .comment       0x0000000000000043       0x44 ./Core/Src/main.o
 .comment       0x0000000000000043       0x44 ./Core/Src/stm32u5xx_hal_msp.o
 .comment       0x0000000000000043       0x44 ./Core/Src/stm32u5xx_it.o
 .comment       0x0000000000000043       0x44 ./Core/Src/system_stm32u5xx.o
 .comment       0x0000000000000043       0x44 ./Drivers/STM32U5xx_HAL_Driver/Src/stm32u5xx_hal.o
 .comment       0x0000000000000043       0x44 ./Drivers/STM32U5xx_HAL_Driver/Src/stm32u5xx_hal_cortex.o
 .comment       0x0000000000000043       0x44 ./Drivers/STM32U5xx_HAL_Driver/Src/stm32u5xx_hal_gpio.o
 .comment       0x0000000000000043       0x44 ./Drivers/STM32U5xx_HAL_Driver/Src/stm32u5xx_hal_icache.o
 .comment       0x0000000000000043       0x44 ./Drivers/STM32U5xx_HAL_Driver/Src/stm32u5xx_hal_pwr.o
 .comment       0x0000000000000043       0x44 ./Drivers/STM32U5xx_HAL_Driver/Src/stm32u5xx_hal_pwr_ex.o
 .comment       0x0000000000000043       0x44 ./Drivers/STM32U5xx_HAL_Driver/Src/stm32u5xx_hal_rcc.o
 .comment       0x0000000000000043       0x44 ./Drivers/STM32U5xx_HAL_Driver/Src/stm32u5xx_hal_rcc_ex.o
 .comment       0x0000000000000043       0x44 ./Drivers/STM32U5xx_HAL_Driver/Src/stm32u5xx_hal_rtc.o
 .comment       0x0000000000000043       0x44 ./Drivers/STM32U5xx_HAL_Driver/Src/stm32u5xx_hal_rtc_ex.o

.debug_info     0x0000000000000000     0xc6cb
 .debug_info    0x0000000000000000      0xd22 ./Core/Src/main.o
 .debug_info    0x0000000000000d22      0xe6a ./Core/Src/stm32u5xx_hal_msp.o
 .debug_info    0x0000000000001b8c      0x413 ./Core/Src/stm32u5xx_it.o
 .debug_info    0x0000000000001f9f      0x929 ./Core/Src/system_stm32u5xx.o
 .debug_info    0x00000000000028c8       0x23 ./Core/Startup/startup_stm32u575vitxq.o
 .debug_info    0x00000000000028eb     0x11ab ./Drivers/STM32U5xx_HAL_Driver/Src/stm32u5xx_hal.o
 .debug_info    0x0000000000003a96     0x15e0 ./Drivers/STM32U5xx_HAL_Driver/Src/stm32u5xx_hal_cortex.o
 .debug_info    0x0000000000005076      0x859 ./Drivers/STM32U5xx_HAL_Driver/Src/stm32u5xx_hal_gpio.o
 .debug_info    0x00000000000058cf      0x53a ./Drivers/STM32U5xx_HAL_Driver/Src/stm32u5xx_hal_icache.o
 .debug_info    0x0000000000005e09      0xa5e ./Drivers/STM32U5xx_HAL_Driver/Src/stm32u5xx_hal_pwr.o
 .debug_info    0x0000000000006867      0xe3e ./Drivers/STM32U5xx_HAL_Driver/Src/stm32u5xx_hal_pwr_ex.o
 .debug_info    0x00000000000076a5     0x11f0 ./Drivers/STM32U5xx_HAL_Driver/Src/stm32u5xx_hal_rcc.o
 .debug_info    0x0000000000008895     0x157f ./Drivers/STM32U5xx_HAL_Driver/Src/stm32u5xx_hal_rcc_ex.o
 .debug_info    0x0000000000009e14      0xe18 ./Drivers/STM32U5xx_HAL_Driver/Src/stm32u5xx_hal_rtc.o
 .debug_info    0x000000000000ac2c     0x1a9f ./Drivers/STM32U5xx_HAL_Driver/Src/stm32u5xx_hal_rtc_ex.o

.debug_abbrev   0x0000000000000000     0x1ef5
 .debug_abbrev  0x0000000000000000      0x2c2 ./Core/Src/main.o
 .debug_abbrev  0x00000000000002c2      0x1bd ./Core/Src/stm32u5xx_hal_msp.o
 .debug_abbrev  0x000000000000047f      0x15c ./Core/Src/stm32u5xx_it.o
 .debug_abbrev  0x00000000000005db      0x129 ./Core/Src/system_stm32u5xx.o
 .debug_abbrev  0x0000000000000704       0x12 ./Core/Startup/startup_stm32u575vitxq.o
 .debug_abbrev  0x0000000000000716      0x292 ./Drivers/STM32U5xx_HAL_Driver/Src/stm32u5xx_hal.o
 .debug_abbrev  0x00000000000009a8      0x30d ./Drivers/STM32U5xx_HAL_Driver/Src/stm32u5xx_hal_cortex.o
 .debug_abbrev  0x0000000000000cb5      0x25a ./Drivers/STM32U5xx_HAL_Driver/Src/stm32u5xx_hal_gpio.o
 .debug_abbrev  0x0000000000000f0f      0x23b ./Drivers/STM32U5xx_HAL_Driver/Src/stm32u5xx_hal_icache.o
 .debug_abbrev  0x000000000000114a      0x235 ./Drivers/STM32U5xx_HAL_Driver/Src/stm32u5xx_hal_pwr.o
 .debug_abbrev  0x000000000000137f      0x215 ./Drivers/STM32U5xx_HAL_Driver/Src/stm32u5xx_hal_pwr_ex.o
 .debug_abbrev  0x0000000000001594      0x2cb ./Drivers/STM32U5xx_HAL_Driver/Src/stm32u5xx_hal_rcc.o
 .debug_abbrev  0x000000000000185f      0x23d ./Drivers/STM32U5xx_HAL_Driver/Src/stm32u5xx_hal_rcc_ex.o
 .debug_abbrev  0x0000000000001a9c      0x206 ./Drivers/STM32U5xx_HAL_Driver/Src/stm32u5xx_hal_rtc.o
 .debug_abbrev  0x0000000000001ca2      0x253 ./Drivers/STM32U5xx_HAL_Driver/Src/stm32u5xx_hal_rtc_ex.o

.debug_aranges  0x0000000000000000      0xce0
 .debug_aranges
                0x0000000000000000       0x50 ./Core/Src/main.o
 .debug_aranges
                0x0000000000000050       0x30 ./Core/Src/stm32u5xx_hal_msp.o
 .debug_aranges
                0x0000000000000080       0x68 ./Core/Src/stm32u5xx_it.o
 .debug_aranges
                0x00000000000000e8       0x28 ./Core/Src/system_stm32u5xx.o
 .debug_aranges
                0x0000000000000110       0x28 ./Core/Startup/startup_stm32u575vitxq.o
 .debug_aranges
                0x0000000000000138      0x138 ./Drivers/STM32U5xx_HAL_Driver/Src/stm32u5xx_hal.o
 .debug_aranges
                0x0000000000000270      0x130 ./Drivers/STM32U5xx_HAL_Driver/Src/stm32u5xx_hal_cortex.o
 .debug_aranges
                0x00000000000003a0       0x78 ./Drivers/STM32U5xx_HAL_Driver/Src/stm32u5xx_hal_gpio.o
 .debug_aranges
                0x0000000000000418       0xa8 ./Drivers/STM32U5xx_HAL_Driver/Src/stm32u5xx_hal_icache.o
 .debug_aranges
                0x00000000000004c0       0xb0 ./Drivers/STM32U5xx_HAL_Driver/Src/stm32u5xx_hal_pwr.o
 .debug_aranges
                0x0000000000000570      0x200 ./Drivers/STM32U5xx_HAL_Driver/Src/stm32u5xx_hal_pwr_ex.o
 .debug_aranges
                0x0000000000000770       0xa8 ./Drivers/STM32U5xx_HAL_Driver/Src/stm32u5xx_hal_rcc.o
 .debug_aranges
                0x0000000000000818      0x160 ./Drivers/STM32U5xx_HAL_Driver/Src/stm32u5xx_hal_rcc_ex.o
 .debug_aranges
                0x0000000000000978       0xe8 ./Drivers/STM32U5xx_HAL_Driver/Src/stm32u5xx_hal_rtc.o
 .debug_aranges
                0x0000000000000a60      0x280 ./Drivers/STM32U5xx_HAL_Driver/Src/stm32u5xx_hal_rtc_ex.o

.debug_rnglists
                0x0000000000000000      0x9a5
 .debug_rnglists
                0x0000000000000000       0x3a ./Core/Src/main.o
 .debug_rnglists
                0x000000000000003a       0x20 ./Core/Src/stm32u5xx_hal_msp.o
 .debug_rnglists
                0x000000000000005a       0x49 ./Core/Src/stm32u5xx_it.o
 .debug_rnglists
                0x00000000000000a3       0x1a ./Core/Src/system_stm32u5xx.o
 .debug_rnglists
                0x00000000000000bd       0x19 ./Core/Startup/startup_stm32u575vitxq.o
 .debug_rnglists
                0x00000000000000d6       0xe6 ./Drivers/STM32U5xx_HAL_Driver/Src/stm32u5xx_hal.o
 .debug_rnglists
                0x00000000000001bc       0xe0 ./Drivers/STM32U5xx_HAL_Driver/Src/stm32u5xx_hal_cortex.o
 .debug_rnglists
                0x000000000000029c       0x5a ./Drivers/STM32U5xx_HAL_Driver/Src/stm32u5xx_hal_gpio.o
 .debug_rnglists
                0x00000000000002f6       0x7a ./Drivers/STM32U5xx_HAL_Driver/Src/stm32u5xx_hal_icache.o
 .debug_rnglists
                0x0000000000000370       0x80 ./Drivers/STM32U5xx_HAL_Driver/Src/stm32u5xx_hal_pwr.o
 .debug_rnglists
                0x00000000000003f0      0x186 ./Drivers/STM32U5xx_HAL_Driver/Src/stm32u5xx_hal_pwr_ex.o
 .debug_rnglists
                0x0000000000000576       0x7f ./Drivers/STM32U5xx_HAL_Driver/Src/stm32u5xx_hal_rcc.o
 .debug_rnglists
                0x00000000000005f5      0x113 ./Drivers/STM32U5xx_HAL_Driver/Src/stm32u5xx_hal_rcc_ex.o
 .debug_rnglists
                0x0000000000000708       0xb3 ./Drivers/STM32U5xx_HAL_Driver/Src/stm32u5xx_hal_rtc.o
 .debug_rnglists
                0x00000000000007bb      0x1ea ./Drivers/STM32U5xx_HAL_Driver/Src/stm32u5xx_hal_rtc_ex.o

.debug_macro    0x0000000000000000    0x30bf1
 .debug_macro   0x0000000000000000      0x283 ./Core/Src/main.o
 .debug_macro   0x0000000000000283      0xaae ./Core/Src/main.o
 .debug_macro   0x0000000000000d31      0x1e6 ./Core/Src/main.o
 .debug_macro   0x0000000000000f17       0x2e ./Core/Src/main.o
 .debug_macro   0x0000000000000f45       0x42 ./Core/Src/main.o
 .debug_macro   0x0000000000000f87       0x22 ./Core/Src/main.o
 .debug_macro   0x0000000000000fa9       0x8e ./Core/Src/main.o
 .debug_macro   0x0000000000001037       0x51 ./Core/Src/main.o
 .debug_macro   0x0000000000001088      0x103 ./Core/Src/main.o
 .debug_macro   0x000000000000118b       0x6a ./Core/Src/main.o
 .debug_macro   0x00000000000011f5      0x1df ./Core/Src/main.o
 .debug_macro   0x00000000000013d4       0x1c ./Core/Src/main.o
 .debug_macro   0x00000000000013f0       0x29 ./Core/Src/main.o
 .debug_macro   0x0000000000001419       0xfb ./Core/Src/main.o
 .debug_macro   0x0000000000001514     0x1685 ./Core/Src/main.o
 .debug_macro   0x0000000000002b99       0x5e ./Core/Src/main.o
 .debug_macro   0x0000000000002bf7    0x223ac ./Core/Src/main.o
 .debug_macro   0x0000000000024fa3       0x6d ./Core/Src/main.o
 .debug_macro   0x0000000000025010     0x385e ./Core/Src/main.o
 .debug_macro   0x000000000002886e      0x174 ./Core/Src/main.o
 .debug_macro   0x00000000000289e2       0x61 ./Core/Src/main.o
 .debug_macro   0x0000000000028a43       0x2a ./Core/Src/main.o
 .debug_macro   0x0000000000028a6d       0x43 ./Core/Src/main.o
 .debug_macro   0x0000000000028ab0       0x34 ./Core/Src/main.o
 .debug_macro   0x0000000000028ae4       0x16 ./Core/Src/main.o
 .debug_macro   0x0000000000028afa       0x43 ./Core/Src/main.o
 .debug_macro   0x0000000000028b3d       0x34 ./Core/Src/main.o
 .debug_macro   0x0000000000028b71       0x10 ./Core/Src/main.o
 .debug_macro   0x0000000000028b81       0x58 ./Core/Src/main.o
 .debug_macro   0x0000000000028bd9       0x8e ./Core/Src/main.o
 .debug_macro   0x0000000000028c67       0x1c ./Core/Src/main.o
 .debug_macro   0x0000000000028c83      0x177 ./Core/Src/main.o
 .debug_macro   0x0000000000028dfa      0x369 ./Core/Src/main.o
 .debug_macro   0x0000000000029163      0x19b ./Core/Src/main.o
 .debug_macro   0x00000000000292fe       0x5d ./Core/Src/main.o
 .debug_macro   0x000000000002935b     0x1ae5 ./Core/Src/main.o
 .debug_macro   0x000000000002ae40      0x7dc ./Core/Src/main.o
 .debug_macro   0x000000000002b61c      0x15f ./Core/Src/main.o
 .debug_macro   0x000000000002b77b      0x2aa ./Core/Src/main.o
 .debug_macro   0x000000000002ba25       0xc8 ./Core/Src/main.o
 .debug_macro   0x000000000002baed      0x5a5 ./Core/Src/main.o
 .debug_macro   0x000000000002c092      0x439 ./Core/Src/main.o
 .debug_macro   0x000000000002c4cb       0xd6 ./Core/Src/main.o
 .debug_macro   0x000000000002c5a1      0x1cd ./Core/Src/main.o
 .debug_macro   0x000000000002c76e      0x432 ./Core/Src/main.o
 .debug_macro   0x000000000002cba0       0x95 ./Core/Src/main.o
 .debug_macro   0x000000000002cc35      0x11c ./Core/Src/main.o
 .debug_macro   0x000000000002cd51      0x517 ./Core/Src/main.o
 .debug_macro   0x000000000002d268      0x4bf ./Core/Src/main.o
 .debug_macro   0x000000000002d727      0x321 ./Core/Src/main.o
 .debug_macro   0x000000000002da48      0x916 ./Core/Src/main.o
 .debug_macro   0x000000000002e35e       0xe4 ./Core/Src/main.o
 .debug_macro   0x000000000002e442      0x1c0 ./Core/Src/main.o
 .debug_macro   0x000000000002e602      0x361 ./Core/Src/main.o
 .debug_macro   0x000000000002e963       0x10 ./Core/Src/main.o
 .debug_macro   0x000000000002e973      0x277 ./Core/Src/stm32u5xx_hal_msp.o
 .debug_macro   0x000000000002ebea      0x281 ./Core/Src/stm32u5xx_it.o
 .debug_macro   0x000000000002ee6b      0x26f ./Core/Src/system_stm32u5xx.o
 .debug_macro   0x000000000002f0da      0x28c ./Drivers/STM32U5xx_HAL_Driver/Src/stm32u5xx_hal.o
 .debug_macro   0x000000000002f366      0x268 ./Drivers/STM32U5xx_HAL_Driver/Src/stm32u5xx_hal_cortex.o
 .debug_macro   0x000000000002f5ce      0x29d ./Drivers/STM32U5xx_HAL_Driver/Src/stm32u5xx_hal_gpio.o
 .debug_macro   0x000000000002f86b      0x298 ./Drivers/STM32U5xx_HAL_Driver/Src/stm32u5xx_hal_icache.o
 .debug_macro   0x000000000002fb03      0x284 ./Drivers/STM32U5xx_HAL_Driver/Src/stm32u5xx_hal_pwr.o
 .debug_macro   0x000000000002fd87      0x293 ./Drivers/STM32U5xx_HAL_Driver/Src/stm32u5xx_hal_pwr_ex.o
 .debug_macro   0x000000000003001a      0x36e ./Drivers/STM32U5xx_HAL_Driver/Src/stm32u5xx_hal_rcc.o
 .debug_macro   0x0000000000030388      0x392 ./Drivers/STM32U5xx_HAL_Driver/Src/stm32u5xx_hal_rcc_ex.o
 .debug_macro   0x000000000003071a      0x269 ./Drivers/STM32U5xx_HAL_Driver/Src/stm32u5xx_hal_rtc.o
 .debug_macro   0x0000000000030983      0x26e ./Drivers/STM32U5xx_HAL_Driver/Src/stm32u5xx_hal_rtc_ex.o

.debug_line     0x0000000000000000     0xdacf
 .debug_line    0x0000000000000000      0x9bc ./Core/Src/main.o
 .debug_line    0x00000000000009bc      0x8be ./Core/Src/stm32u5xx_hal_msp.o
 .debug_line    0x000000000000127a      0x946 ./Core/Src/stm32u5xx_it.o
 .debug_line    0x0000000000001bc0      0x964 ./Core/Src/system_stm32u5xx.o
 .debug_line    0x0000000000002524       0x79 ./Core/Startup/startup_stm32u575vitxq.o
 .debug_line    0x000000000000259d      0xc76 ./Drivers/STM32U5xx_HAL_Driver/Src/stm32u5xx_hal.o
 .debug_line    0x0000000000003213      0xe9a ./Drivers/STM32U5xx_HAL_Driver/Src/stm32u5xx_hal_cortex.o
 .debug_line    0x00000000000040ad      0xddc ./Drivers/STM32U5xx_HAL_Driver/Src/stm32u5xx_hal_gpio.o
 .debug_line    0x0000000000004e89      0xb56 ./Drivers/STM32U5xx_HAL_Driver/Src/stm32u5xx_hal_icache.o
 .debug_line    0x00000000000059df      0xaf6 ./Drivers/STM32U5xx_HAL_Driver/Src/stm32u5xx_hal_pwr.o
 .debug_line    0x00000000000064d5     0x11e5 ./Drivers/STM32U5xx_HAL_Driver/Src/stm32u5xx_hal_pwr_ex.o
 .debug_line    0x00000000000076ba     0x15aa ./Drivers/STM32U5xx_HAL_Driver/Src/stm32u5xx_hal_rcc.o
 .debug_line    0x0000000000008c64     0x2322 ./Drivers/STM32U5xx_HAL_Driver/Src/stm32u5xx_hal_rcc_ex.o
 .debug_line    0x000000000000af86     0x10e0 ./Drivers/STM32U5xx_HAL_Driver/Src/stm32u5xx_hal_rtc.o
 .debug_line    0x000000000000c066     0x1a69 ./Drivers/STM32U5xx_HAL_Driver/Src/stm32u5xx_hal_rtc_ex.o

.debug_str      0x0000000000000000   0x132eb2
 .debug_str     0x0000000000000000   0x12b973 ./Core/Src/main.o
                                     0x12c45c (size before relaxing)
 .debug_str     0x000000000012b973      0xa95 ./Core/Src/stm32u5xx_hal_msp.o
                                     0x12ca51 (size before relaxing)
 .debug_str     0x000000000012c408       0xf8 ./Core/Src/stm32u5xx_it.o
                                     0x12be04 (size before relaxing)
 .debug_str     0x000000000012c500      0x1c4 ./Core/Src/system_stm32u5xx.o
                                     0x12bef3 (size before relaxing)
 .debug_str     0x000000000012c6c4       0x35 ./Core/Startup/startup_stm32u575vitxq.o
                                         0x65 (size before relaxing)
 .debug_str     0x000000000012c6f9      0x74e ./Drivers/STM32U5xx_HAL_Driver/Src/stm32u5xx_hal.o
                                     0x12ccc3 (size before relaxing)
 .debug_str     0x000000000012ce47      0x3a4 ./Drivers/STM32U5xx_HAL_Driver/Src/stm32u5xx_hal_cortex.o
                                     0x12cad4 (size before relaxing)
 .debug_str     0x000000000012d1eb      0x2fb ./Drivers/STM32U5xx_HAL_Driver/Src/stm32u5xx_hal_gpio.o
                                     0x12bf18 (size before relaxing)
 .debug_str     0x000000000012d4e6      0x68a ./Drivers/STM32U5xx_HAL_Driver/Src/stm32u5xx_hal_icache.o
                                     0x12c236 (size before relaxing)
 .debug_str     0x000000000012db70      0x356 ./Drivers/STM32U5xx_HAL_Driver/Src/stm32u5xx_hal_pwr.o
                                     0x12c087 (size before relaxing)
 .debug_str     0x000000000012dec6      0x728 ./Drivers/STM32U5xx_HAL_Driver/Src/stm32u5xx_hal_pwr_ex.o
                                     0x12c633 (size before relaxing)
 .debug_str     0x000000000012e5ee     0x12ea ./Drivers/STM32U5xx_HAL_Driver/Src/stm32u5xx_hal_rcc.o
                                     0x12d5e8 (size before relaxing)
 .debug_str     0x000000000012f8d8     0x2540 ./Drivers/STM32U5xx_HAL_Driver/Src/stm32u5xx_hal_rcc_ex.o
                                     0x12e84b (size before relaxing)
 .debug_str     0x0000000000131e18      0x471 ./Drivers/STM32U5xx_HAL_Driver/Src/stm32u5xx_hal_rtc.o
                                     0x12c22a (size before relaxing)
 .debug_str     0x0000000000132289      0xc29 ./Drivers/STM32U5xx_HAL_Driver/Src/stm32u5xx_hal_rtc_ex.o
                                     0x12cd08 (size before relaxing)

.debug_frame    0x0000000000000000     0x34c0
 .debug_frame   0x0000000000000000       0xf8 ./Core/Src/main.o
 .debug_frame   0x00000000000000f8       0x84 ./Core/Src/stm32u5xx_hal_msp.o
 .debug_frame   0x000000000000017c      0x120 ./Core/Src/stm32u5xx_it.o
 .debug_frame   0x000000000000029c       0x58 ./Core/Src/system_stm32u5xx.o
 .debug_frame   0x00000000000002f4      0x4c0 ./Drivers/STM32U5xx_HAL_Driver/Src/stm32u5xx_hal.o
 .debug_frame   0x00000000000007b4      0x508 ./Drivers/STM32U5xx_HAL_Driver/Src/stm32u5xx_hal_cortex.o
 .debug_frame   0x0000000000000cbc      0x1ec ./Drivers/STM32U5xx_HAL_Driver/Src/stm32u5xx_hal_gpio.o
 .debug_frame   0x0000000000000ea8      0x29c ./Drivers/STM32U5xx_HAL_Driver/Src/stm32u5xx_hal_icache.o
 .debug_frame   0x0000000000001144      0x2ac ./Drivers/STM32U5xx_HAL_Driver/Src/stm32u5xx_hal_pwr.o
 .debug_frame   0x00000000000013f0      0x84c ./Drivers/STM32U5xx_HAL_Driver/Src/stm32u5xx_hal_pwr_ex.o
 .debug_frame   0x0000000000001c3c      0x28c ./Drivers/STM32U5xx_HAL_Driver/Src/stm32u5xx_hal_rcc.o
 .debug_frame   0x0000000000001ec8      0x5f0 ./Drivers/STM32U5xx_HAL_Driver/Src/stm32u5xx_hal_rcc_ex.o
 .debug_frame   0x00000000000024b8      0x3f8 ./Drivers/STM32U5xx_HAL_Driver/Src/stm32u5xx_hal_rtc.o
 .debug_frame   0x00000000000028b0      0xbc4 ./Drivers/STM32U5xx_HAL_Driver/Src/stm32u5xx_hal_rtc_ex.o
 .debug_frame   0x0000000000003474       0x20 C:/ST/STM32CubeIDE_1.14.0/STM32CubeIDE/plugins/com.st.stm32cube.ide.mcu.externaltools.gnu-tools-for-stm32.11.3.rel1.win32_1.1.100.202309141235/tools/bin/../lib/gcc/arm-none-eabi/11.3.1/../../../../arm-none-eabi/lib/thumb/v8-m.main+fp/hard\libc_nano.a(libc_a-memset.o)
 .debug_frame   0x0000000000003494       0x2c C:/ST/STM32CubeIDE_1.14.0/STM32CubeIDE/plugins/com.st.stm32cube.ide.mcu.externaltools.gnu-tools-for-stm32.11.3.rel1.win32_1.1.100.202309141235/tools/bin/../lib/gcc/arm-none-eabi/11.3.1/../../../../arm-none-eabi/lib/thumb/v8-m.main+fp/hard\libc_nano.a(libc_a-init.o)

.debug_line_str
                0x0000000000000000       0x59
 .debug_line_str
                0x0000000000000000       0x59 ./Core/Startup/startup_stm32u575vitxq.o
                                         0x72 (size before relaxing)
